Archive member included because of file (symbol)

c:/program files (x86)/atmel/studio/7.0/toolchain/arm/arm-gnu-toolchain/bin/../lib/gcc/arm-none-eabi/4.9.3/armv7-m\libgcc.a(_arm_fixunsdfsi.o)
                              src/uart_SR.o (__aeabi_d2uiz)
c:/program files (x86)/atmel/studio/7.0/toolchain/arm/arm-gnu-toolchain/bin/../lib/gcc/arm-none-eabi/4.9.3/armv7-m\libgcc.a(_arm_truncdfsf2.o)
                              src/uart_SR.o (__aeabi_d2f)
c:/program files (x86)/atmel/studio/7.0/toolchain/arm/arm-gnu-toolchain/bin/../lib/gcc/arm-none-eabi/4.9.3/armv7-m\libgcc.a(_arm_addsubsf3.o)
                              src/task_reg.o (__aeabi_fadd)
c:/program files (x86)/atmel/studio/7.0/toolchain/arm/arm-gnu-toolchain/bin/../lib/gcc/arm-none-eabi/4.9.3/armv7-m\libgcc.a(_arm_muldivsf3.o)
                              src/task_reg.o (__aeabi_fmul)
c:/program files (x86)/atmel/studio/7.0/toolchain/arm/arm-gnu-toolchain/bin/../lib/gcc/arm-none-eabi/4.9.3/armv7-m\libgcc.a(_arm_cmpsf2.o)
                              src/task_reg.o (__aeabi_fcmplt)
c:/program files (x86)/atmel/studio/7.0/toolchain/arm/arm-gnu-toolchain/bin/../lib/gcc/arm-none-eabi/4.9.3/armv7-m\libgcc.a(_arm_fixunssfsi.o)
                              src/task_reg.o (__aeabi_f2uiz)
c:/program files (x86)/atmel/studio/7.0/toolchain/arm/arm-gnu-toolchain/bin/../lib/gcc/arm-none-eabi/4.9.3/../../../../arm-none-eabi/lib/armv7-m\libc.a(lib_a-atof.o)
                              src/uart_SR.o (atof)
c:/program files (x86)/atmel/studio/7.0/toolchain/arm/arm-gnu-toolchain/bin/../lib/gcc/arm-none-eabi/4.9.3/../../../../arm-none-eabi/lib/armv7-m\libc.a(lib_a-atoi.o)
                              src/uart_SR.o (atoi)
c:/program files (x86)/atmel/studio/7.0/toolchain/arm/arm-gnu-toolchain/bin/../lib/gcc/arm-none-eabi/4.9.3/../../../../arm-none-eabi/lib/armv7-m\libc.a(lib_a-exit.o)
                              c:/program files (x86)/atmel/studio/7.0/toolchain/arm/arm-gnu-toolchain/bin/../lib/gcc/arm-none-eabi/4.9.3/../../../../arm-none-eabi/lib/armv7-m/crt0.o (exit)
c:/program files (x86)/atmel/studio/7.0/toolchain/arm/arm-gnu-toolchain/bin/../lib/gcc/arm-none-eabi/4.9.3/../../../../arm-none-eabi/lib/armv7-m\libc.a(lib_a-gets.o)
                              src/uart_SR.o (gets)
c:/program files (x86)/atmel/studio/7.0/toolchain/arm/arm-gnu-toolchain/bin/../lib/gcc/arm-none-eabi/4.9.3/../../../../arm-none-eabi/lib/armv7-m\libc.a(lib_a-impure.o)
                              c:/program files (x86)/atmel/studio/7.0/toolchain/arm/arm-gnu-toolchain/bin/../lib/gcc/arm-none-eabi/4.9.3/../../../../arm-none-eabi/lib/armv7-m\libc.a(lib_a-exit.o) (_global_impure_ptr)
c:/program files (x86)/atmel/studio/7.0/toolchain/arm/arm-gnu-toolchain/bin/../lib/gcc/arm-none-eabi/4.9.3/../../../../arm-none-eabi/lib/armv7-m\libc.a(lib_a-init.o)
                              c:/program files (x86)/atmel/studio/7.0/toolchain/arm/arm-gnu-toolchain/bin/../lib/gcc/arm-none-eabi/4.9.3/../../../../arm-none-eabi/lib/armv7-m/crt0.o (__libc_init_array)
c:/program files (x86)/atmel/studio/7.0/toolchain/arm/arm-gnu-toolchain/bin/../lib/gcc/arm-none-eabi/4.9.3/../../../../arm-none-eabi/lib/armv7-m\libc.a(lib_a-iprintf.o)
                              src/task_com.o (iprintf)
c:/program files (x86)/atmel/studio/7.0/toolchain/arm/arm-gnu-toolchain/bin/../lib/gcc/arm-none-eabi/4.9.3/../../../../arm-none-eabi/lib/armv7-m\libc.a(lib_a-itoa.o)
                              src/task_com.o (itoa)
c:/program files (x86)/atmel/studio/7.0/toolchain/arm/arm-gnu-toolchain/bin/../lib/gcc/arm-none-eabi/4.9.3/../../../../arm-none-eabi/lib/armv7-m\libc.a(lib_a-memcpy.o)
                              src/ASF/thirdparty/freertos/freertos-7.3.0/source/queue.o (memcpy)
c:/program files (x86)/atmel/studio/7.0/toolchain/arm/arm-gnu-toolchain/bin/../lib/gcc/arm-none-eabi/4.9.3/../../../../arm-none-eabi/lib/armv7-m\libc.a(lib_a-memset.o)
                              c:/program files (x86)/atmel/studio/7.0/toolchain/arm/arm-gnu-toolchain/bin/../lib/gcc/arm-none-eabi/4.9.3/../../../../arm-none-eabi/lib/armv7-m/crt0.o (memset)
c:/program files (x86)/atmel/studio/7.0/toolchain/arm/arm-gnu-toolchain/bin/../lib/gcc/arm-none-eabi/4.9.3/../../../../arm-none-eabi/lib/armv7-m\libc.a(lib_a-puts.o)
                              src/ASF/sam/drivers/adc/adc.o (puts)
c:/program files (x86)/atmel/studio/7.0/toolchain/arm/arm-gnu-toolchain/bin/../lib/gcc/arm-none-eabi/4.9.3/../../../../arm-none-eabi/lib/armv7-m\libc.a(lib_a-rget.o)
                              c:/program files (x86)/atmel/studio/7.0/toolchain/arm/arm-gnu-toolchain/bin/../lib/gcc/arm-none-eabi/4.9.3/../../../../arm-none-eabi/lib/armv7-m\libc.a(lib_a-gets.o) (__srget_r)
c:/program files (x86)/atmel/studio/7.0/toolchain/arm/arm-gnu-toolchain/bin/../lib/gcc/arm-none-eabi/4.9.3/../../../../arm-none-eabi/lib/armv7-m\libc.a(lib_a-setbuf.o)
                              src/ASF/thirdparty/wireless/addons/sio2host/uart/sio2host.o (setbuf)
[...]
Memory Configuration

Name             Origin             Length             Attributes
rom              0x00080000         0x00080000         xr
sram0            0x20000000         0x00010000         xrw
sram1            0x20080000         0x00008000         xrw
ram              0x20070000         0x00018000         xrw
*default*        0x00000000         0xffffffff

Linker script and memory map

LOAD c:/program files (x86)/atmel/studio/7.0/toolchain/arm/arm-gnu-toolchain/bin/../lib/gcc/arm-none-eabi/4.9.3/armv7-m/crti.o
LOAD c:/program files (x86)/atmel/studio/7.0/toolchain/arm/arm-gnu-toolchain/bin/../lib/gcc/arm-none-eabi/4.9.3/armv7-m/crtbegin.o
LOAD c:/program files (x86)/atmel/studio/7.0/toolchain/arm/arm-gnu-toolchain/bin/../lib/gcc/arm-none-eabi/4.9.3/../../../../arm-none-eabi/lib/armv7-m/crt0.o
LOAD src/adc_io.o
LOAD src/ASF/common/utils/stdio/read.o
LOAD src/ASF/thirdparty/freertos/freertos-7.3.0/source/FreeRTOS_CLI.o
LOAD src/ASF/thirdparty/wireless/addons/sio2host/uart/sio2host.o
LOAD src/pwm_io.o
LOAD src/task_com.o
LOAD src/task_reg.o
LOAD src/uart_SR.o
LOAD src/ASF/thirdparty/freertos/freertos-7.3.0/source/list.o
LOAD src/ASF/thirdparty/freertos/freertos-7.3.0/source/portable/gcc/sam/port.o
LOAD src/ASF/thirdparty/freertos/freertos-7.3.0/source/portable/memmang/heap_4.o
LOAD src/ASF/thirdparty/freertos/freertos-7.3.0/source/queue.o
LOAD src/ASF/thirdparty/freertos/freertos-7.3.0/source/tasks.o
LOAD src/ASF/thirdparty/freertos/freertos-7.3.0/source/timers.o
LOAD src/ASF/common/utils/stdio/write.o
LOAD src/ASF/sam/drivers/adc/adc.o
LOAD src/ASF/sam/drivers/usart/usart.o
LOAD src/ASF/sam/drivers/adc/adc_sam3u.o
LOAD src/ASF/common/services/serial/usart_serial.o
LOAD src/ASF/sam/drivers/pwm/pwm.o
LOAD src/ASF/sam/drivers/tc/tc.o
LOAD src/ASF/sam/drivers/uart/uart.o
LOAD src/ASF/common/services/clock/sam3x/sysclk.o
LOAD src/ASF/common/utils/interrupt/interrupt_sam_nvic.o
LOAD src/ASF/sam/boards/arduino_due_x/init.o
LOAD src/ASF/sam/drivers/pio/pio.o
LOAD src/ASF/sam/drivers/pio/pio_handler.o
LOAD src/ASF/sam/drivers/pmc/pmc.o
LOAD src/ASF/sam/drivers/pmc/sleep.o
LOAD src/ASF/sam/utils/cmsis/sam3x/source/templates/exceptions.o
LOAD src/ASF/sam/utils/cmsis/sam3x/source/templates/gcc/startup_sam3x.o
LOAD src/ASF/sam/utils/cmsis/sam3x/source/templates/system_sam3x.o
LOAD src/ASF/sam/utils/syscalls/gcc/syscalls.o
LOAD src/main.o
START GROUP
LOAD ../src/ASF/thirdparty/CMSIS/Lib/GCC\libarm_cortexM3l_math.a
LOAD c:/program files (x86)/atmel/studio/7.0/toolchain/arm/arm-gnu-toolchain/bin/../lib/gcc/arm-none-eabi/4.9.3/../../../../arm-none-eabi/lib/armv7-m\libm.a
END GROUP
START GROUP
LOAD c:/program files (x86)/atmel/studio/7.0/toolchain/arm/arm-gnu-toolchain/bin/../lib/gcc/arm-none-eabi/4.9.3/armv7-m\libgcc.a
LOAD c:/program files (x86)/atmel/studio/7.0/toolchain/arm/arm-gnu-toolchain/bin/../lib/gcc/arm-none-eabi/4.9.3/../../../../arm-none-eabi/lib/armv7-m\libc.a
END GROUP
LOAD c:/program files (x86)/atmel/studio/7.0/toolchain/arm/arm-gnu-toolchain/bin/../lib/gcc/arm-none-eabi/4.9.3/armv7-m/crtend.o
LOAD c:/program files (x86)/atmel/studio/7.0/toolchain/arm/arm-gnu-toolchain/bin/../lib/gcc/arm-none-eabi/4.9.3/armv7-m/crtn.o
                0x00002000                __stack_size__ = DEFINED (__stack_size__)?__stack_size__:0x2000
                0x20087ffc                __ram_end__ = ((ORIGIN (ram) + 0x18000) - 0x4)

.text           0x00080000     0x91c4
                0x00080000                . = ALIGN (0x4)
                0x00080000                _sfixed = .
 *(.vectors .vectors.*)
 .vectors       0x00080000       0xf4 src/ASF/sam/utils/cmsis/sam3x/source/templates/gcc/startup_sam3x.o
                0x00080000                exception_table
 *(.text .text.* .gnu.linkonce.t.*)
 .text          0x000800f4       0x5c c:/program files (x86)/atmel/studio/7.0/toolchain/arm/arm-gnu-toolchain/bin/../lib/gcc/arm-none-eabi/4.9.3/armv7-m/crtbegin.o
 .text.adc_setup
                0x00080150       0x64 src/adc_io.o
                0x00080150                adc_setup
 .text._read    0x000801b4       0x3c src/ASF/common/utils/stdio/read.o
                0x000801b4                _read
 .text.USART0_Handler
                0x000801f0       0x60 src/ASF/thirdparty/wireless/addons/sio2host/uart/sio2host.o
                0x000801f0                USART0_Handler
 .text.pwm_set_duty_cycle
                0x00080250       0x1c src/pwm_io.o
                0x00080250                pwm_set_duty_cycle
 .text.pwm_setup
                0x0008026c       0x88 src/pwm_io.o
                0x0008026c                pwm_setup
 .text.task_com
                0x000802f4       0xb8 src/task_com.o
                0x000802f4                task_com
 .text.task_reg
                0x000803ac      0x190 src/task_reg.o
                0x000803ac                task_reg
 .text.usart_serial_getchar
                0x0008053c       0xa8 src/uart_SR.o
 .text.usart_serial_putchar
                0x000805e4       0x9c src/uart_SR.o
 .text.matlab_values
                0x00080680       0xa8 src/uart_SR.o
                0x00080680                matlab_values
 .text.configure_console
                0x00080728       0x7c src/uart_SR.o
                0x00080728                configure_console
 .text.vListInitialise
                0x000807a4       0x18 src/ASF/thirdparty/freertos/freertos-7.3.0/source/list.o
                0x000807a4                vListInitialise
 .text.vListInitialiseItem
                0x000807bc        0x8 src/ASF/thirdparty/freertos/freertos-7.3.0/source/list.o
                0x000807bc                vListInitialiseItem
 .text.vListInsertEnd
                0x000807c4       0x1c src/ASF/thirdparty/freertos/freertos-7.3.0/source/list.o
                0x000807c4                vListInsertEnd
 .text.vListInsert
                0x000807e0       0x3c src/ASF/thirdparty/freertos/freertos-7.3.0/source/list.o
                0x000807e0                vListInsert
 .text.uxListRemove
                0x0008081c       0x28 src/ASF/thirdparty/freertos/freertos-7.3.0/source/list.o
                0x0008081c                uxListRemove
 .text.prvPortStartFirstTask
                0x00080844       0x14 src/ASF/thirdparty/freertos/freertos-7.3.0/source/portable/gcc/sam/port.o
 .text.pxPortInitialiseStack
                0x00080858       0x1c src/ASF/thirdparty/freertos/freertos-7.3.0/source/portable/gcc/sam/port.o
                0x00080858                pxPortInitialiseStack
 .text.SVC_Handler
                0x00080874       0x20 src/ASF/thirdparty/freertos/freertos-7.3.0/source/portable/gcc/sam/port.o
                0x00080874                SVC_Handler
 .text.vPortYieldFromISR
                0x00080894       0x10 src/ASF/thirdparty/freertos/freertos-7.3.0/source/portable/gcc/sam/port.o
                0x00080894                vPortYieldFromISR
 .text.ulPortSetInterruptMask
                0x000808a4       0x10 src/ASF/thirdparty/freertos/freertos-7.3.0/source/portable/gcc/sam/port.o
                0x000808a4                ulPortSetInterruptMask
 .text.vPortEnterCritical
                0x000808b4       0x18 src/ASF/thirdparty/freertos/freertos-7.3.0/source/portable/gcc/sam/port.o
                0x000808b4                vPortEnterCritical
 .text.vPortClearInterruptMask
                0x000808cc        0x8 src/ASF/thirdparty/freertos/freertos-7.3.0/source/portable/gcc/sam/port.o
                0x000808cc                vPortClearInterruptMask
 .text.vPortExitCritical
                0x000808d4       0x1c src/ASF/thirdparty/freertos/freertos-7.3.0/source/portable/gcc/sam/port.o
                0x000808d4                vPortExitCritical
 .text.PendSV_Handler
                0x000808f0       0x3c src/ASF/thirdparty/freertos/freertos-7.3.0/source/portable/gcc/sam/port.o
                0x000808f0                PendSV_Handler
 .text.SysTick_Handler
                0x0008092c       0x2c src/ASF/thirdparty/freertos/freertos-7.3.0/source/portable/gcc/sam/port.o
                0x0008092c                SysTick_Handler
 .text.vPortSetupTimerInterrupt
                0x00080958       0x18 src/ASF/thirdparty/freertos/freertos-7.3.0/source/portable/gcc/sam/port.o
                0x00080958                vPortSetupTimerInterrupt
 .text.xPortStartScheduler
                0x00080970       0x38 src/ASF/thirdparty/freertos/freertos-7.3.0/source/portable/gcc/sam/port.o
                0x00080970                xPortStartScheduler
 .text.prvInsertBlockIntoFreeList
                0x000809a8       0x58 src/ASF/thirdparty/freertos/freertos-7.3.0/source/portable/memmang/heap_4.o
 .text.pvPortMalloc
                0x00080a00       0xc8 src/ASF/thirdparty/freertos/freertos-7.3.0/source/portable/memmang/heap_4.o
                0x00080a00                pvPortMalloc
 .text.vPortFree
                0x00080ac8       0x38 src/ASF/thirdparty/freertos/freertos-7.3.0/source/portable/memmang/heap_4.o
                0x00080ac8                vPortFree
 .text.prvCopyDataToQueue
                0x00080b00       0x64 src/ASF/thirdparty/freertos/freertos-7.3.0/source/queue.o
 .text.prvCopyDataFromQueue
                0x00080b64       0x28 src/ASF/thirdparty/freertos/freertos-7.3.0/source/queue.o
 .text.prvUnlockQueue
                0x00080b8c       0x90 src/ASF/thirdparty/freertos/freertos-7.3.0/source/queue.o
 .text.xQueueGenericReset
                0x00080c1c       0x7c src/ASF/thirdparty/freertos/freertos-7.3.0/source/queue.o
                0x00080c1c                xQueueGenericReset
 .text.xQueueGenericCreate
                0x00080c98       0x58 src/ASF/thirdparty/freertos/freertos-7.3.0/source/queue.o
                0x00080c98                xQueueGenericCreate
 .text.xQueueGenericSend
                0x00080cf0      0x120 src/ASF/thirdparty/freertos/freertos-7.3.0/source/queue.o
                0x00080cf0                xQueueGenericSend
 .text.xQueueGenericSendFromISR
                0x00080e10       0x90 src/ASF/thirdparty/freertos/freertos-7.3.0/source/queue.o
                0x00080e10                xQueueGenericSendFromISR
 .text.xQueueGenericReceive
                0x00080ea0      0x15c src/ASF/thirdparty/freertos/freertos-7.3.0/source/queue.o
                0x00080ea0                xQueueGenericReceive
 .text.vQueueWaitForMessageRestricted
                0x00080ffc       0x4c src/ASF/thirdparty/freertos/freertos-7.3.0/source/queue.o
                0x00080ffc                vQueueWaitForMessageRestricted
 .text.prvAddCurrentTaskToDelayedList
                0x00081048       0x58 src/ASF/thirdparty/freertos/freertos-7.3.0/source/tasks.o
 .text.xTaskGenericCreate
                0x000810a0      0x204 src/ASF/thirdparty/freertos/freertos-7.3.0/source/tasks.o
                0x000810a0                xTaskGenericCreate
 .text.vTaskStartScheduler
                0x000812a4       0x68 src/ASF/thirdparty/freertos/freertos-7.3.0/source/tasks.o
                0x000812a4                vTaskStartScheduler
 .text.vTaskSuspendAll
                0x0008130c       0x10 src/ASF/thirdparty/freertos/freertos-7.3.0/source/tasks.o
                0x0008130c                vTaskSuspendAll
 .text.xTaskGetTickCount
                0x0008131c       0x20 src/ASF/thirdparty/freertos/freertos-7.3.0/source/tasks.o
                0x0008131c                xTaskGetTickCount
 .text.vTaskIncrementTick
                0x0008133c      0x120 src/ASF/thirdparty/freertos/freertos-7.3.0/source/tasks.o
                0x0008133c                vTaskIncrementTick
 .text.xTaskResumeAll
                0x0008145c      0x104 src/ASF/thirdparty/freertos/freertos-7.3.0/source/tasks.o
                0x0008145c                xTaskResumeAll
 .text.vTaskDelayUntil
                0x00081560       0x90 src/ASF/thirdparty/freertos/freertos-7.3.0/source/tasks.o
                0x00081560                vTaskDelayUntil
 .text.prvIdleTask
                0x000815f0       0x84 src/ASF/thirdparty/freertos/freertos-7.3.0/source/tasks.o
 .text.vTaskSwitchContext
                0x00081674       0xa4 src/ASF/thirdparty/freertos/freertos-7.3.0/source/tasks.o
                0x00081674                vTaskSwitchContext
 .text.vTaskPlaceOnEventList
                0x00081718       0x60 src/ASF/thirdparty/freertos/freertos-7.3.0/source/tasks.o
                0x00081718                vTaskPlaceOnEventList
 .text.vTaskPlaceOnEventListRestricted
                0x00081778       0x44 src/ASF/thirdparty/freertos/freertos-7.3.0/source/tasks.o
                0x00081778                vTaskPlaceOnEventListRestricted
 .text.xTaskRemoveFromEventList
                0x000817bc       0x84 src/ASF/thirdparty/freertos/freertos-7.3.0/source/tasks.o
                0x000817bc                xTaskRemoveFromEventList
 .text.vTaskSetTimeOutState
                0x00081840       0x28 src/ASF/thirdparty/freertos/freertos-7.3.0/source/tasks.o
                0x00081840                vTaskSetTimeOutState
 .text.xTaskCheckForTimeOut
                0x00081868       0x84 src/ASF/thirdparty/freertos/freertos-7.3.0/source/tasks.o
                0x00081868                xTaskCheckForTimeOut
 .text.vTaskMissedYield
                0x000818ec        0xc src/ASF/thirdparty/freertos/freertos-7.3.0/source/tasks.o
                0x000818ec                vTaskMissedYield
 .text.xTaskGetCurrentTaskHandle
                0x000818f8        0xc src/ASF/thirdparty/freertos/freertos-7.3.0/source/tasks.o
                0x000818f8                xTaskGetCurrentTaskHandle
 .text.xTaskGetSchedulerState
                0x00081904       0x20 src/ASF/thirdparty/freertos/freertos-7.3.0/source/tasks.o
                0x00081904                xTaskGetSchedulerState
 .text.vTaskPriorityInherit
                0x00081924       0x80 src/ASF/thirdparty/freertos/freertos-7.3.0/source/tasks.o
                0x00081924                vTaskPriorityInherit
 .text.vTaskPriorityDisinherit
                0x000819a4       0x50 src/ASF/thirdparty/freertos/freertos-7.3.0/source/tasks.o
                0x000819a4                vTaskPriorityDisinherit
 .text.prvInsertTimerInActiveList
                0x000819f4       0x4c src/ASF/thirdparty/freertos/freertos-7.3.0/source/timers.o
 .text.prvCheckForValidListAndQueue
                0x00081a40       0x5c src/ASF/thirdparty/freertos/freertos-7.3.0/source/timers.o
 .text.xTimerCreateTimerTask
                0x00081a9c       0x4c src/ASF/thirdparty/freertos/freertos-7.3.0/source/timers.o
                0x00081a9c                xTimerCreateTimerTask
 .text.xTimerGenericCommand
                0x00081ae8       0x54 src/ASF/thirdparty/freertos/freertos-7.3.0/source/timers.o
                0x00081ae8                xTimerGenericCommand
 .text.prvSampleTimeNow
                0x00081b3c       0xb4 src/ASF/thirdparty/freertos/freertos-7.3.0/source/timers.o
 .text.prvTimerTask
                0x00081bf0      0x170 src/ASF/thirdparty/freertos/freertos-7.3.0/source/timers.o
 .text._write   0x00081d60       0x50 src/ASF/common/utils/stdio/write.o
                0x00081d60                _write
 .text.adc_init
                0x00081db0       0x34 src/ASF/sam/drivers/adc/adc.o
                0x00081db0                adc_init
 .text.adc_set_resolution
                0x00081de4       0x10 src/ASF/sam/drivers/adc/adc.o
                0x00081de4                adc_set_resolution
 .text.adc_configure_trigger
                0x00081df4       0x10 src/ASF/sam/drivers/adc/adc.o
                0x00081df4                adc_configure_trigger
 .text.adc_configure_timing
                0x00081e04       0x20 src/ASF/sam/drivers/adc/adc.o
                0x00081e04                adc_configure_timing
 .text.adc_start
                0x00081e24        0x8 src/ASF/sam/drivers/adc/adc.o
                0x00081e24                adc_start
 .text.adc_enable_channel
                0x00081e2c        0x8 src/ASF/sam/drivers/adc/adc.o
                0x00081e2c                adc_enable_channel
 .text.adc_get_latest_value
                0x00081e34        0x4 src/ASF/sam/drivers/adc/adc.o
                0x00081e34                adc_get_latest_value
 .text.adc_get_status
                0x00081e38        0x4 src/ASF/sam/drivers/adc/adc.o
                0x00081e38                adc_get_status
 .text.usart_write
                0x00081e3c       0x14 src/ASF/sam/drivers/usart/usart.o
                0x00081e3c                usart_write
 .text.usart_read
                0x00081e50       0x18 src/ASF/sam/drivers/usart/usart.o
                0x00081e50                usart_read
 .text.usart_serial_read_packet
                0x00081e68       0xc4 src/ASF/common/services/serial/usart_serial.o
                0x00081e68                usart_serial_read_packet
 .text.pwm_clocks_generate
                0x00081f2c       0x54 src/ASF/sam/drivers/pwm/pwm.o
 .text.pwm_init
                0x00081f80       0x4c src/ASF/sam/drivers/pwm/pwm.o
                0x00081f80                pwm_init
 .text.pwm_channel_init
                0x00081fcc      0x108 src/ASF/sam/drivers/pwm/pwm.o
                0x00081fcc                pwm_channel_init
 .text.pwm_channel_update_duty
                0x000820d4       0x24 src/ASF/sam/drivers/pwm/pwm.o
                0x000820d4                pwm_channel_update_duty
 .text.pwm_channel_enable
                0x000820f8        0x8 src/ASF/sam/drivers/pwm/pwm.o
                0x000820f8                pwm_channel_enable
 .text.uart_init
                0x00082100       0x38 src/ASF/sam/drivers/uart/uart.o
                0x00082100                uart_init
 .text.uart_write
                0x00082138       0x10 src/ASF/sam/drivers/uart/uart.o
                0x00082138                uart_write
 .text.uart_read
                0x00082148       0x14 src/ASF/sam/drivers/uart/uart.o
                0x00082148                uart_read
 .text.sysclk_init
                0x0008215c       0x64 src/ASF/common/services/clock/sam3x/sysclk.o
                0x0008215c                sysclk_init
 .text.board_init
                0x000821c0       0x80 src/ASF/sam/boards/arduino_due_x/init.o
                0x000821c0                board_init
 .text.pio_set_peripheral
                0x00082240       0x40 src/ASF/sam/drivers/pio/pio.o
                0x00082240                pio_set_peripheral
 .text.pio_set_input
                0x00082280       0x34 src/ASF/sam/drivers/pio/pio.o
                0x00082280                pio_set_input
 .text.pio_set_output
                0x000822b4       0x28 src/ASF/sam/drivers/pio/pio.o
                0x000822b4                pio_set_output
 .text.pio_get_interrupt_status
                0x000822dc        0x4 src/ASF/sam/drivers/pio/pio.o
                0x000822dc                pio_get_interrupt_status
 .text.pio_get_interrupt_mask
                0x000822e0        0x4 src/ASF/sam/drivers/pio/pio.o
                0x000822e0                pio_get_interrupt_mask
 .text.pio_configure_pin
                0x000822e4       0xd4 src/ASF/sam/drivers/pio/pio.o
                0x000822e4                pio_configure_pin
 .text.pio_configure_pin_group
                0x000823b8       0xa0 src/ASF/sam/drivers/pio/pio.o
                0x000823b8                pio_configure_pin_group
 .text.pio_handler_process
                0x00082458       0x50 src/ASF/sam/drivers/pio/pio_handler.o
                0x00082458                pio_handler_process
 .text.PIOA_Handler
                0x000824a8       0x14 src/ASF/sam/drivers/pio/pio_handler.o
                0x000824a8                PIOA_Handler
 .text.PIOB_Handler
                0x000824bc       0x14 src/ASF/sam/drivers/pio/pio_handler.o
                0x000824bc                PIOB_Handler
 .text.PIOC_Handler
                0x000824d0       0x14 src/ASF/sam/drivers/pio/pio_handler.o
                0x000824d0                PIOC_Handler
 .text.PIOD_Handler
                0x000824e4       0x14 src/ASF/sam/drivers/pio/pio_handler.o
                0x000824e4                PIOD_Handler
 .text.pmc_switch_mck_to_pllack
                0x000824f8       0x68 src/ASF/sam/drivers/pmc/pmc.o
                0x000824f8                pmc_switch_mck_to_pllack
 .text.pmc_switch_mainck_to_xtal
                0x00082560       0x54 src/ASF/sam/drivers/pmc/pmc.o
                0x00082560                pmc_switch_mainck_to_xtal
 .text.pmc_osc_is_ready_mainck
                0x000825b4       0x10 src/ASF/sam/drivers/pmc/pmc.o
                0x000825b4                pmc_osc_is_ready_mainck
 .text.pmc_disable_pllack
                0x000825c4       0x10 src/ASF/sam/drivers/pmc/pmc.o
                0x000825c4                pmc_disable_pllack
 .text.pmc_is_locked_pllack
                0x000825d4       0x10 src/ASF/sam/drivers/pmc/pmc.o
                0x000825d4                pmc_is_locked_pllack
 .text.pmc_enable_periph_clk
                0x000825e4       0x54 src/ASF/sam/drivers/pmc/pmc.o
                0x000825e4                pmc_enable_periph_clk
 .text.Dummy_Handler
                0x00082638        0x4 src/ASF/sam/utils/cmsis/sam3x/source/templates/exceptions.o
                0x00082638                DACC_Handler
                0x00082638                DebugMon_Handler
                0x00082638                DMAC_Handler
                0x00082638                TRNG_Handler
                0x00082638                HardFault_Handler
                0x00082638                TC2_Handler
                0x00082638                USART3_Handler
                0x00082638                TWI1_Handler
                0x00082638                NMI_Handler
                0x00082638                TC7_Handler
                0x00082638                ADC_Handler
                0x00082638                SMC_Handler
                0x00082638                RTT_Handler
                0x00082638                EFC1_Handler
                0x00082638                RTC_Handler
                0x00082638                UsageFault_Handler
                0x00082638                TC6_Handler
                0x00082638                WDT_Handler
                0x00082638                CAN0_Handler
                0x00082638                TC4_Handler
                0x00082638                TC1_Handler
                0x00082638                HSMCI_Handler
                0x00082638                TC3_Handler
                0x00082638                Dummy_Handler
                0x00082638                TWI0_Handler
                0x00082638                USART1_Handler
                0x00082638                SSC_Handler
                0x00082638                EFC0_Handler
                0x00082638                PMC_Handler
                0x00082638                PWM_Handler
                0x00082638                CAN1_Handler
                0x00082638                MemManage_Handler
                0x00082638                SUPC_Handler
                0x00082638                TC8_Handler
                0x00082638                USART2_Handler
                0x00082638                EMAC_Handler
                0x00082638                UART_Handler
                0x00082638                BusFault_Handler
                0x00082638                RSTC_Handler
                0x00082638                TC0_Handler
                0x00082638                TC5_Handler
                0x00082638                UOTGHS_Handler
                0x00082638                SPI0_Handler
 .text.Reset_Handler
                0x0008263c       0xb0 src/ASF/sam/utils/cmsis/sam3x/source/templates/gcc/startup_sam3x.o
                0x0008263c                Reset_Handler
 .text.SystemCoreClockUpdate
                0x000826ec      0x11c src/ASF/sam/utils/cmsis/sam3x/source/templates/system_sam3x.o
                0x000826ec                SystemCoreClockUpdate
 .text._sbrk    0x00082808       0x34 src/ASF/sam/utils/syscalls/gcc/syscalls.o
                0x00082808                _sbrk
 .text._close   0x0008283c        0x8 src/ASF/sam/utils/syscalls/gcc/syscalls.o
                0x0008283c                _close
 .text._fstat   0x00082844        0xc src/ASF/sam/utils/syscalls/gcc/syscalls.o
                0x00082844                _fstat
 .text._isatty  0x00082850        0x4 src/ASF/sam/utils/syscalls/gcc/syscalls.o
                0x00082850                _isatty
 .text._lseek   0x00082854        0x4 src/ASF/sam/utils/syscalls/gcc/syscalls.o
                0x00082854                _lseek
 .text.main     0x00082858       0xf0 src/main.o
                0x00082858                main
 .text          0x00082948       0x40 c:/program files (x86)/atmel/studio/7.0/toolchain/arm/arm-gnu-toolchain/bin/../lib/gcc/arm-none-eabi/4.9.3/armv7-m\libgcc.a(_arm_fixunsdfsi.o)
                0x00082948                __aeabi_d2uiz
                0x00082948                __fixunsdfsi
 .text          0x00082988       0xa0 c:/program files (x86)/atmel/studio/7.0/toolchain/arm/arm-gnu-toolchain/bin/../lib/gcc/arm-none-eabi/4.9.3/armv7-m\libgcc.a(_arm_truncdfsf2.o)
                0x00082988                __truncdfsf2
                0x00082988                __aeabi_d2f
 .text          0x00082a28      0x21c c:/program files (x86)/atmel/studio/7.0/toolchain/arm/arm-gnu-toolchain/bin/../lib/gcc/arm-none-eabi/4.9.3/armv7-m\libgcc.a(_arm_addsubsf3.o)
                0x00082a28                __aeabi_frsub
                0x00082a30                __subsf3
                0x00082a30                __aeabi_fsub
                0x00082a34                __aeabi_fadd
                0x00082a34                __addsf3
                0x00082b94                __aeabi_ui2f
                0x00082b94                __floatunsisf
                0x00082b9c                __aeabi_i2f
                0x00082b9c                __floatsisf
                0x00082bb8                __aeabi_ul2f
                0x00082bb8                __floatundisf
                0x00082bc8                __aeabi_l2f
                0x00082bc8                __floatdisf
 .text          0x00082c44      0x2a0 c:/program files (x86)/atmel/studio/7.0/toolchain/arm/arm-gnu-toolchain/bin/../lib/gcc/arm-none-eabi/4.9.3/armv7-m\libgcc.a(_arm_muldivsf3.o)
                0x00082c44                __mulsf3
                0x00082c44                __aeabi_fmul
                0x00082dac                __aeabi_fdiv
                0x00082dac                __divsf3
 .text          0x00082ee4       0xec c:/program files (x86)/atmel/studio/7.0/toolchain/arm/arm-gnu-toolchain/bin/../lib/gcc/arm-none-eabi/4.9.3/armv7-m\libgcc.a(_arm_cmpsf2.o)
                0x00082ee4                __gesf2
                0x00082ee4                __gtsf2
                0x00082eec                __lesf2
                0x00082eec                __ltsf2
                0x00082ef4                __nesf2
                0x00082ef4                __eqsf2
                0x00082ef4                __cmpsf2
                0x00082f54                __aeabi_cfrcmple
                0x00082f5c                __aeabi_cfcmpeq
                0x00082f5c                __aeabi_cfcmple
                0x00082f6c                __aeabi_fcmpeq
                0x00082f80                __aeabi_fcmplt
                0x00082f94                __aeabi_fcmple
                0x00082fa8                __aeabi_fcmpge
                0x00082fbc                __aeabi_fcmpgt
 .text          0x00082fd0       0x40 c:/program files (x86)/atmel/studio/7.0/toolchain/arm/arm-gnu-toolchain/bin/../lib/gcc/arm-none-eabi/4.9.3/armv7-m\libgcc.a(_arm_fixunssfsi.o)
                0x00082fd0                __fixunssfsi
                0x00082fd0                __aeabi_f2uiz
 .text.atof     0x00083010        0x8 c:/program files (x86)/atmel/studio/7.0/toolchain/arm/arm-gnu-toolchain/bin/../lib/gcc/arm-none-eabi/4.9.3/../../../../arm-none-eabi/lib/armv7-m\libc.a(lib_a-atof.o)
                0x00083010                atof
 .text.atoi     0x00083018        0x8 c:/program files (x86)/atmel/studio/7.0/toolchain/arm/arm-gnu-toolchain/bin/../lib/gcc/arm-none-eabi/4.9.3/../../../../arm-none-eabi/lib/armv7-m\libc.a(lib_a-atoi.o)
                0x00083018                atoi
 .text._gets_r  0x00083020       0x4c c:/program files (x86)/atmel/studio/7.0/toolchain/arm/arm-gnu-toolchain/bin/../lib/gcc/arm-none-eabi/4.9.3/../../../../arm-none-eabi/lib/armv7-m\libc.a(lib_a-gets.o)
                0x00083020                _gets_r
 .text.gets     0x0008306c       0x10 c:/program files (x86)/atmel/studio/7.0/toolchain/arm/arm-gnu-toolchain/bin/../lib/gcc/arm-none-eabi/4.9.3/../../../../arm-none-eabi/lib/armv7-m\libc.a(lib_a-gets.o)
                0x0008306c                gets
 .text.__libc_init_array
                0x0008307c       0x50 c:/program files (x86)/atmel/studio/7.0/toolchain/arm/arm-gnu-toolchain/bin/../lib/gcc/arm-none-eabi/4.9.3/../../../../arm-none-eabi/lib/armv7-m\libc.a(lib_a-init.o)
                0x0008307c                __libc_init_array
 .text.iprintf  0x000830cc       0x28 c:/program files (x86)/atmel/studio/7.0/toolchain/arm/arm-gnu-toolchain/bin/../lib/gcc/arm-none-eabi/4.9.3/../../../../arm-none-eabi/lib/armv7-m\libc.a(lib_a-iprintf.o)
                0x000830cc                iprintf
 .text.__itoa   0x000830f4       0x30 c:/program files (x86)/atmel/studio/7.0/toolchain/arm/arm-gnu-toolchain/bin/../lib/gcc/arm-none-eabi/4.9.3/../../../../arm-none-eabi/lib/armv7-m\libc.a(lib_a-itoa.o)
                0x000830f4                __itoa
 .text.itoa     0x00083124        0x4 c:/program files (x86)/atmel/studio/7.0/toolchain/arm/arm-gnu-toolchain/bin/../lib/gcc/arm-none-eabi/4.9.3/../../../../arm-none-eabi/lib/armv7-m\libc.a(lib_a-itoa.o)
                0x00083124                itoa
 .text          0x00083128       0xec c:/program files (x86)/atmel/studio/7.0/toolchain/arm/arm-gnu-toolchain/bin/../lib/gcc/arm-none-eabi/4.9.3/../../../../arm-none-eabi/lib/armv7-m\libc.a(lib_a-memcpy.o)
                0x00083128                memcpy
 .text.memset   0x00083214       0x9c c:/program files (x86)/atmel/studio/7.0/toolchain/arm/arm-gnu-toolchain/bin/../lib/gcc/arm-none-eabi/4.9.3/../../../../arm-none-eabi/lib/armv7-m\libc.a(lib_a-memset.o)
                0x00083214                memset
 .text.__srget_r
                0x000832b0       0x34 c:/program files (x86)/atmel/studio/7.0/toolchain/arm/arm-gnu-toolchain/bin/../lib/gcc/arm-none-eabi/4.9.3/../../../../arm-none-eabi/lib/armv7-m\libc.a(lib_a-rget.o)
                0x000832b0                __srget_r
 .text.setbuf   0x000832e4       0x10 c:/program files (x86)/atmel/studio/7.0/toolchain/arm/arm-gnu-toolchain/bin/../lib/gcc/arm-none-eabi/4.9.3/../../../../arm-none-eabi/lib/armv7-m\libc.a(lib_a-setbuf.o)
                0x000832e4                setbuf
 .text.setvbuf  0x000832f4       0xf8 c:/program files (x86)/atmel/studio/7.0/toolchain/arm/arm-gnu-toolchain/bin/../lib/gcc/arm-none-eabi/4.9.3/../../../../arm-none-eabi/lib/armv7-m\libc.a(lib_a-setvbuf.o)
                0x000832f4                setvbuf
 .text.strlen   0x000833ec       0x5c c:/program files (x86)/atmel/studio/7.0/toolchain/arm/arm-gnu-toolchain/bin/../lib/gcc/arm-none-eabi/4.9.3/../../../../arm-none-eabi/lib/armv7-m\libc.a(lib_a-strlen.o)
                0x000833ec                strlen
 .text.strncmp  0x00083448       0x94 c:/program files (x86)/atmel/studio/7.0/toolchain/arm/arm-gnu-toolchain/bin/../lib/gcc/arm-none-eabi/4.9.3/../../../../arm-none-eabi/lib/armv7-m\libc.a(lib_a-strncmp.o)
                0x00083448                strncmp
 .text.strncpy  0x000834dc       0x68 c:/program files (x86)/atmel/studio/7.0/toolchain/arm/arm-gnu-toolchain/bin/../lib/gcc/arm-none-eabi/4.9.3/../../../../arm-none-eabi/lib/armv7-m\libc.a(lib_a-strncpy.o)
                0x000834dc                strncpy
 .text.sulp     0x00083544       0x44 c:/program files (x86)/atmel/studio/7.0/toolchain/arm/arm-gnu-toolchain/bin/../lib/gcc/arm-none-eabi/4.9.3/../../../../arm-none-eabi/lib/armv7-m\libc.a(lib_a-strtod.o)
 .text._strtod_r
                0x00083588      0xf30 c:/program files (x86)/atmel/studio/7.0/toolchain/arm/arm-gnu-toolchain/bin/../lib/gcc/arm-none-eabi/4.9.3/../../../../arm-none-eabi/lib/armv7-m\libc.a(lib_a-strtod.o)
                0x00083588                _strtod_r
 .text.strtod   0x000844b8       0x10 c:/program files (x86)/atmel/studio/7.0/toolchain/arm/arm-gnu-toolchain/bin/../lib/gcc/arm-none-eabi/4.9.3/../../../../arm-none-eabi/lib/armv7-m\libc.a(lib_a-strtod.o)
                0x000844b8                strtod
 .text._strtol_r
                0x000844c8      0x11c c:/program files (x86)/atmel/studio/7.0/toolchain/arm/arm-gnu-toolchain/bin/../lib/gcc/arm-none-eabi/4.9.3/../../../../arm-none-eabi/lib/armv7-m\libc.a(lib_a-strtol.o)
                0x000844c8                _strtol_r
 .text.strtol   0x000845e4       0x18 c:/program files (x86)/atmel/studio/7.0/toolchain/arm/arm-gnu-toolchain/bin/../lib/gcc/arm-none-eabi/4.9.3/../../../../arm-none-eabi/lib/armv7-m\libc.a(lib_a-strtol.o)
                0x000845e4                strtol
 .text.__utoa   0x000845fc       0x80 c:/program files (x86)/atmel/studio/7.0/toolchain/arm/arm-gnu-toolchain/bin/../lib/gcc/arm-none-eabi/4.9.3/../../../../arm-none-eabi/lib/armv7-m\libc.a(lib_a-utoa.o)
                0x000845fc                __utoa
 .text.__sprint_r.part.0
                0x0008467c       0x78 c:/program files (x86)/atmel/studio/7.0/toolchain/arm/arm-gnu-toolchain/bin/../lib/gcc/arm-none-eabi/4.9.3/../../../../arm-none-eabi/lib/armv7-m\libc.a(lib_a-vfiprintf.o)
 .text._vfiprintf_r
                0x000846f4      0xc10 c:/program files (x86)/atmel/studio/7.0/toolchain/arm/arm-gnu-toolchain/bin/../lib/gcc/arm-none-eabi/4.9.3/../../../../arm-none-eabi/lib/armv7-m\libc.a(lib_a-vfiprintf.o)
                0x000846f4                _vfiprintf_r
 .text.__sbprintf
                0x00085304       0x7c c:/program files (x86)/atmel/studio/7.0/toolchain/arm/arm-gnu-toolchain/bin/../lib/gcc/arm-none-eabi/4.9.3/../../../../arm-none-eabi/lib/armv7-m\libc.a(lib_a-vfiprintf.o)
 .text.__swsetup_r
                0x00085380       0xc4 c:/program files (x86)/atmel/studio/7.0/toolchain/arm/arm-gnu-toolchain/bin/../lib/gcc/arm-none-eabi/4.9.3/../../../../arm-none-eabi/lib/armv7-m\libc.a(lib_a-wsetup.o)
                0x00085380                __swsetup_r
 .text.startup.register_fini
                0x00085444       0x14 c:/program files (x86)/atmel/studio/7.0/toolchain/arm/arm-gnu-toolchain/bin/../lib/gcc/arm-none-eabi/4.9.3/../../../../arm-none-eabi/lib/armv7-m\libc.a(lib_a-__call_atexit.o)
 .text.atexit   0x00085458        0xc c:/program files (x86)/atmel/studio/7.0/toolchain/arm/arm-gnu-toolchain/bin/../lib/gcc/arm-none-eabi/4.9.3/../../../../arm-none-eabi/lib/armv7-m\libc.a(lib_a-atexit.o)
                0x00085458                atexit
 .text.__sflush_r
                0x00085464      0x148 c:/program files (x86)/atmel/studio/7.0/toolchain/arm/arm-gnu-toolchain/bin/../lib/gcc/arm-none-eabi/4.9.3/../../../../arm-none-eabi/lib/armv7-m\libc.a(lib_a-fflush.o)
                0x00085464                __sflush_r
 .text._fflush_r
                0x000855ac       0x2c c:/program files (x86)/atmel/studio/7.0/toolchain/arm/arm-gnu-toolchain/bin/../lib/gcc/arm-none-eabi/4.9.3/../../../../arm-none-eabi/lib/armv7-m\libc.a(lib_a-fflush.o)
                0x000855ac                _fflush_r
 .text.fflush   0x000855d8       0x24 c:/program files (x86)/atmel/studio/7.0/toolchain/arm/arm-gnu-toolchain/bin/../lib/gcc/arm-none-eabi/4.9.3/../../../../arm-none-eabi/lib/armv7-m\libc.a(lib_a-fflush.o)
                0x000855d8                fflush
 .text._cleanup_r
                0x000855fc        0xc c:/program files (x86)/atmel/studio/7.0/toolchain/arm/arm-gnu-toolchain/bin/../lib/gcc/arm-none-eabi/4.9.3/../../../../arm-none-eabi/lib/armv7-m\libc.a(lib_a-findfp.o)
                0x000855fc                _cleanup_r
 .text.__sinit.part.1
                0x00085608       0xf0 c:/program files (x86)/atmel/studio/7.0/toolchain/arm/arm-gnu-toolchain/bin/../lib/gcc/arm-none-eabi/4.9.3/../../../../arm-none-eabi/lib/armv7-m\libc.a(lib_a-findfp.o)
 .text.__sinit  0x000856f8        0xc c:/program files (x86)/atmel/studio/7.0/toolchain/arm/arm-gnu-toolchain/bin/../lib/gcc/arm-none-eabi/4.9.3/../../../../arm-none-eabi/lib/armv7-m\libc.a(lib_a-findfp.o)
                0x000856f8                __sinit
 .text.__sfp_lock_acquire
                0x00085704        0x4 c:/program files (x86)/atmel/studio/7.0/toolchain/arm/arm-gnu-toolchain/bin/../lib/gcc/arm-none-eabi/4.9.3/../../../../arm-none-eabi/lib/armv7-m\libc.a(lib_a-findfp.o)
                0x00085704                __sfp_lock_acquire
 .text.__sfp_lock_release
                0x00085708        0x4 c:/program files (x86)/atmel/studio/7.0/toolchain/arm/arm-gnu-toolchain/bin/../lib/gcc/arm-none-eabi/4.9.3/../../../../arm-none-eabi/lib/armv7-m\libc.a(lib_a-findfp.o)
                0x00085708                __sfp_lock_release
 .text.__libc_fini_array
                0x0008570c       0x2c c:/program files (x86)/atmel/studio/7.0/toolchain/arm/arm-gnu-toolchain/bin/../lib/gcc/arm-none-eabi/4.9.3/../../../../arm-none-eabi/lib/armv7-m\libc.a(lib_a-fini.o)
                0x0008570c                __libc_fini_array
 .text.__fputwc
                0x00085738       0xb0 c:/program files (x86)/atmel/studio/7.0/toolchain/arm/arm-gnu-toolchain/bin/../lib/gcc/arm-none-eabi/4.9.3/../../../../arm-none-eabi/lib/armv7-m\libc.a(lib_a-fputwc.o)
                0x00085738                __fputwc
 .text._fputwc_r
                0x000857e8       0x24 c:/program files (x86)/atmel/studio/7.0/toolchain/arm/arm-gnu-toolchain/bin/../lib/gcc/arm-none-eabi/4.9.3/../../../../arm-none-eabi/lib/armv7-m\libc.a(lib_a-fputwc.o)
                0x000857e8                _fputwc_r
 .text._malloc_trim_r
                0x0008580c       0x9c c:/program files (x86)/atmel/studio/7.0/toolchain/arm/arm-gnu-toolchain/bin/../lib/gcc/arm-none-eabi/4.9.3/../../../../arm-none-eabi/lib/armv7-m\libc.a(lib_a-freer.o)
                0x0008580c                _malloc_trim_r
 .text._free_r  0x000858a8      0x1b0 c:/program files (x86)/atmel/studio/7.0/toolchain/arm/arm-gnu-toolchain/bin/../lib/gcc/arm-none-eabi/4.9.3/../../../../arm-none-eabi/lib/armv7-m\libc.a(lib_a-freer.o)
                0x000858a8                _free_r
 .text.__sfvwrite_r
                0x00085a58      0x320 c:/program files (x86)/atmel/studio/7.0/toolchain/arm/arm-gnu-toolchain/bin/../lib/gcc/arm-none-eabi/4.9.3/../../../../arm-none-eabi/lib/armv7-m\libc.a(lib_a-fvwrite.o)
                0x00085a58                __sfvwrite_r
 .text._fwalk   0x00085d78       0x48 c:/program files (x86)/atmel/studio/7.0/toolchain/arm/arm-gnu-toolchain/bin/../lib/gcc/arm-none-eabi/4.9.3/../../../../arm-none-eabi/lib/armv7-m\libc.a(lib_a-fwalk.o)
                0x00085d78                _fwalk
 .text._fwalk_reent
                0x00085dc0       0x50 c:/program files (x86)/atmel/studio/7.0/toolchain/arm/arm-gnu-toolchain/bin/../lib/gcc/arm-none-eabi/4.9.3/../../../../arm-none-eabi/lib/armv7-m\libc.a(lib_a-fwalk.o)
                0x00085dc0                _fwalk_reent
 .text.rshift   0x00085e10       0xa0 c:/program files (x86)/atmel/studio/7.0/toolchain/arm/arm-gnu-toolchain/bin/../lib/gcc/arm-none-eabi/4.9.3/../../../../arm-none-eabi/lib/armv7-m\libc.a(lib_a-gdtoa-gethex.o)
 .text.__gethex
                0x00085eb0      0x514 c:/program files (x86)/atmel/studio/7.0/toolchain/arm/arm-gnu-toolchain/bin/../lib/gcc/arm-none-eabi/4.9.3/../../../../arm-none-eabi/lib/armv7-m\libc.a(lib_a-gdtoa-gethex.o)
                0x00085eb0                __gethex
 .text.__hexnan
                0x000863c4      0x184 c:/program files (x86)/atmel/studio/7.0/toolchain/arm/arm-gnu-toolchain/bin/../lib/gcc/arm-none-eabi/4.9.3/../../../../arm-none-eabi/lib/armv7-m\libc.a(lib_a-gdtoa-hexnan.o)
                0x000863c4                __hexnan
 .text.__locale_charset
                0x00086548        0x8 c:/program files (x86)/atmel/studio/7.0/toolchain/arm/arm-gnu-toolchain/bin/../lib/gcc/arm-none-eabi/4.9.3/../../../../arm-none-eabi/lib/armv7-m\libc.a(lib_a-locale.o)
                0x00086548                __locale_charset
 .text.__locale_mb_cur_max
                0x00086550        0xc c:/program files (x86)/atmel/studio/7.0/toolchain/arm/arm-gnu-toolchain/bin/../lib/gcc/arm-none-eabi/4.9.3/../../../../arm-none-eabi/lib/armv7-m\libc.a(lib_a-locale.o)
                0x00086550                __locale_mb_cur_max
 .text._localeconv_r
                0x0008655c        0x8 c:/program files (x86)/atmel/studio/7.0/toolchain/arm/arm-gnu-toolchain/bin/../lib/gcc/arm-none-eabi/4.9.3/../../../../arm-none-eabi/lib/armv7-m\libc.a(lib_a-locale.o)
                0x0008655c                _localeconv_r
 .text.__smakebuf_r
                0x00086564       0xe0 c:/program files (x86)/atmel/studio/7.0/toolchain/arm/arm-gnu-toolchain/bin/../lib/gcc/arm-none-eabi/4.9.3/../../../../arm-none-eabi/lib/armv7-m\libc.a(lib_a-makebuf.o)
                0x00086564                __smakebuf_r
 .text.malloc   0x00086644       0x10 c:/program files (x86)/atmel/studio/7.0/toolchain/arm/arm-gnu-toolchain/bin/../lib/gcc/arm-none-eabi/4.9.3/../../../../arm-none-eabi/lib/armv7-m\libc.a(lib_a-malloc.o)
                0x00086644                malloc
 .text._malloc_r
                0x00086654      0x50c c:/program files (x86)/atmel/studio/7.0/toolchain/arm/arm-gnu-toolchain/bin/../lib/gcc/arm-none-eabi/4.9.3/../../../../arm-none-eabi/lib/armv7-m\libc.a(lib_a-mallocr.o)
                0x00086654                _malloc_r
 .text.memchr   0x00086b60       0x94 c:/program files (x86)/atmel/studio/7.0/toolchain/arm/arm-gnu-toolchain/bin/../lib/gcc/arm-none-eabi/4.9.3/../../../../arm-none-eabi/lib/armv7-m\libc.a(lib_a-memchr.o)
                0x00086b60                memchr
 .text.memmove  0x00086bf4       0xc8 c:/program files (x86)/atmel/studio/7.0/toolchain/arm/arm-gnu-toolchain/bin/../lib/gcc/arm-none-eabi/4.9.3/../../../../arm-none-eabi/lib/armv7-m\libc.a(lib_a-memmove.o)
                0x00086bf4                memmove
 .text.__malloc_lock
                0x00086cbc        0x4 c:/program files (x86)/atmel/studio/7.0/toolchain/arm/arm-gnu-toolchain/bin/../lib/gcc/arm-none-eabi/4.9.3/../../../../arm-none-eabi/lib/armv7-m\libc.a(lib_a-mlock.o)
                0x00086cbc                __malloc_lock
 .text.__malloc_unlock
                0x00086cc0        0x4 c:/program files (x86)/atmel/studio/7.0/toolchain/arm/arm-gnu-toolchain/bin/../lib/gcc/arm-none-eabi/4.9.3/../../../../arm-none-eabi/lib/armv7-m\libc.a(lib_a-mlock.o)
                0x00086cc0                __malloc_unlock
 .text._Balloc  0x00086cc4       0x50 c:/program files (x86)/atmel/studio/7.0/toolchain/arm/arm-gnu-toolchain/bin/../lib/gcc/arm-none-eabi/4.9.3/../../../../arm-none-eabi/lib/armv7-m\libc.a(lib_a-mprec.o)
                0x00086cc4                _Balloc
 .text._Bfree   0x00086d14       0x14 c:/program files (x86)/atmel/studio/7.0/toolchain/arm/arm-gnu-toolchain/bin/../lib/gcc/arm-none-eabi/4.9.3/../../../../arm-none-eabi/lib/armv7-m\libc.a(lib_a-mprec.o)
                0x00086d14                _Bfree
 .text.__multadd
                0x00086d28       0x84 c:/program files (x86)/atmel/studio/7.0/toolchain/arm/arm-gnu-toolchain/bin/../lib/gcc/arm-none-eabi/4.9.3/../../../../arm-none-eabi/lib/armv7-m\libc.a(lib_a-mprec.o)
                0x00086d28                __multadd
 .text.__s2b    0x00086dac       0x98 c:/program files (x86)/atmel/studio/7.0/toolchain/arm/arm-gnu-toolchain/bin/../lib/gcc/arm-none-eabi/4.9.3/../../../../arm-none-eabi/lib/armv7-m\libc.a(lib_a-mprec.o)
                0x00086dac                __s2b
 .text.__hi0bits
                0x00086e44       0x40 c:/program files (x86)/atmel/studio/7.0/toolchain/arm/arm-gnu-toolchain/bin/../lib/gcc/arm-none-eabi/4.9.3/../../../../arm-none-eabi/lib/armv7-m\libc.a(lib_a-mprec.o)
                0x00086e44                __hi0bits
 .text.__lo0bits
                0x00086e84       0x5c c:/program files (x86)/atmel/studio/7.0/toolchain/arm/arm-gnu-toolchain/bin/../lib/gcc/arm-none-eabi/4.9.3/../../../../arm-none-eabi/lib/armv7-m\libc.a(lib_a-mprec.o)
                0x00086e84                __lo0bits
 .text.__i2b    0x00086ee0       0x14 c:/program files (x86)/atmel/studio/7.0/toolchain/arm/arm-gnu-toolchain/bin/../lib/gcc/arm-none-eabi/4.9.3/../../../../arm-none-eabi/lib/armv7-m\libc.a(lib_a-mprec.o)
                0x00086ee0                __i2b
 .text.__multiply
                0x00086ef4      0x140 c:/program files (x86)/atmel/studio/7.0/toolchain/arm/arm-gnu-toolchain/bin/../lib/gcc/arm-none-eabi/4.9.3/../../../../arm-none-eabi/lib/armv7-m\libc.a(lib_a-mprec.o)
                0x00086ef4                __multiply
 .text.__pow5mult
                0x00087034       0xa0 c:/program files (x86)/atmel/studio/7.0/toolchain/arm/arm-gnu-toolchain/bin/../lib/gcc/arm-none-eabi/4.9.3/../../../../arm-none-eabi/lib/armv7-m\libc.a(lib_a-mprec.o)
                0x00087034                __pow5mult
 .text.__lshift
                0x000870d4       0xb0 c:/program files (x86)/atmel/studio/7.0/toolchain/arm/arm-gnu-toolchain/bin/../lib/gcc/arm-none-eabi/4.9.3/../../../../arm-none-eabi/lib/armv7-m\libc.a(lib_a-mprec.o)
                0x000870d4                __lshift
 .text.__mcmp   0x00087184       0x48 c:/program files (x86)/atmel/studio/7.0/toolchain/arm/arm-gnu-toolchain/bin/../lib/gcc/arm-none-eabi/4.9.3/../../../../arm-none-eabi/lib/armv7-m\libc.a(lib_a-mprec.o)
                0x00087184                __mcmp
 .text.__mdiff  0x000871cc       0xe4 c:/program files (x86)/atmel/studio/7.0/toolchain/arm/arm-gnu-toolchain/bin/../lib/gcc/arm-none-eabi/4.9.3/../../../../arm-none-eabi/lib/armv7-m\libc.a(lib_a-mprec.o)
                0x000871cc                __mdiff
 .text.__ulp    0x000872b0       0x44 c:/program files (x86)/atmel/studio/7.0/toolchain/arm/arm-gnu-toolchain/bin/../lib/gcc/arm-none-eabi/4.9.3/../../../../arm-none-eabi/lib/armv7-m\libc.a(lib_a-mprec.o)
                0x000872b0                __ulp
 .text.__b2d    0x000872f4       0xd0 c:/program files (x86)/atmel/studio/7.0/toolchain/arm/arm-gnu-toolchain/bin/../lib/gcc/arm-none-eabi/4.9.3/../../../../arm-none-eabi/lib/armv7-m\libc.a(lib_a-mprec.o)
                0x000872f4                __b2d
 .text.__d2b    0x000873c4       0xa8 c:/program files (x86)/atmel/studio/7.0/toolchain/arm/arm-gnu-toolchain/bin/../lib/gcc/arm-none-eabi/4.9.3/../../../../arm-none-eabi/lib/armv7-m\libc.a(lib_a-mprec.o)
                0x000873c4                __d2b
 .text.__ratio  0x0008746c       0x58 c:/program files (x86)/atmel/studio/7.0/toolchain/arm/arm-gnu-toolchain/bin/../lib/gcc/arm-none-eabi/4.9.3/../../../../arm-none-eabi/lib/armv7-m\libc.a(lib_a-mprec.o)
                0x0008746c                __ratio
 .text.__copybits
                0x000874c4       0x48 c:/program files (x86)/atmel/studio/7.0/toolchain/arm/arm-gnu-toolchain/bin/../lib/gcc/arm-none-eabi/4.9.3/../../../../arm-none-eabi/lib/armv7-m\libc.a(lib_a-mprec.o)
                0x000874c4                __copybits
 .text.__any_on
                0x0008750c       0x5c c:/program files (x86)/atmel/studio/7.0/toolchain/arm/arm-gnu-toolchain/bin/../lib/gcc/arm-none-eabi/4.9.3/../../../../arm-none-eabi/lib/armv7-m\libc.a(lib_a-mprec.o)
                0x0008750c                __any_on
 .text._realloc_r
                0x00087568      0x3e0 c:/program files (x86)/atmel/studio/7.0/toolchain/arm/arm-gnu-toolchain/bin/../lib/gcc/arm-none-eabi/4.9.3/../../../../arm-none-eabi/lib/armv7-m\libc.a(lib_a-reallocr.o)
                0x00087568                _realloc_r
 .text.lflush   0x00087948       0x14 c:/program files (x86)/atmel/studio/7.0/toolchain/arm/arm-gnu-toolchain/bin/../lib/gcc/arm-none-eabi/4.9.3/../../../../arm-none-eabi/lib/armv7-m\libc.a(lib_a-refill.o)
 .text.__srefill_r
                0x0008795c      0x110 c:/program files (x86)/atmel/studio/7.0/toolchain/arm/arm-gnu-toolchain/bin/../lib/gcc/arm-none-eabi/4.9.3/../../../../arm-none-eabi/lib/armv7-m\libc.a(lib_a-refill.o)
                0x0008795c                __srefill_r
 .text._sbrk_r  0x00087a6c       0x24 c:/program files (x86)/atmel/studio/7.0/toolchain/arm/arm-gnu-toolchain/bin/../lib/gcc/arm-none-eabi/4.9.3/../../../../arm-none-eabi/lib/armv7-m\libc.a(lib_a-sbrkr.o)
                0x00087a6c                _sbrk_r
 .text.__sread  0x00087a90       0x24 c:/program files (x86)/atmel/studio/7.0/toolchain/arm/arm-gnu-toolchain/bin/../lib/gcc/arm-none-eabi/4.9.3/../../../../arm-none-eabi/lib/armv7-m\libc.a(lib_a-stdio.o)
                0x00087a90                __sread
 .text.__swrite
                0x00087ab4       0x38 c:/program files (x86)/atmel/studio/7.0/toolchain/arm/arm-gnu-toolchain/bin/../lib/gcc/arm-none-eabi/4.9.3/../../../../arm-none-eabi/lib/armv7-m\libc.a(lib_a-stdio.o)
                0x00087ab4                __swrite
 .text.__sseek  0x00087aec       0x20 c:/program files (x86)/atmel/studio/7.0/toolchain/arm/arm-gnu-toolchain/bin/../lib/gcc/arm-none-eabi/4.9.3/../../../../arm-none-eabi/lib/armv7-m\libc.a(lib_a-stdio.o)
                0x00087aec                __sseek
 .text.__sclose
                0x00087b0c        0x8 c:/program files (x86)/atmel/studio/7.0/toolchain/arm/arm-gnu-toolchain/bin/../lib/gcc/arm-none-eabi/4.9.3/../../../../arm-none-eabi/lib/armv7-m\libc.a(lib_a-stdio.o)
                0x00087b0c                __sclose
 .text.__swbuf_r
                0x00087b14       0xa8 c:/program files (x86)/atmel/studio/7.0/toolchain/arm/arm-gnu-toolchain/bin/../lib/gcc/arm-none-eabi/4.9.3/../../../../arm-none-eabi/lib/armv7-m\libc.a(lib_a-wbuf.o)
                0x00087b14                __swbuf_r
 .text._wcrtomb_r
                0x00087bbc       0x54 c:/program files (x86)/atmel/studio/7.0/toolchain/arm/arm-gnu-toolchain/bin/../lib/gcc/arm-none-eabi/4.9.3/../../../../arm-none-eabi/lib/armv7-m\libc.a(lib_a-wcrtomb.o)
                0x00087bbc                _wcrtomb_r
 .text.__ascii_wctomb
                0x00087c10       0x1c c:/program files (x86)/atmel/studio/7.0/toolchain/arm/arm-gnu-toolchain/bin/../lib/gcc/arm-none-eabi/4.9.3/../../../../arm-none-eabi/lib/armv7-m\libc.a(lib_a-wctomb_r.o)
                0x00087c10                __ascii_wctomb
 .text._write_r
                0x00087c2c       0x28 c:/program files (x86)/atmel/studio/7.0/toolchain/arm/arm-gnu-toolchain/bin/../lib/gcc/arm-none-eabi/4.9.3/../../../../arm-none-eabi/lib/armv7-m\libc.a(lib_a-writer.o)
                0x00087c2c                _write_r
 .text.__register_exitproc
                0x00087c54       0xa4 c:/program files (x86)/atmel/studio/7.0/toolchain/arm/arm-gnu-toolchain/bin/../lib/gcc/arm-none-eabi/4.9.3/../../../../arm-none-eabi/lib/armv7-m\libc.a(lib_a-__atexit.o)
                0x00087c54                __register_exitproc
 .text._calloc_r
                0x00087cf8       0x60 c:/program files (x86)/atmel/studio/7.0/toolchain/arm/arm-gnu-toolchain/bin/../lib/gcc/arm-none-eabi/4.9.3/../../../../arm-none-eabi/lib/armv7-m\libc.a(lib_a-callocr.o)
                0x00087cf8                _calloc_r
 .text._close_r
                0x00087d58       0x24 c:/program files (x86)/atmel/studio/7.0/toolchain/arm/arm-gnu-toolchain/bin/../lib/gcc/arm-none-eabi/4.9.3/../../../../arm-none-eabi/lib/armv7-m\libc.a(lib_a-closer.o)
                0x00087d58                _close_r
 .text._fclose_r
                0x00087d7c       0x84 c:/program files (x86)/atmel/studio/7.0/toolchain/arm/arm-gnu-toolchain/bin/../lib/gcc/arm-none-eabi/4.9.3/../../../../arm-none-eabi/lib/armv7-m\libc.a(lib_a-fclose.o)
                0x00087d7c                _fclose_r
 .text._fstat_r
                0x00087e00       0x28 c:/program files (x86)/atmel/studio/7.0/toolchain/arm/arm-gnu-toolchain/bin/../lib/gcc/arm-none-eabi/4.9.3/../../../../arm-none-eabi/lib/armv7-m\libc.a(lib_a-fstatr.o)
                0x00087e00                _fstat_r
 .text._isatty_r
                0x00087e28       0x24 c:/program files (x86)/atmel/studio/7.0/toolchain/arm/arm-gnu-toolchain/bin/../lib/gcc/arm-none-eabi/4.9.3/../../../../arm-none-eabi/lib/armv7-m\libc.a(lib_a-isattyr.o)
                0x00087e28                _isatty_r
 .text._lseek_r
                0x00087e4c       0x28 c:/program files (x86)/atmel/studio/7.0/toolchain/arm/arm-gnu-toolchain/bin/../lib/gcc/arm-none-eabi/4.9.3/../../../../arm-none-eabi/lib/armv7-m\libc.a(lib_a-lseekr.o)
                0x00087e4c                _lseek_r
 .text._read_r  0x00087e74       0x28 c:/program files (x86)/atmel/studio/7.0/toolchain/arm/arm-gnu-toolchain/bin/../lib/gcc/arm-none-eabi/4.9.3/../../../../arm-none-eabi/lib/armv7-m\libc.a(lib_a-readr.o)
                0x00087e74                _read_r
 .text          0x00087e9c      0x370 c:/program files (x86)/atmel/studio/7.0/toolchain/arm/arm-gnu-toolchain/bin/../lib/gcc/arm-none-eabi/4.9.3/armv7-m\libgcc.a(_arm_addsubdf3.o)
                0x00087e9c                __aeabi_drsub
                0x00087ea4                __aeabi_dsub
                0x00087ea4                __subdf3
                0x00087ea8                __aeabi_dadd
                0x00087ea8                __adddf3
                0x00088120                __floatunsidf
                0x00088120                __aeabi_ui2d
                0x00088140                __floatsidf
                0x00088140                __aeabi_i2d
                0x00088164                __aeabi_f2d
                0x00088164                __extendsfdf2
                0x000881a0                __floatundidf
                0x000881a0                __aeabi_ul2d
                0x000881b0                __floatdidf
                0x000881b0                __aeabi_l2d
 .text          0x0008820c      0x424 c:/program files (x86)/atmel/studio/7.0/toolchain/arm/arm-gnu-toolchain/bin/../lib/gcc/arm-none-eabi/4.9.3/armv7-m\libgcc.a(_arm_muldivdf3.o)
                0x0008820c                __aeabi_dmul
                0x0008820c                __muldf3
                0x00088460                __divdf3
                0x00088460                __aeabi_ddiv
 .text          0x00088630      0x110 c:/program files (x86)/atmel/studio/7.0/toolchain/arm/arm-gnu-toolchain/bin/../lib/gcc/arm-none-eabi/4.9.3/armv7-m\libgcc.a(_arm_cmpdf2.o)
                0x00088630                __gtdf2
                0x00088630                __gedf2
                0x00088638                __ltdf2
                0x00088638                __ledf2
                0x00088640                __nedf2
                0x00088640                __eqdf2
                0x00088640                __cmpdf2
                0x000886bc                __aeabi_cdrcmple
                0x000886cc                __aeabi_cdcmpeq
                0x000886cc                __aeabi_cdcmple
                0x000886dc                __aeabi_dcmpeq
                0x000886f0                __aeabi_dcmplt
                0x00088704                __aeabi_dcmple
                0x00088718                __aeabi_dcmpge
                0x0008872c                __aeabi_dcmpgt
 .text          0x00088740       0x50 c:/program files (x86)/atmel/studio/7.0/toolchain/arm/arm-gnu-toolchain/bin/../lib/gcc/arm-none-eabi/4.9.3/armv7-m\libgcc.a(_arm_fixdfsi.o)
                0x00088740                __aeabi_d2iz
                0x00088740                __fixdfsi
 .text          0x00088790       0x30 c:/program files (x86)/atmel/studio/7.0/toolchain/arm/arm-gnu-toolchain/bin/../lib/gcc/arm-none-eabi/4.9.3/armv7-m\libgcc.a(_aeabi_uldivmod.o)
                0x00088790                __aeabi_uldivmod
 .text          0x000887c0       0x60 c:/program files (x86)/atmel/studio/7.0/toolchain/arm/arm-gnu-toolchain/bin/../lib/gcc/arm-none-eabi/4.9.3/armv7-m\libgcc.a(bpabi.o)
                0x000887c0                __gnu_ldivmod_helper
                0x000887f0                __gnu_uldivmod_helper
 .text          0x00088820        0x4 c:/program files (x86)/atmel/studio/7.0/toolchain/arm/arm-gnu-toolchain/bin/../lib/gcc/arm-none-eabi/4.9.3/armv7-m\libgcc.a(_dvmd_tls.o)
                0x00088820                __aeabi_idiv0
                0x00088820                __aeabi_ldiv0
 .text          0x00088824      0x2ac c:/program files (x86)/atmel/studio/7.0/toolchain/arm/arm-gnu-toolchain/bin/../lib/gcc/arm-none-eabi/4.9.3/armv7-m\libgcc.a(_divdi3.o)
                0x00088824                __divdi3
 .text          0x00088ad0      0x270 c:/program files (x86)/atmel/studio/7.0/toolchain/arm/arm-gnu-toolchain/bin/../lib/gcc/arm-none-eabi/4.9.3/armv7-m\libgcc.a(_udivdi3.o)
                0x00088ad0                __udivdi3
 *(.glue_7t)
 .glue_7t       0x00000000        0x0 linker stubs
 *(.glue_7)
 .glue_7        0x00000000        0x0 linker stubs
 *(.rodata .rodata* .gnu.linkonce.r.*)
 .rodata.str1.4
                0x00000000        0x0 src/task_com.o
                                  0x2 (size before relaxing)
 .rodata.str1.4
                0x00088d40       0x1f src/ASF/thirdparty/freertos/freertos-7.3.0/source/tasks.o
 *fill*         0x00088d5f        0x1 
 .rodata.str1.4
                0x00088d60        0x8 src/ASF/thirdparty/freertos/freertos-7.3.0/source/timers.o
 .rodata        0x00088d68       0x2c src/ASF/sam/drivers/pwm/pwm.o
 .rodata.str1.4
                0x00088d94       0x15 src/main.o
 *fill*         0x00088da9        0x3 
 .rodata.str1.4
                0x00088dac        0x2 c:/program files (x86)/atmel/studio/7.0/toolchain/arm/arm-gnu-toolchain/bin/../lib/gcc/arm-none-eabi/4.9.3/../../../../arm-none-eabi/lib/armv7-m\libc.a(lib_a-impure.o)
 *fill*         0x00088dae        0x2 
 .rodata._global_impure_ptr
                0x00088db0        0x4 c:/program files (x86)/atmel/studio/7.0/toolchain/arm/arm-gnu-toolchain/bin/../lib/gcc/arm-none-eabi/4.9.3/../../../../arm-none-eabi/lib/armv7-m\libc.a(lib_a-impure.o)
                0x00088db0                _global_impure_ptr
 *fill*         0x00088db4        0x4 
 .rodata.tinytens
                0x00088db8       0x28 c:/program files (x86)/atmel/studio/7.0/toolchain/arm/arm-gnu-toolchain/bin/../lib/gcc/arm-none-eabi/4.9.3/../../../../arm-none-eabi/lib/armv7-m\libc.a(lib_a-strtod.o)
 .rodata.fpinan.5307
                0x00088de0       0x14 c:/program files (x86)/atmel/studio/7.0/toolchain/arm/arm-gnu-toolchain/bin/../lib/gcc/arm-none-eabi/4.9.3/../../../../arm-none-eabi/lib/armv7-m\libc.a(lib_a-strtod.o)
 .rodata.str1.4
                0x00088df4        0xf c:/program files (x86)/atmel/studio/7.0/toolchain/arm/arm-gnu-toolchain/bin/../lib/gcc/arm-none-eabi/4.9.3/../../../../arm-none-eabi/lib/armv7-m\libc.a(lib_a-strtod.o)
 *fill*         0x00088e03        0x1 
 .rodata.fpi.5271
                0x00088e04       0x14 c:/program files (x86)/atmel/studio/7.0/toolchain/arm/arm-gnu-toolchain/bin/../lib/gcc/arm-none-eabi/4.9.3/../../../../arm-none-eabi/lib/armv7-m\libc.a(lib_a-strtod.o)
 .rodata.str1.4
                0x00088e18       0x25 c:/program files (x86)/atmel/studio/7.0/toolchain/arm/arm-gnu-toolchain/bin/../lib/gcc/arm-none-eabi/4.9.3/../../../../arm-none-eabi/lib/armv7-m\libc.a(lib_a-utoa.o)
 *fill*         0x00088e3d        0x3 
 .rodata.zeroes.6869
                0x00088e40       0x10 c:/program files (x86)/atmel/studio/7.0/toolchain/arm/arm-gnu-toolchain/bin/../lib/gcc/arm-none-eabi/4.9.3/../../../../arm-none-eabi/lib/armv7-m\libc.a(lib_a-vfiprintf.o)
 .rodata.str1.4
                0x00088e50       0x2f c:/program files (x86)/atmel/studio/7.0/toolchain/arm/arm-gnu-toolchain/bin/../lib/gcc/arm-none-eabi/4.9.3/../../../../arm-none-eabi/lib/armv7-m\libc.a(lib_a-vfiprintf.o)
 *fill*         0x00088e7f        0x1 
 .rodata.blanks.6868
                0x00088e80       0x10 c:/program files (x86)/atmel/studio/7.0/toolchain/arm/arm-gnu-toolchain/bin/../lib/gcc/arm-none-eabi/4.9.3/../../../../arm-none-eabi/lib/armv7-m\libc.a(lib_a-vfiprintf.o)
 .rodata._ctype_
                0x00088e90      0x101 c:/program files (x86)/atmel/studio/7.0/toolchain/arm/arm-gnu-toolchain/bin/../lib/gcc/arm-none-eabi/4.9.3/../../../../arm-none-eabi/lib/armv7-m\libc.a(lib_a-ctype_.o)
                0x00088e90                _ctype_
 *fill*         0x00088f91        0x3 
 .rodata.__hexdig
                0x00088f94      0x100 c:/program files (x86)/atmel/studio/7.0/toolchain/arm/arm-gnu-toolchain/bin/../lib/gcc/arm-none-eabi/4.9.3/../../../../arm-none-eabi/lib/armv7-m\libc.a(lib_a-gdtoa-gethex.o)
                0x00088f94                __hexdig
 .rodata.str1.4
                0x00089094        0xc c:/program files (x86)/atmel/studio/7.0/toolchain/arm/arm-gnu-toolchain/bin/../lib/gcc/arm-none-eabi/4.9.3/../../../../arm-none-eabi/lib/armv7-m\libc.a(lib_a-locale.o)
                                 0x12 (size before relaxing)
 .rodata.__mprec_tens
                0x000890a0       0xc8 c:/program files (x86)/atmel/studio/7.0/toolchain/arm/arm-gnu-toolchain/bin/../lib/gcc/arm-none-eabi/4.9.3/../../../../arm-none-eabi/lib/armv7-m\libc.a(lib_a-mprec.o)
                0x000890a0                __mprec_tens
 .rodata.p05.5302
                0x00089168        0xc c:/program files (x86)/atmel/studio/7.0/toolchain/arm/arm-gnu-toolchain/bin/../lib/gcc/arm-none-eabi/4.9.3/../../../../arm-none-eabi/lib/armv7-m\libc.a(lib_a-mprec.o)
 *fill*         0x00089174        0x4 
 .rodata.__mprec_bigtens
                0x00089178       0x28 c:/program files (x86)/atmel/studio/7.0/toolchain/arm/arm-gnu-toolchain/bin/../lib/gcc/arm-none-eabi/4.9.3/../../../../arm-none-eabi/lib/armv7-m\libc.a(lib_a-mprec.o)
                0x00089178                __mprec_bigtens
 *(.ARM.extab* .gnu.linkonce.armextab.*)
                0x000891a0                . = ALIGN (0x4)
 *(.init)
 .init          0x000891a0        0x4 c:/program files (x86)/atmel/studio/7.0/toolchain/arm/arm-gnu-toolchain/bin/../lib/gcc/arm-none-eabi/4.9.3/armv7-m/crti.o
                0x000891a0                _init
 .init          0x000891a4        0x8 c:/program files (x86)/atmel/studio/7.0/toolchain/arm/arm-gnu-toolchain/bin/../lib/gcc/arm-none-eabi/4.9.3/armv7-m/crtn.o
                0x000891ac                . = ALIGN (0x4)
                0x000891ac                __preinit_array_start = .
 *(.preinit_array)
                0x000891ac                __preinit_array_end = .
                0x000891ac                . = ALIGN (0x4)
                0x000891ac                __init_array_start = .
 *(SORT(.init_array.*))
 .init_array.00000
                0x000891ac        0x4 c:/program files (x86)/atmel/studio/7.0/toolchain/arm/arm-gnu-toolchain/bin/../lib/gcc/arm-none-eabi/4.9.3/../../../../arm-none-eabi/lib/armv7-m\libc.a(lib_a-__call_atexit.o)
 *(.init_array)
 .init_array    0x000891b0        0x4 c:/program files (x86)/atmel/studio/7.0/toolchain/arm/arm-gnu-toolchain/bin/../lib/gcc/arm-none-eabi/4.9.3/armv7-m/crtbegin.o
                0x000891b4                __init_array_end = .
                0x000891b4                . = ALIGN (0x4)
 *crtbegin.o(.ctors)
 *(EXCLUDE_FILE(*crtend.o) .ctors)
 *(SORT(.ctors.*))
 *crtend.o(.ctors)
                0x000891b4                . = ALIGN (0x4)
 *(.fini)
 .fini          0x000891b4        0x4 c:/program files (x86)/atmel/studio/7.0/toolchain/arm/arm-gnu-toolchain/bin/../lib/gcc/arm-none-eabi/4.9.3/armv7-m/crti.o
                0x000891b4                _fini
 .fini          0x000891b8        0x8 c:/program files (x86)/atmel/studio/7.0/toolchain/arm/arm-gnu-toolchain/bin/../lib/gcc/arm-none-eabi/4.9.3/armv7-m/crtn.o
                0x000891c0                . = ALIGN (0x4)
                0x000891c0                __fini_array_start = .
 *(.fini_array)
 .fini_array    0x000891c0        0x4 c:/program files (x86)/atmel/studio/7.0/toolchain/arm/arm-gnu-toolchain/bin/../lib/gcc/arm-none-eabi/4.9.3/armv7-m/crtbegin.o
 *(SORT(.fini_array.*))
                0x000891c4                __fini_array_end = .
 *crtbegin.o(.dtors)
 *(EXCLUDE_FILE(*crtend.o) .dtors)
 *(SORT(.dtors.*))
 *crtend.o(.dtors)
                0x000891c4                . = ALIGN (0x4)
                0x000891c4                _efixed = .
                0x000891c4                PROVIDE (__exidx_start, .)

.vfp11_veneer   0x000891c4        0x0
 .vfp11_veneer  0x00000000        0x0 linker stubs

.v4_bx          0x000891c4        0x0
 .v4_bx         0x00000000        0x0 linker stubs

.iplt           0x000891c4        0x0
 .iplt          0x00000000        0x0 c:/program files (x86)/atmel/studio/7.0/toolchain/arm/arm-gnu-toolchain/bin/../lib/gcc/arm-none-eabi/4.9.3/armv7-m/crtbegin.o

.ARM.exidx      0x000891c4        0x8
 *(.ARM.exidx* .gnu.linkonce.armexidx.*)
 .ARM.exidx     0x000891c4        0x8 c:/program files (x86)/atmel/studio/7.0/toolchain/arm/arm-gnu-toolchain/bin/../lib/gcc/arm-none-eabi/4.9.3/armv7-m\libgcc.a(_divdi3.o)
 .ARM.exidx     0x000891cc        0x0 c:/program files (x86)/atmel/studio/7.0/toolchain/arm/arm-gnu-toolchain/bin/../lib/gcc/arm-none-eabi/4.9.3/armv7-m\libgcc.a(_udivdi3.o)
                                  0x8 (size before relaxing)
                0x000891cc                PROVIDE (__exidx_end, .)

.eh_frame       0x000891cc        0x0
 .eh_frame      0x000891cc        0x0 c:/program files (x86)/atmel/studio/7.0/toolchain/arm/arm-gnu-toolchain/bin/../lib/gcc/arm-none-eabi/4.9.3/armv7-m/crtbegin.o

.rel.dyn        0x000891cc        0x0
 .rel.iplt      0x00000000        0x0 c:/program files (x86)/atmel/studio/7.0/toolchain/arm/arm-gnu-toolchain/bin/../lib/gcc/arm-none-eabi/4.9.3/armv7-m/crtbegin.o

.jcr            0x000891cc        0x0
 .jcr           0x000891cc        0x0 c:/program files (x86)/atmel/studio/7.0/toolchain/arm/arm-gnu-toolchain/bin/../lib/gcc/arm-none-eabi/4.9.3/armv7-m/crtbegin.o

.igot.plt       0x000891cc        0x0
 .igot.plt      0x00000000        0x0 c:/program files (x86)/atmel/studio/7.0/toolchain/arm/arm-gnu-toolchain/bin/../lib/gcc/arm-none-eabi/4.9.3/armv7-m/crtbegin.o
                0x000891cc                . = ALIGN (0x4)
                0x000891cc                _etext = .

.relocate       0x20070000      0x9e8 load address 0x000891cc
                0x20070000                . = ALIGN (0x4)
                0x20070000                _srelocate = .
 *(.ramfunc .ramfunc.*)
 .ramfunc       0x20070000      0x12c src/ASF/sam/utils/cmsis/sam3x/source/templates/system_sam3x.o
                0x20070000                SystemInit
                0x200700a4                system_init_flash
 *(.data .data.*)
 .data.uxCriticalNesting
                0x2007012c        0x4 src/ASF/thirdparty/freertos/freertos-7.3.0/source/portable/gcc/sam/port.o
 .data.xFreeBytesRemaining
                0x20070130        0x4 src/ASF/thirdparty/freertos/freertos-7.3.0/source/portable/memmang/heap_4.o
 .data.xNextTaskUnblockTime
                0x20070134        0x4 src/ASF/thirdparty/freertos/freertos-7.3.0/source/tasks.o
 .data.g_interrupt_enabled
                0x20070138        0x1 src/ASF/common/utils/interrupt/interrupt_sam_nvic.o
                0x20070138                g_interrupt_enabled
 *fill*         0x20070139        0x3 
 .data.SystemCoreClock
                0x2007013c        0x4 src/ASF/sam/utils/cmsis/sam3x/source/templates/system_sam3x.o
                0x2007013c                SystemCoreClock
 .data.variables
                0x20070140        0x4 src/main.o
                0x20070140                variables
 *fill*         0x20070144        0x4 
 .data.impure_data
                0x20070148      0x428 c:/program files (x86)/atmel/studio/7.0/toolchain/arm/arm-gnu-toolchain/bin/../lib/gcc/arm-none-eabi/4.9.3/../../../../arm-none-eabi/lib/armv7-m\libc.a(lib_a-impure.o)
 .data._impure_ptr
                0x20070570        0x4 c:/program files (x86)/atmel/studio/7.0/toolchain/arm/arm-gnu-toolchain/bin/../lib/gcc/arm-none-eabi/4.9.3/../../../../arm-none-eabi/lib/armv7-m\libc.a(lib_a-impure.o)
                0x20070570                _impure_ptr
 .data.__ctype_ptr__
                0x20070574        0x4 c:/program files (x86)/atmel/studio/7.0/toolchain/arm/arm-gnu-toolchain/bin/../lib/gcc/arm-none-eabi/4.9.3/../../../../arm-none-eabi/lib/armv7-m\libc.a(lib_a-ctype_.o)
                0x20070574                __ctype_ptr__
 .data.lconv    0x20070578       0x38 c:/program files (x86)/atmel/studio/7.0/toolchain/arm/arm-gnu-toolchain/bin/../lib/gcc/arm-none-eabi/4.9.3/../../../../arm-none-eabi/lib/armv7-m\libc.a(lib_a-locale.o)
 .data.lc_ctype_charset
                0x200705b0       0x20 c:/program files (x86)/atmel/studio/7.0/toolchain/arm/arm-gnu-toolchain/bin/../lib/gcc/arm-none-eabi/4.9.3/../../../../arm-none-eabi/lib/armv7-m\libc.a(lib_a-locale.o)
 .data.__mb_cur_max
                0x200705d0        0x4 c:/program files (x86)/atmel/studio/7.0/toolchain/arm/arm-gnu-toolchain/bin/../lib/gcc/arm-none-eabi/4.9.3/../../../../arm-none-eabi/lib/armv7-m\libc.a(lib_a-locale.o)
                0x200705d0                __mb_cur_max
 .data.__malloc_av_
                0x200705d4      0x408 c:/program files (x86)/atmel/studio/7.0/toolchain/arm/arm-gnu-toolchain/bin/../lib/gcc/arm-none-eabi/4.9.3/../../../../arm-none-eabi/lib/armv7-m\libc.a(lib_a-mallocr.o)
                0x200705d4                __malloc_av_
 .data.__malloc_trim_threshold
                0x200709dc        0x4 c:/program files (x86)/atmel/studio/7.0/toolchain/arm/arm-gnu-toolchain/bin/../lib/gcc/arm-none-eabi/4.9.3/../../../../arm-none-eabi/lib/armv7-m\libc.a(lib_a-mallocr.o)
                0x200709dc                __malloc_trim_threshold
 .data.__malloc_sbrk_base
                0x200709e0        0x4 c:/program files (x86)/atmel/studio/7.0/toolchain/arm/arm-gnu-toolchain/bin/../lib/gcc/arm-none-eabi/4.9.3/../../../../arm-none-eabi/lib/armv7-m\libc.a(lib_a-mallocr.o)
                0x200709e0                __malloc_sbrk_base
 .data.__wctomb
                0x200709e4        0x4 c:/program files (x86)/atmel/studio/7.0/toolchain/arm/arm-gnu-toolchain/bin/../lib/gcc/arm-none-eabi/4.9.3/../../../../arm-none-eabi/lib/armv7-m\libc.a(lib_a-wctomb_r.o)
                0x200709e4                __wctomb
                0x200709e8                . = ALIGN (0x4)
                0x200709e8                _erelocate = .

.bss            0x200709e8     0xa364 load address 0x00089bb8
                0x200709e8                . = ALIGN (0x4)
                0x200709e8                _sbss = .
                0x200709e8                _szero = .
 *(.bss .bss.*)
 .bss           0x200709e8       0x1c c:/program files (x86)/atmel/studio/7.0/toolchain/arm/arm-gnu-toolchain/bin/../lib/gcc/arm-none-eabi/4.9.3/armv7-m/crtbegin.o
 .bss.serial_rx_buf
                0x20070a04       0x9c src/ASF/thirdparty/wireless/addons/sio2host/uart/sio2host.o
 .bss.serial_rx_buf_tail
                0x20070aa0        0x1 src/ASF/thirdparty/wireless/addons/sio2host/uart/sio2host.o
 *fill*         0x20070aa1        0x3 
 .bss.pwm_instance
                0x20070aa4       0x28 src/pwm_io.o
 *fill*         0x20070acc        0x4 
 .bss.xHeap     0x20070ad0     0xa000 src/ASF/thirdparty/freertos/freertos-7.3.0/source/portable/memmang/heap_4.o
 .bss.pxEnd     0x2007aad0        0x4 src/ASF/thirdparty/freertos/freertos-7.3.0/source/portable/memmang/heap_4.o
 .bss.xStart    0x2007aad4        0x8 src/ASF/thirdparty/freertos/freertos-7.3.0/source/portable/memmang/heap_4.o
 .bss.uxMissedTicks
                0x2007aadc        0x4 src/ASF/thirdparty/freertos/freertos-7.3.0/source/tasks.o
 .bss.xSuspendedTaskList
                0x2007aae0       0x14 src/ASF/thirdparty/freertos/freertos-7.3.0/source/tasks.o
 .bss.pxDelayedTaskList
                0x2007aaf4        0x4 src/ASF/thirdparty/freertos/freertos-7.3.0/source/tasks.o
 .bss.xSchedulerRunning
                0x2007aaf8        0x4 src/ASF/thirdparty/freertos/freertos-7.3.0/source/tasks.o
 .bss.uxTasksDeleted
                0x2007aafc        0x4 src/ASF/thirdparty/freertos/freertos-7.3.0/source/tasks.o
 .bss.xDelayedTaskList1
                0x2007ab00       0x14 src/ASF/thirdparty/freertos/freertos-7.3.0/source/tasks.o
 .bss.xDelayedTaskList2
                0x2007ab14       0x14 src/ASF/thirdparty/freertos/freertos-7.3.0/source/tasks.o
 .bss.uxTopReadyPriority
                0x2007ab28        0x4 src/ASF/thirdparty/freertos/freertos-7.3.0/source/tasks.o
 .bss.pxReadyTasksLists
                0x2007ab2c       0x64 src/ASF/thirdparty/freertos/freertos-7.3.0/source/tasks.o
 .bss.xTasksWaitingTermination
                0x2007ab90       0x14 src/ASF/thirdparty/freertos/freertos-7.3.0/source/tasks.o
 .bss.xNumOfOverflows
                0x2007aba4        0x4 src/ASF/thirdparty/freertos/freertos-7.3.0/source/tasks.o
 .bss.pxCurrentTCB
                0x2007aba8        0x4 src/ASF/thirdparty/freertos/freertos-7.3.0/source/tasks.o
                0x2007aba8                pxCurrentTCB
 .bss.xPendingReadyList
                0x2007abac       0x14 src/ASF/thirdparty/freertos/freertos-7.3.0/source/tasks.o
 .bss.uxSchedulerSuspended
                0x2007abc0        0x4 src/ASF/thirdparty/freertos/freertos-7.3.0/source/tasks.o
 .bss.xTickCount
                0x2007abc4        0x4 src/ASF/thirdparty/freertos/freertos-7.3.0/source/tasks.o
 .bss.pxOverflowDelayedTaskList
                0x2007abc8        0x4 src/ASF/thirdparty/freertos/freertos-7.3.0/source/tasks.o
 .bss.uxTaskNumber
                0x2007abcc        0x4 src/ASF/thirdparty/freertos/freertos-7.3.0/source/tasks.o
 .bss.uxCurrentNumberOfTasks
                0x2007abd0        0x4 src/ASF/thirdparty/freertos/freertos-7.3.0/source/tasks.o
 .bss.xMissedYield
                0x2007abd4        0x4 src/ASF/thirdparty/freertos/freertos-7.3.0/source/tasks.o
 .bss.uxTopUsedPriority
                0x2007abd8        0x4 src/ASF/thirdparty/freertos/freertos-7.3.0/source/tasks.o
 .bss.pxCurrentTimerList
                0x2007abdc        0x4 src/ASF/thirdparty/freertos/freertos-7.3.0/source/timers.o
 .bss.xActiveTimerList1
                0x2007abe0       0x14 src/ASF/thirdparty/freertos/freertos-7.3.0/source/timers.o
 .bss.xActiveTimerList2
                0x2007abf4       0x14 src/ASF/thirdparty/freertos/freertos-7.3.0/source/timers.o
 .bss.xLastTime.4502
                0x2007ac08        0x4 src/ASF/thirdparty/freertos/freertos-7.3.0/source/timers.o
 .bss.xTimerQueue
                0x2007ac0c        0x4 src/ASF/thirdparty/freertos/freertos-7.3.0/source/timers.o
 .bss.pxOverflowTimerList
                0x2007ac10        0x4 src/ASF/thirdparty/freertos/freertos-7.3.0/source/timers.o
 .bss.gs_interrupt_sources
                0x2007ac14       0x70 src/ASF/sam/drivers/pio/pio_handler.o
 .bss.heap.5212
                0x2007ac84        0x4 src/ASF/sam/utils/syscalls/gcc/syscalls.o
 .bss.ut_varde  0x2007ac88        0x2 src/main.o
                0x2007ac88                ut_varde
 .bss.fel_varde
                0x2007ac8a        0x2 src/main.o
                0x2007ac8a                fel_varde
 .bss.adc_val_in_cm
                0x2007ac8c       0x64 src/main.o
                0x2007ac8c                adc_val_in_cm
 .bss.mat_varde
                0x2007acf0        0x2 src/main.o
                0x2007acf0                mat_varde
 *fill*         0x2007acf2        0x2 
 .bss.__malloc_max_total_mem
                0x2007acf4        0x4 c:/program files (x86)/atmel/studio/7.0/toolchain/arm/arm-gnu-toolchain/bin/../lib/gcc/arm-none-eabi/4.9.3/../../../../arm-none-eabi/lib/armv7-m\libc.a(lib_a-mallocr.o)
                0x2007acf4                __malloc_max_total_mem
 .bss.__malloc_max_sbrked_mem
                0x2007acf8        0x4 c:/program files (x86)/atmel/studio/7.0/toolchain/arm/arm-gnu-toolchain/bin/../lib/gcc/arm-none-eabi/4.9.3/../../../../arm-none-eabi/lib/armv7-m\libc.a(lib_a-mallocr.o)
                0x2007acf8                __malloc_max_sbrked_mem
 .bss.__malloc_top_pad
                0x2007acfc        0x4 c:/program files (x86)/atmel/studio/7.0/toolchain/arm/arm-gnu-toolchain/bin/../lib/gcc/arm-none-eabi/4.9.3/../../../../arm-none-eabi/lib/armv7-m\libc.a(lib_a-mallocr.o)
                0x2007acfc                __malloc_top_pad
 .bss.__malloc_current_mallinfo
                0x2007ad00       0x28 c:/program files (x86)/atmel/studio/7.0/toolchain/arm/arm-gnu-toolchain/bin/../lib/gcc/arm-none-eabi/4.9.3/../../../../arm-none-eabi/lib/armv7-m\libc.a(lib_a-mallocr.o)
                0x2007ad00                __malloc_current_mallinfo
 *(COMMON)
 COMMON         0x2007ad28        0x4 src/ASF/common/utils/stdio/read.o
                0x2007ad28                ptr_get
 COMMON         0x2007ad2c        0x8 src/ASF/common/utils/stdio/write.o
                0x2007ad2c                ptr_put
                0x2007ad30                stdio_base
 COMMON         0x2007ad34       0x12 src/main.o
                0x2007ad34                timer
                0x2007ad38                p_varde
                0x2007ad3c                i_varde
                0x2007ad40                d_varde
                0x2007ad44                bor_varde
 *fill*         0x2007ad46        0x2 
 COMMON         0x2007ad48        0x4 c:/program files (x86)/atmel/studio/7.0/toolchain/arm/arm-gnu-toolchain/bin/../lib/gcc/arm-none-eabi/4.9.3/../../../../arm-none-eabi/lib/armv7-m\libc.a(lib_a-reent.o)
                0x2007ad48                errno
                0x2007ad4c                . = ALIGN (0x4)
                0x2007ad4c                _ebss = .
                0x2007ad4c                _ezero = .

.stack          0x2007ad4c     0x2004 load address 0x00093f1c
                0x2007ad50                . = ALIGN (0x8)
 *fill*         0x2007ad4c        0x4 
                0x2007ad50                _sstack = .
                0x2007cd50                . = (. + __stack_size__)
 *fill*         0x2007ad50     0x2000 
                0x2007cd50                . = ALIGN (0x8)
                0x2007cd50                _estack = .
                0x2007cd50                . = ALIGN (0x4)
                0x2007cd50                _end = .
OUTPUT(pingisproj.elf elf32-littlearm)

.ARM.attributes
                0x00000000       0x29
 .ARM.attributes
                0x00000000       0x1d c:/program files (x86)/atmel/studio/7.0/toolchain/arm/arm-gnu-toolchain/bin/../lib/gcc/arm-none-eabi/4.9.3/armv7-m/crti.o
 .ARM.attributes
                0x0000001d       0x2d c:/program files (x86)/atmel/studio/7.0/toolchain/arm/arm-gnu-toolchain/bin/../lib/gcc/arm-none-eabi/4.9.3/armv7-m/crtbegin.o
 .ARM.attributes
                0x0000004a       0x33 src/adc_io.o
 .ARM.attributes
                0x0000007d       0x33 src/ASF/common/utils/stdio/read.o
 .ARM.attributes
                0x000000b0       0x33 src/ASF/thirdparty/wireless/addons/sio2host/uart/sio2host.o
 .ARM.attributes
                0x000000e3       0x33 src/pwm_io.o
 .ARM.attributes
                0x00000116       0x33 src/task_com.o
 .ARM.attributes
                0x00000149       0x33 src/task_reg.o
 .ARM.attributes
                0x0000017c       0x33 src/uart_SR.o
 .ARM.attributes
                0x000001af       0x33 src/ASF/thirdparty/freertos/freertos-7.3.0/source/list.o
 .ARM.attributes
                0x000001e2       0x33 src/ASF/thirdparty/freertos/freertos-7.3.0/source/portable/gcc/sam/port.o
 .ARM.attributes
                0x00000215       0x33 src/ASF/thirdparty/freertos/freertos-7.3.0/source/portable/memmang/heap_4.o
 .ARM.attributes
                0x00000248       0x33 src/ASF/thirdparty/freertos/freertos-7.3.0/source/queue.o
 .ARM.attributes
                0x0000027b       0x33 src/ASF/thirdparty/freertos/freertos-7.3.0/source/tasks.o
 .ARM.attributes
                0x000002ae       0x33 src/ASF/thirdparty/freertos/freertos-7.3.0/source/timers.o
 .ARM.attributes
                0x000002e1       0x33 src/ASF/common/utils/stdio/write.o
 .ARM.attributes
                0x00000314       0x33 src/ASF/sam/drivers/adc/adc.o
 .ARM.attributes
                0x00000347       0x33 src/ASF/sam/drivers/usart/usart.o
 .ARM.attributes
                0x0000037a       0x33 src/ASF/common/services/serial/usart_serial.o
 .ARM.attributes
                0x000003ad       0x33 src/ASF/sam/drivers/pwm/pwm.o
 .ARM.attributes
                0x000003e0       0x33 src/ASF/sam/drivers/uart/uart.o
 .ARM.attributes
                0x00000413       0x33 src/ASF/common/services/clock/sam3x/sysclk.o
 .ARM.attributes
                0x00000446       0x33 src/ASF/common/utils/interrupt/interrupt_sam_nvic.o
 .ARM.attributes
                0x00000479       0x33 src/ASF/sam/boards/arduino_due_x/init.o
 .ARM.attributes
                0x000004ac       0x33 src/ASF/sam/drivers/pio/pio.o
 .ARM.attributes
                0x000004df       0x33 src/ASF/sam/drivers/pio/pio_handler.o
 .ARM.attributes
                0x00000512       0x33 src/ASF/sam/drivers/pmc/pmc.o
 .ARM.attributes
                0x00000545       0x33 src/ASF/sam/utils/cmsis/sam3x/source/templates/exceptions.o
 .ARM.attributes
                0x00000578       0x33 src/ASF/sam/utils/cmsis/sam3x/source/templates/gcc/startup_sam3x.o
 .ARM.attributes
                0x000005ab       0x33 src/ASF/sam/utils/cmsis/sam3x/source/templates/system_sam3x.o
 .ARM.attributes
                0x000005de       0x33 src/ASF/sam/utils/syscalls/gcc/syscalls.o
 .ARM.attributes
                0x00000611       0x33 src/main.o
 .ARM.attributes
                0x00000644       0x1d c:/program files (x86)/atmel/studio/7.0/toolchain/arm/arm-gnu-toolchain/bin/../lib/gcc/arm-none-eabi/4.9.3/armv7-m\libgcc.a(_arm_fixunsdfsi.o)
 .ARM.attributes
                0x00000661       0x1d c:/program files (x86)/atmel/studio/7.0/toolchain/arm/arm-gnu-toolchain/bin/../lib/gcc/arm-none-eabi/4.9.3/armv7-m\libgcc.a(_arm_truncdfsf2.o)
 .ARM.attributes
                0x0000067e       0x1d c:/program files (x86)/atmel/studio/7.0/toolchain/arm/arm-gnu-toolchain/bin/../lib/gcc/arm-none-eabi/4.9.3/armv7-m\libgcc.a(_arm_addsubsf3.o)
 .ARM.attributes
                0x0000069b       0x1d c:/program files (x86)/atmel/studio/7.0/toolchain/arm/arm-gnu-toolchain/bin/../lib/gcc/arm-none-eabi/4.9.3/armv7-m\libgcc.a(_arm_muldivsf3.o)
 .ARM.attributes
                0x000006b8       0x1d c:/program files (x86)/atmel/studio/7.0/toolchain/arm/arm-gnu-toolchain/bin/../lib/gcc/arm-none-eabi/4.9.3/armv7-m\libgcc.a(_arm_cmpsf2.o)
 .ARM.attributes
                0x000006d5       0x1d c:/program files (x86)/atmel/studio/7.0/toolchain/arm/arm-gnu-toolchain/bin/../lib/gcc/arm-none-eabi/4.9.3/armv7-m\libgcc.a(_arm_fixunssfsi.o)
 .ARM.attributes
                0x000006f2       0x2d c:/program files (x86)/atmel/studio/7.0/toolchain/arm/arm-gnu-toolchain/bin/../lib/gcc/arm-none-eabi/4.9.3/../../../../arm-none-eabi/lib/armv7-m\libc.a(lib_a-atof.o)
 .ARM.attributes
                0x0000071f       0x2d c:/program files (x86)/atmel/studio/7.0/toolchain/arm/arm-gnu-toolchain/bin/../lib/gcc/arm-none-eabi/4.9.3/../../../../arm-none-eabi/lib/armv7-m\libc.a(lib_a-atoi.o)
 .ARM.attributes
                0x0000074c       0x2d c:/program files (x86)/atmel/studio/7.0/toolchain/arm/arm-gnu-toolchain/bin/../lib/gcc/arm-none-eabi/4.9.3/../../../../arm-none-eabi/lib/armv7-m\libc.a(lib_a-gets.o)
 .ARM.attributes
                0x00000779       0x2d c:/program files (x86)/atmel/studio/7.0/toolchain/arm/arm-gnu-toolchain/bin/../lib/gcc/arm-none-eabi/4.9.3/../../../../arm-none-eabi/lib/armv7-m\libc.a(lib_a-impure.o)
 .ARM.attributes
                0x000007a6       0x2d c:/program files (x86)/atmel/studio/7.0/toolchain/arm/arm-gnu-toolchain/bin/../lib/gcc/arm-none-eabi/4.9.3/../../../../arm-none-eabi/lib/armv7-m\libc.a(lib_a-init.o)
 .ARM.attributes
                0x000007d3       0x2d c:/program files (x86)/atmel/studio/7.0/toolchain/arm/arm-gnu-toolchain/bin/../lib/gcc/arm-none-eabi/4.9.3/../../../../arm-none-eabi/lib/armv7-m\libc.a(lib_a-iprintf.o)
 .ARM.attributes
                0x00000800       0x2d c:/program files (x86)/atmel/studio/7.0/toolchain/arm/arm-gnu-toolchain/bin/../lib/gcc/arm-none-eabi/4.9.3/../../../../arm-none-eabi/lib/armv7-m\libc.a(lib_a-itoa.o)
 .ARM.attributes
                0x0000082d       0x1b c:/program files (x86)/atmel/studio/7.0/toolchain/arm/arm-gnu-toolchain/bin/../lib/gcc/arm-none-eabi/4.9.3/../../../../arm-none-eabi/lib/armv7-m\libc.a(lib_a-memcpy.o)
 .ARM.attributes
                0x00000848       0x2d c:/program files (x86)/atmel/studio/7.0/toolchain/arm/arm-gnu-toolchain/bin/../lib/gcc/arm-none-eabi/4.9.3/../../../../arm-none-eabi/lib/armv7-m\libc.a(lib_a-memset.o)
 .ARM.attributes
                0x00000875       0x2d c:/program files (x86)/atmel/studio/7.0/toolchain/arm/arm-gnu-toolchain/bin/../lib/gcc/arm-none-eabi/4.9.3/../../../../arm-none-eabi/lib/armv7-m\libc.a(lib_a-rget.o)
 .ARM.attributes
                0x000008a2       0x2d c:/program files (x86)/atmel/studio/7.0/toolchain/arm/arm-gnu-toolchain/bin/../lib/gcc/arm-none-eabi/4.9.3/../../../../arm-none-eabi/lib/armv7-m\libc.a(lib_a-setbuf.o)
 .ARM.attributes
                0x000008cf       0x2d c:/program files (x86)/atmel/studio/7.0/toolchain/arm/arm-gnu-toolchain/bin/../lib/gcc/arm-none-eabi/4.9.3/../../../../arm-none-eabi/lib/armv7-m\libc.a(lib_a-setvbuf.o)
 .ARM.attributes
                0x000008fc       0x2d c:/program files (x86)/atmel/studio/7.0/toolchain/arm/arm-gnu-toolchain/bin/../lib/gcc/arm-none-eabi/4.9.3/../../../../arm-none-eabi/lib/armv7-m\libc.a(lib_a-strlen.o)
 .ARM.attributes
                0x00000929       0x2d c:/program files (x86)/atmel/studio/7.0/toolchain/arm/arm-gnu-toolchain/bin/../lib/gcc/arm-none-eabi/4.9.3/../../../../arm-none-eabi/lib/armv7-m\libc.a(lib_a-strncmp.o)
 .ARM.attributes
                0x00000956       0x2d c:/program files (x86)/atmel/studio/7.0/toolchain/arm/arm-gnu-toolchain/bin/../lib/gcc/arm-none-eabi/4.9.3/../../../../arm-none-eabi/lib/armv7-m\libc.a(lib_a-strncpy.o)
 .ARM.attributes
                0x00000983       0x2d c:/program files (x86)/atmel/studio/7.0/toolchain/arm/arm-gnu-toolchain/bin/../lib/gcc/arm-none-eabi/4.9.3/../../../../arm-none-eabi/lib/armv7-m\libc.a(lib_a-strtod.o)
 .ARM.attributes
                0x000009b0       0x2d c:/program files (x86)/atmel/studio/7.0/toolchain/arm/arm-gnu-toolchain/bin/../lib/gcc/arm-none-eabi/4.9.3/../../../../arm-none-eabi/lib/armv7-m\libc.a(lib_a-strtol.o)
 .ARM.attributes
                0x000009dd       0x2d c:/program files (x86)/atmel/studio/7.0/toolchain/arm/arm-gnu-toolchain/bin/../lib/gcc/arm-none-eabi/4.9.3/../../../../arm-none-eabi/lib/armv7-m\libc.a(lib_a-utoa.o)
 .ARM.attributes
                0x00000a0a       0x2d c:/program files (x86)/atmel/studio/7.0/toolchain/arm/arm-gnu-toolchain/bin/../lib/gcc/arm-none-eabi/4.9.3/../../../../arm-none-eabi/lib/armv7-m\libc.a(lib_a-vfiprintf.o)
 .ARM.attributes
                0x00000a37       0x2d c:/program files (x86)/atmel/studio/7.0/toolchain/arm/arm-gnu-toolchain/bin/../lib/gcc/arm-none-eabi/4.9.3/../../../../arm-none-eabi/lib/armv7-m\libc.a(lib_a-wsetup.o)
 .ARM.attributes
                0x00000a64       0x2d c:/program files (x86)/atmel/studio/7.0/toolchain/arm/arm-gnu-toolchain/bin/../lib/gcc/arm-none-eabi/4.9.3/../../../../arm-none-eabi/lib/armv7-m\libc.a(lib_a-__call_atexit.o)
 .ARM.attributes
                0x00000a91       0x2d c:/program files (x86)/atmel/studio/7.0/toolchain/arm/arm-gnu-toolchain/bin/../lib/gcc/arm-none-eabi/4.9.3/../../../../arm-none-eabi/lib/armv7-m\libc.a(lib_a-atexit.o)
 .ARM.attributes
                0x00000abe       0x2d c:/program files (x86)/atmel/studio/7.0/toolchain/arm/arm-gnu-toolchain/bin/../lib/gcc/arm-none-eabi/4.9.3/../../../../arm-none-eabi/lib/armv7-m\libc.a(lib_a-ctype_.o)
 .ARM.attributes
                0x00000aeb       0x2d c:/program files (x86)/atmel/studio/7.0/toolchain/arm/arm-gnu-toolchain/bin/../lib/gcc/arm-none-eabi/4.9.3/../../../../arm-none-eabi/lib/armv7-m\libc.a(lib_a-fflush.o)
 .ARM.attributes
                0x00000b18       0x2d c:/program files (x86)/atmel/studio/7.0/toolchain/arm/arm-gnu-toolchain/bin/../lib/gcc/arm-none-eabi/4.9.3/../../../../arm-none-eabi/lib/armv7-m\libc.a(lib_a-findfp.o)
 .ARM.attributes
                0x00000b45       0x2d c:/program files (x86)/atmel/studio/7.0/toolchain/arm/arm-gnu-toolchain/bin/../lib/gcc/arm-none-eabi/4.9.3/../../../../arm-none-eabi/lib/armv7-m\libc.a(lib_a-fini.o)
 .ARM.attributes
                0x00000b72       0x2d c:/program files (x86)/atmel/studio/7.0/toolchain/arm/arm-gnu-toolchain/bin/../lib/gcc/arm-none-eabi/4.9.3/../../../../arm-none-eabi/lib/armv7-m\libc.a(lib_a-fputwc.o)
 .ARM.attributes
                0x00000b9f       0x2d c:/program files (x86)/atmel/studio/7.0/toolchain/arm/arm-gnu-toolchain/bin/../lib/gcc/arm-none-eabi/4.9.3/../../../../arm-none-eabi/lib/armv7-m\libc.a(lib_a-freer.o)
 .ARM.attributes
                0x00000bcc       0x2d c:/program files (x86)/atmel/studio/7.0/toolchain/arm/arm-gnu-toolchain/bin/../lib/gcc/arm-none-eabi/4.9.3/../../../../arm-none-eabi/lib/armv7-m\libc.a(lib_a-fvwrite.o)
 .ARM.attributes
                0x00000bf9       0x2d c:/program files (x86)/atmel/studio/7.0/toolchain/arm/arm-gnu-toolchain/bin/../lib/gcc/arm-none-eabi/4.9.3/../../../../arm-none-eabi/lib/armv7-m\libc.a(lib_a-fwalk.o)
 .ARM.attributes
                0x00000c26       0x2d c:/program files (x86)/atmel/studio/7.0/toolchain/arm/arm-gnu-toolchain/bin/../lib/gcc/arm-none-eabi/4.9.3/../../../../arm-none-eabi/lib/armv7-m\libc.a(lib_a-gdtoa-gethex.o)
 .ARM.attributes
                0x00000c53       0x2d c:/program files (x86)/atmel/studio/7.0/toolchain/arm/arm-gnu-toolchain/bin/../lib/gcc/arm-none-eabi/4.9.3/../../../../arm-none-eabi/lib/armv7-m\libc.a(lib_a-gdtoa-hexnan.o)
 .ARM.attributes
                0x00000c80       0x2d c:/program files (x86)/atmel/studio/7.0/toolchain/arm/arm-gnu-toolchain/bin/../lib/gcc/arm-none-eabi/4.9.3/../../../../arm-none-eabi/lib/armv7-m\libc.a(lib_a-locale.o)
 .ARM.attributes
                0x00000cad       0x2d c:/program files (x86)/atmel/studio/7.0/toolchain/arm/arm-gnu-toolchain/bin/../lib/gcc/arm-none-eabi/4.9.3/../../../../arm-none-eabi/lib/armv7-m\libc.a(lib_a-makebuf.o)
 .ARM.attributes
                0x00000cda       0x2d c:/program files (x86)/atmel/studio/7.0/toolchain/arm/arm-gnu-toolchain/bin/../lib/gcc/arm-none-eabi/4.9.3/../../../../arm-none-eabi/lib/armv7-m\libc.a(lib_a-malloc.o)
 .ARM.attributes
                0x00000d07       0x2d c:/program files (x86)/atmel/studio/7.0/toolchain/arm/arm-gnu-toolchain/bin/../lib/gcc/arm-none-eabi/4.9.3/../../../../arm-none-eabi/lib/armv7-m\libc.a(lib_a-mallocr.o)
 .ARM.attributes
                0x00000d34       0x2d c:/program files (x86)/atmel/studio/7.0/toolchain/arm/arm-gnu-toolchain/bin/../lib/gcc/arm-none-eabi/4.9.3/../../../../arm-none-eabi/lib/armv7-m\libc.a(lib_a-memchr.o)
 .ARM.attributes
                0x00000d61       0x2d c:/program files (x86)/atmel/studio/7.0/toolchain/arm/arm-gnu-toolchain/bin/../lib/gcc/arm-none-eabi/4.9.3/../../../../arm-none-eabi/lib/armv7-m\libc.a(lib_a-memmove.o)
 .ARM.attributes
                0x00000d8e       0x2d c:/program files (x86)/atmel/studio/7.0/toolchain/arm/arm-gnu-toolchain/bin/../lib/gcc/arm-none-eabi/4.9.3/../../../../arm-none-eabi/lib/armv7-m\libc.a(lib_a-mlock.o)
 .ARM.attributes
                0x00000dbb       0x2d c:/program files (x86)/atmel/studio/7.0/toolchain/arm/arm-gnu-toolchain/bin/../lib/gcc/arm-none-eabi/4.9.3/../../../../arm-none-eabi/lib/armv7-m\libc.a(lib_a-mprec.o)
 .ARM.attributes
                0x00000de8       0x2d c:/program files (x86)/atmel/studio/7.0/toolchain/arm/arm-gnu-toolchain/bin/../lib/gcc/arm-none-eabi/4.9.3/../../../../arm-none-eabi/lib/armv7-m\libc.a(lib_a-reallocr.o)
 .ARM.attributes
                0x00000e15       0x2d c:/program files (x86)/atmel/studio/7.0/toolchain/arm/arm-gnu-toolchain/bin/../lib/gcc/arm-none-eabi/4.9.3/../../../../arm-none-eabi/lib/armv7-m\libc.a(lib_a-refill.o)
 .ARM.attributes
                0x00000e42       0x2d c:/program files (x86)/atmel/studio/7.0/toolchain/arm/arm-gnu-toolchain/bin/../lib/gcc/arm-none-eabi/4.9.3/../../../../arm-none-eabi/lib/armv7-m\libc.a(lib_a-sbrkr.o)
 .ARM.attributes
                0x00000e6f       0x2d c:/program files (x86)/atmel/studio/7.0/toolchain/arm/arm-gnu-toolchain/bin/../lib/gcc/arm-none-eabi/4.9.3/../../../../arm-none-eabi/lib/armv7-m\libc.a(lib_a-stdio.o)
 .ARM.attributes
                0x00000e9c       0x2d c:/program files (x86)/atmel/studio/7.0/toolchain/arm/arm-gnu-toolchain/bin/../lib/gcc/arm-none-eabi/4.9.3/../../../../arm-none-eabi/lib/armv7-m\libc.a(lib_a-wbuf.o)
 .ARM.attributes
                0x00000ec9       0x2d c:/program files (x86)/atmel/studio/7.0/toolchain/arm/arm-gnu-toolchain/bin/../lib/gcc/arm-none-eabi/4.9.3/../../../../arm-none-eabi/lib/armv7-m\libc.a(lib_a-wcrtomb.o)
 .ARM.attributes
                0x00000ef6       0x2d c:/program files (x86)/atmel/studio/7.0/toolchain/arm/arm-gnu-toolchain/bin/../lib/gcc/arm-none-eabi/4.9.3/../../../../arm-none-eabi/lib/armv7-m\libc.a(lib_a-wctomb_r.o)
 .ARM.attributes
                0x00000f23       0x2d c:/program files (x86)/atmel/studio/7.0/toolchain/arm/arm-gnu-toolchain/bin/../lib/gcc/arm-none-eabi/4.9.3/../../../../arm-none-eabi/lib/armv7-m\libc.a(lib_a-writer.o)
 .ARM.attributes
                0x00000f50       0x2d c:/program files (x86)/atmel/studio/7.0/toolchain/arm/arm-gnu-toolchain/bin/../lib/gcc/arm-none-eabi/4.9.3/../../../../arm-none-eabi/lib/armv7-m\libc.a(lib_a-__atexit.o)
 .ARM.attributes
                0x00000f7d       0x2d c:/program files (x86)/atmel/studio/7.0/toolchain/arm/arm-gnu-toolchain/bin/../lib/gcc/arm-none-eabi/4.9.3/../../../../arm-none-eabi/lib/armv7-m\libc.a(lib_a-callocr.o)
 .ARM.attributes
                0x00000faa       0x2d c:/program files (x86)/atmel/studio/7.0/toolchain/arm/arm-gnu-toolchain/bin/../lib/gcc/arm-none-eabi/4.9.3/../../../../arm-none-eabi/lib/armv7-m\libc.a(lib_a-closer.o)
 .ARM.attributes
                0x00000fd7       0x2d c:/program files (x86)/atmel/studio/7.0/toolchain/arm/arm-gnu-toolchain/bin/../lib/gcc/arm-none-eabi/4.9.3/../../../../arm-none-eabi/lib/armv7-m\libc.a(lib_a-fclose.o)
 .ARM.attributes
                0x00001004       0x2d c:/program files (x86)/atmel/studio/7.0/toolchain/arm/arm-gnu-toolchain/bin/../lib/gcc/arm-none-eabi/4.9.3/../../../../arm-none-eabi/lib/armv7-m\libc.a(lib_a-fstatr.o)
 .ARM.attributes
                0x00001031       0x2d c:/program files (x86)/atmel/studio/7.0/toolchain/arm/arm-gnu-toolchain/bin/../lib/gcc/arm-none-eabi/4.9.3/../../../../arm-none-eabi/lib/armv7-m\libc.a(lib_a-isattyr.o)
 .ARM.attributes