Archive member included because of file (symbol)

c:/program files (x86)/atmel/studio/7.0/toolchain/arm/arm-gnu-toolchain/bin/../lib/gcc/arm-none-eabi/4.9.3/armv7-m\libgcc.a(_arm_addsubsf3.o)
                              src/task_reg.o (__aeabi_fadd)
c:/program files (x86)/atmel/studio/7.0/toolchain/arm/arm-gnu-toolchain/bin/../lib/gcc/arm-none-eabi/4.9.3/armv7-m\libgcc.a(_arm_muldivsf3.o)
                              src/task_reg.o (__aeabi_fmul)
c:/program files (x86)/atmel/studio/7.0/toolchain/arm/arm-gnu-toolchain/bin/../lib/gcc/arm-none-eabi/4.9.3/armv7-m\libgcc.a(_arm_cmpsf2.o)
                              src/task_reg.o (__aeabi_fcmplt)
c:/program files (x86)/atmel/studio/7.0/toolchain/arm/arm-gnu-toolchain/bin/../lib/gcc/arm-none-eabi/4.9.3/armv7-m\libgcc.a(_arm_fixunssfsi.o)
                              src/task_reg.o (__aeabi_f2uiz)
c:/program files (x86)/atmel/studio/7.0/toolchain/arm/arm-gnu-toolchain/bin/../lib/gcc/arm-none-eabi/4.9.3/../../../../arm-none-eabi/lib/armv7-m\libc.a(lib_a-atoi.o)
                              src/uart_SR.o (atoi)
c:/program files (x86)/atmel/studio/7.0/toolchain/arm/arm-gnu-toolchain/bin/../lib/gcc/arm-none-eabi/4.9.3/../../../../arm-none-eabi/lib/armv7-m\libc.a(lib_a-exit.o)
                              c:/program files (x86)/atmel/studio/7.0/toolchain/arm/arm-gnu-toolchain/bin/../lib/gcc/arm-none-eabi/4.9.3/../../../../arm-none-eabi/lib/armv7-m/crt0.o (exit)
c:/program files (x86)/atmel/studio/7.0/toolchain/arm/arm-gnu-toolchain/bin/../lib/gcc/arm-none-eabi/4.9.3/../../../../arm-none-eabi/lib/armv7-m\libc.a(lib_a-gets.o)
                              src/uart_SR.o (gets)
c:/program files (x86)/atmel/studio/7.0/toolchain/arm/arm-gnu-toolchain/bin/../lib/gcc/arm-none-eabi/4.9.3/../../../../arm-none-eabi/lib/armv7-m\libc.a(lib_a-impure.o)
                              c:/program files (x86)/atmel/studio/7.0/toolchain/arm/arm-gnu-toolchain/bin/../lib/gcc/arm-none-eabi/4.9.3/../../../../arm-none-eabi/lib/armv7-m\libc.a(lib_a-exit.o) (_global_impure_ptr)
c:/program files (x86)/atmel/studio/7.0/toolchain/arm/arm-gnu-toolchain/bin/../lib/gcc/arm-none-eabi/4.9.3/../../../../arm-none-eabi/lib/armv7-m\libc.a(lib_a-init.o)
                              c:/program files (x86)/atmel/studio/7.0/toolchain/arm/arm-gnu-toolchain/bin/../lib/gcc/arm-none-eabi/4.9.3/../../../../arm-none-eabi/lib/armv7-m/crt0.o (__libc_init_array)
c:/program files (x86)/atmel/studio/7.0/toolchain/arm/arm-gnu-toolchain/bin/../lib/gcc/arm-none-eabi/4.9.3/../../../../arm-none-eabi/lib/armv7-m\libc.a(lib_a-iprintf.o)
                              src/ASF/sam/drivers/adc/adc.o (iprintf)
c:/program files (x86)/atmel/studio/7.0/toolchain/arm/arm-gnu-toolchain/bin/../lib/gcc/arm-none-eabi/4.9.3/../../../../arm-none-eabi/lib/armv7-m\libc.a(lib_a-itoa.o)
                              src/task_com.o (itoa)
c:/program files (x86)/atmel/studio/7.0/toolchain/arm/arm-gnu-toolchain/bin/../lib/gcc/arm-none-eabi/4.9.3/../../../../arm-none-eabi/lib/armv7-m\libc.a(lib_a-memcpy.o)
                              src/ASF/thirdparty/freertos/freertos-7.3.0/source/queue.o (memcpy)
c:/program files (x86)/atmel/studio/7.0/toolchain/arm/arm-gnu-toolchain/bin/../lib/gcc/arm-none-eabi/4.9.3/../../../../arm-none-eabi/lib/armv7-m\libc.a(lib_a-memset.o)
                              c:/program files (x86)/atmel/studio/7.0/toolchain/arm/arm-gnu-toolchain/bin/../lib/gcc/arm-none-eabi/4.9.3/../../../../arm-none-eabi/lib/armv7-m/crt0.o (memset)
c:/program files (x86)/atmel/studio/7.0/toolchain/arm/arm-gnu-toolchain/bin/../lib/gcc/arm-none-eabi/4.9.3/../../../../arm-none-eabi/lib/armv7-m\libc.a(lib_a-puts.o)
                              src/ASF/sam/drivers/adc/adc.o (puts)
c:/program files (x86)/atmel/studio/7.0/toolchain/arm/arm-gnu-toolchain/bin/../lib/gcc/arm-none-eabi/4.9.3/../../../../arm-none-eabi/lib/armv7-m\libc.a(lib_a-rget.o)
                              c:/program files (x86)/atmel/studio/7.0/toolchain/arm/arm-gnu-toolchain/bin/../lib/gcc/arm-none-eabi/4.9.3/../../../../arm-none-eabi/lib/armv7-m\libc.a(lib_a-gets.o) (__srget_r)
c:/program files (x86)/atmel/studio/7.0/toolchain/arm/arm-gnu-toolchain/bin/../lib/gcc/arm-none-eabi/4.9.3/../../../../arm-none-eabi/lib/armv7-m\libc.a(lib_a-setbuf.o)
                              src/ASF/thirdparty/wireless/addons/sio2host/uart/sio2host.o (setbuf)
c:/program files (x86)/atmel/studio/7.0/toolchain/arm/arm-gnu-toolchain/bin/../lib/gcc/arm-none-eabi/4.9.3/../../../../arm-none-eabi/lib/armv7-m\libc.a(lib_a-setvbuf.o)
                              c:/program files (x86)/atmel/studio/7.0/toolchain/arm/arm-gnu-toolchain/bin/../lib/gcc/arm-none-eabi/4.9.3/../../../../arm-none-eabi/lib/armv7-m\libc.a(lib_a-setbuf.o) (setvbuf)
c:/program files (x86)/atmel/studio/7.0/toolchain/arm/arm-gnu-toolchain/bin/../lib/gcc/arm-none-eabi/4.9.3/../../../../arm-none-eabi/lib/armv7-m\libc.a(lib_a-sprintf.o)
                              src/ASF/thirdparty/freertos/freertos-7.3.0/source/tasks.o (sprintf)
[...]
Memory Configuration

Name             Origin             Length             Attributes
rom              0x00080000         0x00080000         xr
sram0            0x20000000         0x00010000         xrw
sram1            0x20080000         0x00008000         xrw
ram              0x20070000         0x00018000         xrw
*default*        0x00000000         0xffffffff

Linker script and memory map

LOAD c:/program files (x86)/atmel/studio/7.0/toolchain/arm/arm-gnu-toolchain/bin/../lib/gcc/arm-none-eabi/4.9.3/armv7-m/crti.o
LOAD c:/program files (x86)/atmel/studio/7.0/toolchain/arm/arm-gnu-toolchain/bin/../lib/gcc/arm-none-eabi/4.9.3/armv7-m/crtbegin.o
LOAD c:/program files (x86)/atmel/studio/7.0/toolchain/arm/arm-gnu-toolchain/bin/../lib/gcc/arm-none-eabi/4.9.3/../../../../arm-none-eabi/lib/armv7-m/crt0.o
LOAD src/adc_io.o
LOAD src/ASF/common/services/delay/sam/cycle_counter.o
LOAD src/ASF/common/utils/stdio/read.o
LOAD src/ASF/sam/drivers/adc/adc.o
LOAD src/ASF/sam/drivers/dacc/dacc.o
LOAD src/ASF/sam/drivers/usart/usart.o
LOAD src/ASF/thirdparty/freertos/freertos-7.3.0/source/FreeRTOS_CLI.o
LOAD src/ASF/thirdparty/wireless/addons/sio2host/uart/sio2host.o
LOAD src/pwm_io.o
LOAD src/task_com.o
LOAD src/task_reg.o
LOAD src/uart_SR.o
LOAD src/ASF/thirdparty/freertos/freertos-7.3.0/source/list.o
LOAD src/ASF/thirdparty/freertos/freertos-7.3.0/source/portable/gcc/sam/port.o
LOAD src/ASF/thirdparty/freertos/freertos-7.3.0/source/portable/memmang/heap_4.o
LOAD src/ASF/thirdparty/freertos/freertos-7.3.0/source/queue.o
LOAD src/ASF/thirdparty/freertos/freertos-7.3.0/source/tasks.o
LOAD src/ASF/thirdparty/freertos/freertos-7.3.0/source/timers.o
LOAD src/ASF/sam/drivers/adc/adc_sam3u.o
LOAD src/ASF/common/utils/stdio/write.o
LOAD src/ASF/common/services/serial/usart_serial.o
LOAD src/ASF/sam/drivers/pwm/pwm.o
LOAD src/ASF/sam/drivers/tc/tc.o
LOAD src/ASF/sam/drivers/uart/uart.o
LOAD src/ASF/common/services/clock/sam3x/sysclk.o
LOAD src/ASF/common/utils/interrupt/interrupt_sam_nvic.o
LOAD src/ASF/sam/boards/arduino_due_x/init.o
LOAD src/ASF/sam/drivers/pio/pio.o
LOAD src/ASF/sam/drivers/pio/pio_handler.o
LOAD src/ASF/sam/drivers/pmc/pmc.o
LOAD src/ASF/sam/drivers/pmc/sleep.o
LOAD src/ASF/sam/utils/cmsis/sam3x/source/templates/exceptions.o
LOAD src/ASF/sam/utils/cmsis/sam3x/source/templates/gcc/startup_sam3x.o
LOAD src/ASF/sam/utils/cmsis/sam3x/source/templates/system_sam3x.o
LOAD src/ASF/sam/utils/syscalls/gcc/syscalls.o
LOAD src/main.o
START GROUP
LOAD ../src/ASF/thirdparty/CMSIS/Lib/GCC\libarm_cortexM3l_math.a
LOAD c:/program files (x86)/atmel/studio/7.0/toolchain/arm/arm-gnu-toolchain/bin/../lib/gcc/arm-none-eabi/4.9.3/../../../../arm-none-eabi/lib/armv7-m\libm.a
END GROUP
START GROUP
LOAD c:/program files (x86)/atmel/studio/7.0/toolchain/arm/arm-gnu-toolchain/bin/../lib/gcc/arm-none-eabi/4.9.3/armv7-m\libgcc.a
LOAD c:/program files (x86)/atmel/studio/7.0/toolchain/arm/arm-gnu-toolchain/bin/../lib/gcc/arm-none-eabi/4.9.3/../../../../arm-none-eabi/lib/armv7-m\libc.a
END GROUP
LOAD c:/program files (x86)/atmel/studio/7.0/toolchain/arm/arm-gnu-toolchain/bin/../lib/gcc/arm-none-eabi/4.9.3/armv7-m/crtend.o
LOAD c:/program files (x86)/atmel/studio/7.0/toolchain/arm/arm-gnu-toolchain/bin/../lib/gcc/arm-none-eabi/4.9.3/armv7-m/crtn.o
                0x00002000                __stack_size__ = DEFINED (__stack_size__)?__stack_size__:0x2000
                0x20087ffc                __ram_end__ = ((ORIGIN (ram) + 0x18000) - 0x4)

.text           0x00080000     0x6540
                0x00080000                . = ALIGN (0x4)
                0x00080000                _sfixed = .
 *(.vectors .vectors.*)
 .vectors       0x00080000       0xf4 src/ASF/sam/utils/cmsis/sam3x/source/templates/gcc/startup_sam3x.o
                0x00080000                exception_table
 *(.text .text.* .gnu.linkonce.t.*)
 .text          0x000800f4       0x5c c:/program files (x86)/atmel/studio/7.0/toolchain/arm/arm-gnu-toolchain/bin/../lib/gcc/arm-none-eabi/4.9.3/armv7-m/crtbegin.o
 .text.adc_setup
                0x00080150       0x64 src/adc_io.o
                0x00080150                adc_setup
 .text._read    0x000801b4       0x3c src/ASF/common/utils/stdio/read.o
                0x000801b4                _read
 .text.adc_init
                0x000801f0       0x34 src/ASF/sam/drivers/adc/adc.o
                0x000801f0                adc_init
 .text.adc_set_resolution
                0x00080224       0x10 src/ASF/sam/drivers/adc/adc.o
                0x00080224                adc_set_resolution
 .text.adc_configure_trigger
                0x00080234       0x10 src/ASF/sam/drivers/adc/adc.o
                0x00080234                adc_configure_trigger
 .text.adc_configure_timing
                0x00080244       0x20 src/ASF/sam/drivers/adc/adc.o
                0x00080244                adc_configure_timing
 .text.adc_start
                0x00080264        0x8 src/ASF/sam/drivers/adc/adc.o
                0x00080264                adc_start
 .text.adc_enable_channel
                0x0008026c        0x8 src/ASF/sam/drivers/adc/adc.o
                0x0008026c                adc_enable_channel
 .text.adc_get_latest_value
                0x00080274        0x4 src/ASF/sam/drivers/adc/adc.o
                0x00080274                adc_get_latest_value
 .text.adc_get_status
                0x00080278        0x4 src/ASF/sam/drivers/adc/adc.o
                0x00080278                adc_get_status
 .text.usart_write
                0x0008027c       0x14 src/ASF/sam/drivers/usart/usart.o
                0x0008027c                usart_write
 .text.usart_read
                0x00080290       0x18 src/ASF/sam/drivers/usart/usart.o
                0x00080290                usart_read
 .text.USART0_Handler
                0x000802a8       0x60 src/ASF/thirdparty/wireless/addons/sio2host/uart/sio2host.o
                0x000802a8                USART0_Handler
 .text.pwm_set_duty_cycle
                0x00080308       0x1c src/pwm_io.o
                0x00080308                pwm_set_duty_cycle
 .text.pwm_setup
                0x00080324       0x88 src/pwm_io.o
                0x00080324                pwm_setup
 .text.task_com
                0x000803ac       0xc0 src/task_com.o
                0x000803ac                task_com
 .text.task_reg
                0x0008046c      0x144 src/task_reg.o
                0x0008046c                task_reg
 .text.usart_serial_getchar
                0x000805b0       0xa8 src/uart_SR.o
 .text.usart_serial_putchar
                0x00080658       0x9c src/uart_SR.o
 .text.matlab_values
                0x000806f4       0xc0 src/uart_SR.o
                0x000806f4                matlab_values
 .text.configure_console
                0x000807b4       0x7c src/uart_SR.o
                0x000807b4                configure_console
 .text.vListInitialise
                0x00080830       0x18 src/ASF/thirdparty/freertos/freertos-7.3.0/source/list.o
                0x00080830                vListInitialise
 .text.vListInitialiseItem
                0x00080848        0x8 src/ASF/thirdparty/freertos/freertos-7.3.0/source/list.o
                0x00080848                vListInitialiseItem
 .text.vListInsertEnd
                0x00080850       0x1c src/ASF/thirdparty/freertos/freertos-7.3.0/source/list.o
                0x00080850                vListInsertEnd
 .text.vListInsert
                0x0008086c       0x44 src/ASF/thirdparty/freertos/freertos-7.3.0/source/list.o
                0x0008086c                vListInsert
 .text.uxListRemove
                0x000808b0       0x28 src/ASF/thirdparty/freertos/freertos-7.3.0/source/list.o
                0x000808b0                uxListRemove
 .text.prvPortStartFirstTask
                0x000808d8       0x14 src/ASF/thirdparty/freertos/freertos-7.3.0/source/portable/gcc/sam/port.o
 .text.pxPortInitialiseStack
                0x000808ec       0x1c src/ASF/thirdparty/freertos/freertos-7.3.0/source/portable/gcc/sam/port.o
                0x000808ec                pxPortInitialiseStack
 .text.SVC_Handler
                0x00080908       0x20 src/ASF/thirdparty/freertos/freertos-7.3.0/source/portable/gcc/sam/port.o
                0x00080908                SVC_Handler
 .text.vPortYieldFromISR
                0x00080928       0x10 src/ASF/thirdparty/freertos/freertos-7.3.0/source/portable/gcc/sam/port.o
                0x00080928                vPortYieldFromISR
 .text.ulPortSetInterruptMask
                0x00080938       0x10 src/ASF/thirdparty/freertos/freertos-7.3.0/source/portable/gcc/sam/port.o
                0x00080938                ulPortSetInterruptMask
 .text.vPortEnterCritical
                0x00080948       0x18 src/ASF/thirdparty/freertos/freertos-7.3.0/source/portable/gcc/sam/port.o
                0x00080948                vPortEnterCritical
 .text.vPortClearInterruptMask
                0x00080960        0x8 src/ASF/thirdparty/freertos/freertos-7.3.0/source/portable/gcc/sam/port.o
                0x00080960                vPortClearInterruptMask
 .text.vPortExitCritical
                0x00080968       0x1c src/ASF/thirdparty/freertos/freertos-7.3.0/source/portable/gcc/sam/port.o
                0x00080968                vPortExitCritical
 .text.PendSV_Handler
                0x00080984       0x3c src/ASF/thirdparty/freertos/freertos-7.3.0/source/portable/gcc/sam/port.o
                0x00080984                PendSV_Handler
 .text.SysTick_Handler
                0x000809c0       0x2c src/ASF/thirdparty/freertos/freertos-7.3.0/source/portable/gcc/sam/port.o
                0x000809c0                SysTick_Handler
 .text.vPortSetupTimerInterrupt
                0x000809ec       0x18 src/ASF/thirdparty/freertos/freertos-7.3.0/source/portable/gcc/sam/port.o
                0x000809ec                vPortSetupTimerInterrupt
 .text.xPortStartScheduler
                0x00080a04       0x38 src/ASF/thirdparty/freertos/freertos-7.3.0/source/portable/gcc/sam/port.o
                0x00080a04                xPortStartScheduler
 .text.prvInsertBlockIntoFreeList
                0x00080a3c       0x58 src/ASF/thirdparty/freertos/freertos-7.3.0/source/portable/memmang/heap_4.o
 .text.pvPortMalloc
                0x00080a94       0xc8 src/ASF/thirdparty/freertos/freertos-7.3.0/source/portable/memmang/heap_4.o
                0x00080a94                pvPortMalloc
 .text.vPortFree
                0x00080b5c       0x38 src/ASF/thirdparty/freertos/freertos-7.3.0/source/portable/memmang/heap_4.o
                0x00080b5c                vPortFree
 .text.prvCopyDataToQueue
                0x00080b94       0x64 src/ASF/thirdparty/freertos/freertos-7.3.0/source/queue.o
 .text.prvCopyDataFromQueue
                0x00080bf8       0x28 src/ASF/thirdparty/freertos/freertos-7.3.0/source/queue.o
 .text.prvUnlockQueue
                0x00080c20       0x90 src/ASF/thirdparty/freertos/freertos-7.3.0/source/queue.o
 .text.xQueueGenericReset
                0x00080cb0       0x7c src/ASF/thirdparty/freertos/freertos-7.3.0/source/queue.o
                0x00080cb0                xQueueGenericReset
 .text.xQueueGenericCreate
                0x00080d2c       0x58 src/ASF/thirdparty/freertos/freertos-7.3.0/source/queue.o
                0x00080d2c                xQueueGenericCreate
 .text.xQueueGenericSend
                0x00080d84      0x128 src/ASF/thirdparty/freertos/freertos-7.3.0/source/queue.o
                0x00080d84                xQueueGenericSend
 .text.xQueueGenericSendFromISR
                0x00080eac       0x90 src/ASF/thirdparty/freertos/freertos-7.3.0/source/queue.o
                0x00080eac                xQueueGenericSendFromISR
 .text.xQueueGenericReceive
                0x00080f3c      0x164 src/ASF/thirdparty/freertos/freertos-7.3.0/source/queue.o
                0x00080f3c                xQueueGenericReceive
 .text.vQueueWaitForMessageRestricted
                0x000810a0       0x4c src/ASF/thirdparty/freertos/freertos-7.3.0/source/queue.o
                0x000810a0                vQueueWaitForMessageRestricted
 .text.prvAddCurrentTaskToDelayedList
                0x000810ec       0x5c src/ASF/thirdparty/freertos/freertos-7.3.0/source/tasks.o
 .text.xTaskGenericCreate
                0x00081148      0x204 src/ASF/thirdparty/freertos/freertos-7.3.0/source/tasks.o
                0x00081148                xTaskGenericCreate
 .text.vTaskStartScheduler
                0x0008134c       0x6c src/ASF/thirdparty/freertos/freertos-7.3.0/source/tasks.o
                0x0008134c                vTaskStartScheduler
 .text.vTaskSuspendAll
                0x000813b8       0x10 src/ASF/thirdparty/freertos/freertos-7.3.0/source/tasks.o
                0x000813b8                vTaskSuspendAll
 .text.xTaskGetTickCount
                0x000813c8       0x20 src/ASF/thirdparty/freertos/freertos-7.3.0/source/tasks.o
                0x000813c8                xTaskGetTickCount
 .text.vTaskIncrementTick
                0x000813e8      0x12c src/ASF/thirdparty/freertos/freertos-7.3.0/source/tasks.o
                0x000813e8                vTaskIncrementTick
 .text.xTaskResumeAll
                0x00081514      0x104 src/ASF/thirdparty/freertos/freertos-7.3.0/source/tasks.o
                0x00081514                xTaskResumeAll
 .text.vTaskDelayUntil
                0x00081618       0x98 src/ASF/thirdparty/freertos/freertos-7.3.0/source/tasks.o
                0x00081618                vTaskDelayUntil
 .text.prvIdleTask
                0x000816b0       0x84 src/ASF/thirdparty/freertos/freertos-7.3.0/source/tasks.o
 .text.vTaskSwitchContext
                0x00081734       0xa4 src/ASF/thirdparty/freertos/freertos-7.3.0/source/tasks.o
                0x00081734                vTaskSwitchContext
 .text.vTaskPlaceOnEventList
                0x000817d8       0x64 src/ASF/thirdparty/freertos/freertos-7.3.0/source/tasks.o
                0x000817d8                vTaskPlaceOnEventList
 .text.vTaskPlaceOnEventListRestricted
                0x0008183c       0x48 src/ASF/thirdparty/freertos/freertos-7.3.0/source/tasks.o
                0x0008183c                vTaskPlaceOnEventListRestricted
 .text.xTaskRemoveFromEventList
                0x00081884       0x84 src/ASF/thirdparty/freertos/freertos-7.3.0/source/tasks.o
                0x00081884                xTaskRemoveFromEventList
 .text.vTaskSetTimeOutState
                0x00081908       0x28 src/ASF/thirdparty/freertos/freertos-7.3.0/source/tasks.o
                0x00081908                vTaskSetTimeOutState
 .text.xTaskCheckForTimeOut
                0x00081930       0x8c src/ASF/thirdparty/freertos/freertos-7.3.0/source/tasks.o
                0x00081930                xTaskCheckForTimeOut
 .text.vTaskMissedYield
                0x000819bc        0xc src/ASF/thirdparty/freertos/freertos-7.3.0/source/tasks.o
                0x000819bc                vTaskMissedYield
 .text.xTaskGetCurrentTaskHandle
                0x000819c8        0xc src/ASF/thirdparty/freertos/freertos-7.3.0/source/tasks.o
                0x000819c8                xTaskGetCurrentTaskHandle
 .text.xTaskGetSchedulerState
                0x000819d4       0x20 src/ASF/thirdparty/freertos/freertos-7.3.0/source/tasks.o
                0x000819d4                xTaskGetSchedulerState
 .text.vTaskPriorityInherit
                0x000819f4       0x80 src/ASF/thirdparty/freertos/freertos-7.3.0/source/tasks.o
                0x000819f4                vTaskPriorityInherit
 .text.vTaskPriorityDisinherit
                0x00081a74       0x50 src/ASF/thirdparty/freertos/freertos-7.3.0/source/tasks.o
                0x00081a74                vTaskPriorityDisinherit
 .text.prvInsertTimerInActiveList
                0x00081ac4       0x50 src/ASF/thirdparty/freertos/freertos-7.3.0/source/timers.o
 .text.prvCheckForValidListAndQueue
                0x00081b14       0x5c src/ASF/thirdparty/freertos/freertos-7.3.0/source/timers.o
 .text.xTimerCreateTimerTask
                0x00081b70       0x4c src/ASF/thirdparty/freertos/freertos-7.3.0/source/timers.o
                0x00081b70                xTimerCreateTimerTask
 .text.xTimerGenericCommand
                0x00081bbc       0x58 src/ASF/thirdparty/freertos/freertos-7.3.0/source/timers.o
                0x00081bbc                xTimerGenericCommand
 .text.prvSampleTimeNow
                0x00081c14       0xb8 src/ASF/thirdparty/freertos/freertos-7.3.0/source/timers.o
 .text.prvTimerTask
                0x00081ccc      0x180 src/ASF/thirdparty/freertos/freertos-7.3.0/source/timers.o
 .text._write   0x00081e4c       0x50 src/ASF/common/utils/stdio/write.o
                0x00081e4c                _write
 .text.usart_serial_read_packet
                0x00081e9c       0xc4 src/ASF/common/services/serial/usart_serial.o
                0x00081e9c                usart_serial_read_packet
 .text.pwm_clocks_generate
                0x00081f60       0x54 src/ASF/sam/drivers/pwm/pwm.o
 .text.pwm_init
                0x00081fb4       0x4c src/ASF/sam/drivers/pwm/pwm.o
                0x00081fb4                pwm_init
 .text.pwm_channel_init
                0x00082000      0x108 src/ASF/sam/drivers/pwm/pwm.o
                0x00082000                pwm_channel_init
 .text.pwm_channel_update_duty
                0x00082108       0x24 src/ASF/sam/drivers/pwm/pwm.o
                0x00082108                pwm_channel_update_duty
 .text.pwm_channel_enable
                0x0008212c        0x8 src/ASF/sam/drivers/pwm/pwm.o
                0x0008212c                pwm_channel_enable
 .text.uart_init
                0x00082134       0x38 src/ASF/sam/drivers/uart/uart.o
                0x00082134                uart_init
 .text.uart_write
                0x0008216c       0x10 src/ASF/sam/drivers/uart/uart.o
                0x0008216c                uart_write
 .text.uart_read
                0x0008217c       0x14 src/ASF/sam/drivers/uart/uart.o
                0x0008217c                uart_read
 .text.sysclk_init
                0x00082190       0x64 src/ASF/common/services/clock/sam3x/sysclk.o
                0x00082190                sysclk_init
 .text.board_init
                0x000821f4       0x70 src/ASF/sam/boards/arduino_due_x/init.o
                0x000821f4                board_init
 .text.pio_set_peripheral
                0x00082264       0x40 src/ASF/sam/drivers/pio/pio.o
                0x00082264                pio_set_peripheral
 .text.pio_set_input
                0x000822a4       0x34 src/ASF/sam/drivers/pio/pio.o
                0x000822a4                pio_set_input
 .text.pio_set_output
                0x000822d8       0x28 src/ASF/sam/drivers/pio/pio.o
                0x000822d8                pio_set_output
 .text.pio_get_interrupt_status
                0x00082300        0x4 src/ASF/sam/drivers/pio/pio.o
                0x00082300                pio_get_interrupt_status
 .text.pio_get_interrupt_mask
                0x00082304        0x4 src/ASF/sam/drivers/pio/pio.o
                0x00082304                pio_get_interrupt_mask
 .text.pio_configure_pin
                0x00082308       0xd4 src/ASF/sam/drivers/pio/pio.o
                0x00082308                pio_configure_pin
 .text.pio_configure_pin_group
                0x000823dc       0xa0 src/ASF/sam/drivers/pio/pio.o
                0x000823dc                pio_configure_pin_group
 .text.pio_handler_process
                0x0008247c       0x50 src/ASF/sam/drivers/pio/pio_handler.o
                0x0008247c                pio_handler_process
 .text.PIOA_Handler
                0x000824cc       0x14 src/ASF/sam/drivers/pio/pio_handler.o
                0x000824cc                PIOA_Handler
 .text.PIOB_Handler
                0x000824e0       0x14 src/ASF/sam/drivers/pio/pio_handler.o
                0x000824e0                PIOB_Handler
 .text.PIOC_Handler
                0x000824f4       0x14 src/ASF/sam/drivers/pio/pio_handler.o
                0x000824f4                PIOC_Handler
 .text.PIOD_Handler
                0x00082508       0x14 src/ASF/sam/drivers/pio/pio_handler.o
                0x00082508                PIOD_Handler
 .text.pmc_switch_mck_to_pllack
                0x0008251c       0x68 src/ASF/sam/drivers/pmc/pmc.o
                0x0008251c                pmc_switch_mck_to_pllack
 .text.pmc_switch_mainck_to_xtal
                0x00082584       0x54 src/ASF/sam/drivers/pmc/pmc.o
                0x00082584                pmc_switch_mainck_to_xtal
 .text.pmc_osc_is_ready_mainck
                0x000825d8       0x10 src/ASF/sam/drivers/pmc/pmc.o
                0x000825d8                pmc_osc_is_ready_mainck
 .text.pmc_disable_pllack
                0x000825e8       0x10 src/ASF/sam/drivers/pmc/pmc.o
                0x000825e8                pmc_disable_pllack
 .text.pmc_is_locked_pllack
                0x000825f8       0x10 src/ASF/sam/drivers/pmc/pmc.o
                0x000825f8                pmc_is_locked_pllack
 .text.pmc_enable_periph_clk
                0x00082608       0x54 src/ASF/sam/drivers/pmc/pmc.o
                0x00082608                pmc_enable_periph_clk
 .text.Dummy_Handler
                0x0008265c        0x4 src/ASF/sam/utils/cmsis/sam3x/source/templates/exceptions.o
                0x0008265c                DACC_Handler
                0x0008265c                DebugMon_Handler
                0x0008265c                DMAC_Handler
                0x0008265c                TRNG_Handler
                0x0008265c                HardFault_Handler
                0x0008265c                TC2_Handler
                0x0008265c                USART3_Handler
                0x0008265c                TWI1_Handler
                0x0008265c                NMI_Handler
                0x0008265c                TC7_Handler
                0x0008265c                ADC_Handler
                0x0008265c                SMC_Handler
                0x0008265c                RTT_Handler
                0x0008265c                EFC1_Handler
                0x0008265c                RTC_Handler
                0x0008265c                UsageFault_Handler
                0x0008265c                TC6_Handler
                0x0008265c                WDT_Handler
                0x0008265c                CAN0_Handler
                0x0008265c                TC4_Handler
                0x0008265c                TC1_Handler
                0x0008265c                HSMCI_Handler
                0x0008265c                TC3_Handler
                0x0008265c                Dummy_Handler
                0x0008265c                TWI0_Handler
                0x0008265c                USART1_Handler
                0x0008265c                SSC_Handler
                0x0008265c                EFC0_Handler
                0x0008265c                PMC_Handler
                0x0008265c                PWM_Handler
                0x0008265c                CAN1_Handler
                0x0008265c                MemManage_Handler
                0x0008265c                SUPC_Handler
                0x0008265c                TC8_Handler
                0x0008265c                USART2_Handler
                0x0008265c                EMAC_Handler
                0x0008265c                UART_Handler
                0x0008265c                BusFault_Handler
                0x0008265c                RSTC_Handler
                0x0008265c                TC0_Handler
                0x0008265c                TC5_Handler
                0x0008265c                UOTGHS_Handler
                0x0008265c                SPI0_Handler
 .text.Reset_Handler
                0x00082660       0xb0 src/ASF/sam/utils/cmsis/sam3x/source/templates/gcc/startup_sam3x.o
                0x00082660                Reset_Handler
 .text.SystemCoreClockUpdate
                0x00082710      0x11c src/ASF/sam/utils/cmsis/sam3x/source/templates/system_sam3x.o
                0x00082710                SystemCoreClockUpdate
 .text._sbrk    0x0008282c       0x34 src/ASF/sam/utils/syscalls/gcc/syscalls.o
                0x0008282c                _sbrk
 .text._close   0x00082860        0x8 src/ASF/sam/utils/syscalls/gcc/syscalls.o
                0x00082860                _close
 .text._fstat   0x00082868        0xc src/ASF/sam/utils/syscalls/gcc/syscalls.o
                0x00082868                _fstat
 .text._isatty  0x00082874        0x4 src/ASF/sam/utils/syscalls/gcc/syscalls.o
                0x00082874                _isatty
 .text._lseek   0x00082878        0x4 src/ASF/sam/utils/syscalls/gcc/syscalls.o
                0x00082878                _lseek
 .text.main     0x0008287c       0xf0 src/main.o
                0x0008287c                main
 .text          0x0008296c      0x21c c:/program files (x86)/atmel/studio/7.0/toolchain/arm/arm-gnu-toolchain/bin/../lib/gcc/arm-none-eabi/4.9.3/armv7-m\libgcc.a(_arm_addsubsf3.o)
                0x0008296c                __aeabi_frsub
                0x00082974                __subsf3
                0x00082974                __aeabi_fsub
                0x00082978                __aeabi_fadd
                0x00082978                __addsf3
                0x00082ad8                __aeabi_ui2f
                0x00082ad8                __floatunsisf
                0x00082ae0                __aeabi_i2f
                0x00082ae0                __floatsisf
                0x00082afc                __aeabi_ul2f
                0x00082afc                __floatundisf
                0x00082b0c                __aeabi_l2f
                0x00082b0c                __floatdisf
 .text          0x00082b88      0x2a0 c:/program files (x86)/atmel/studio/7.0/toolchain/arm/arm-gnu-toolchain/bin/../lib/gcc/arm-none-eabi/4.9.3/armv7-m\libgcc.a(_arm_muldivsf3.o)
                0x00082b88                __mulsf3
                0x00082b88                __aeabi_fmul
                0x00082cf0                __aeabi_fdiv
                0x00082cf0                __divsf3
 .text          0x00082e28       0xec c:/program files (x86)/atmel/studio/7.0/toolchain/arm/arm-gnu-toolchain/bin/../lib/gcc/arm-none-eabi/4.9.3/armv7-m\libgcc.a(_arm_cmpsf2.o)
                0x00082e28                __gesf2
                0x00082e28                __gtsf2
                0x00082e30                __lesf2
                0x00082e30                __ltsf2
                0x00082e38                __nesf2
                0x00082e38                __eqsf2
                0x00082e38                __cmpsf2
                0x00082e98                __aeabi_cfrcmple
                0x00082ea0                __aeabi_cfcmpeq
                0x00082ea0                __aeabi_cfcmple
                0x00082eb0                __aeabi_fcmpeq
                0x00082ec4                __aeabi_fcmplt
                0x00082ed8                __aeabi_fcmple
                0x00082eec                __aeabi_fcmpge
                0x00082f00                __aeabi_fcmpgt
 .text          0x00082f14       0x40 c:/program files (x86)/atmel/studio/7.0/toolchain/arm/arm-gnu-toolchain/bin/../lib/gcc/arm-none-eabi/4.9.3/armv7-m\libgcc.a(_arm_fixunssfsi.o)
                0x00082f14                __fixunssfsi
                0x00082f14                __aeabi_f2uiz
 .text.atoi     0x00082f54        0x8 c:/program files (x86)/atmel/studio/7.0/toolchain/arm/arm-gnu-toolchain/bin/../lib/gcc/arm-none-eabi/4.9.3/../../../../arm-none-eabi/lib/armv7-m\libc.a(lib_a-atoi.o)
                0x00082f54                atoi
 .text._gets_r  0x00082f5c       0x4c c:/program files (x86)/atmel/studio/7.0/toolchain/arm/arm-gnu-toolchain/bin/../lib/gcc/arm-none-eabi/4.9.3/../../../../arm-none-eabi/lib/armv7-m\libc.a(lib_a-gets.o)
                0x00082f5c                _gets_r
 .text.gets     0x00082fa8       0x10 c:/program files (x86)/atmel/studio/7.0/toolchain/arm/arm-gnu-toolchain/bin/../lib/gcc/arm-none-eabi/4.9.3/../../../../arm-none-eabi/lib/armv7-m\libc.a(lib_a-gets.o)
                0x00082fa8                gets
 .text.__libc_init_array
                0x00082fb8       0x50 c:/program files (x86)/atmel/studio/7.0/toolchain/arm/arm-gnu-toolchain/bin/../lib/gcc/arm-none-eabi/4.9.3/../../../../arm-none-eabi/lib/armv7-m\libc.a(lib_a-init.o)
                0x00082fb8                __libc_init_array
 .text.iprintf  0x00083008       0x28 c:/program files (x86)/atmel/studio/7.0/toolchain/arm/arm-gnu-toolchain/bin/../lib/gcc/arm-none-eabi/4.9.3/../../../../arm-none-eabi/lib/armv7-m\libc.a(lib_a-iprintf.o)
                0x00083008                iprintf
 .text.__itoa   0x00083030       0x30 c:/program files (x86)/atmel/studio/7.0/toolchain/arm/arm-gnu-toolchain/bin/../lib/gcc/arm-none-eabi/4.9.3/../../../../arm-none-eabi/lib/armv7-m\libc.a(lib_a-itoa.o)
                0x00083030                __itoa
 .text.itoa     0x00083060        0x4 c:/program files (x86)/atmel/studio/7.0/toolchain/arm/arm-gnu-toolchain/bin/../lib/gcc/arm-none-eabi/4.9.3/../../../../arm-none-eabi/lib/armv7-m\libc.a(lib_a-itoa.o)
                0x00083060                itoa
 .text          0x00083064       0xec c:/program files (x86)/atmel/studio/7.0/toolchain/arm/arm-gnu-toolchain/bin/../lib/gcc/arm-none-eabi/4.9.3/../../../../arm-none-eabi/lib/armv7-m\libc.a(lib_a-memcpy.o)
                0x00083064                memcpy
 .text.memset   0x00083150       0x9c c:/program files (x86)/atmel/studio/7.0/toolchain/arm/arm-gnu-toolchain/bin/../lib/gcc/arm-none-eabi/4.9.3/../../../../arm-none-eabi/lib/armv7-m\libc.a(lib_a-memset.o)
                0x00083150                memset
 .text.__srget_r
                0x000831ec       0x34 c:/program files (x86)/atmel/studio/7.0/toolchain/arm/arm-gnu-toolchain/bin/../lib/gcc/arm-none-eabi/4.9.3/../../../../arm-none-eabi/lib/armv7-m\libc.a(lib_a-rget.o)
                0x000831ec                __srget_r
 .text.setbuf   0x00083220       0x10 c:/program files (x86)/atmel/studio/7.0/toolchain/arm/arm-gnu-toolchain/bin/../lib/gcc/arm-none-eabi/4.9.3/../../../../arm-none-eabi/lib/armv7-m\libc.a(lib_a-setbuf.o)
                0x00083220                setbuf
 .text.setvbuf  0x00083230       0xf8 c:/program files (x86)/atmel/studio/7.0/toolchain/arm/arm-gnu-toolchain/bin/../lib/gcc/arm-none-eabi/4.9.3/../../../../arm-none-eabi/lib/armv7-m\libc.a(lib_a-setvbuf.o)
                0x00083230                setvbuf
 .text.strlen   0x00083328       0x5c c:/program files (x86)/atmel/studio/7.0/toolchain/arm/arm-gnu-toolchain/bin/../lib/gcc/arm-none-eabi/4.9.3/../../../../arm-none-eabi/lib/armv7-m\libc.a(lib_a-strlen.o)
                0x00083328                strlen
 .text.strncpy  0x00083384       0x68 c:/program files (x86)/atmel/studio/7.0/toolchain/arm/arm-gnu-toolchain/bin/../lib/gcc/arm-none-eabi/4.9.3/../../../../arm-none-eabi/lib/armv7-m\libc.a(lib_a-strncpy.o)
                0x00083384                strncpy
 .text._strtol_r
                0x000833ec      0x11c c:/program files (x86)/atmel/studio/7.0/toolchain/arm/arm-gnu-toolchain/bin/../lib/gcc/arm-none-eabi/4.9.3/../../../../arm-none-eabi/lib/armv7-m\libc.a(lib_a-strtol.o)
                0x000833ec                _strtol_r
 .text.strtol   0x00083508       0x18 c:/program files (x86)/atmel/studio/7.0/toolchain/arm/arm-gnu-toolchain/bin/../lib/gcc/arm-none-eabi/4.9.3/../../../../arm-none-eabi/lib/armv7-m\libc.a(lib_a-strtol.o)
                0x00083508                strtol
 .text.__utoa   0x00083520       0x80 c:/program files (x86)/atmel/studio/7.0/toolchain/arm/arm-gnu-toolchain/bin/../lib/gcc/arm-none-eabi/4.9.3/../../../../arm-none-eabi/lib/armv7-m\libc.a(lib_a-utoa.o)
                0x00083520                __utoa
 .text.__sprint_r.part.0
                0x000835a0       0x78 c:/program files (x86)/atmel/studio/7.0/toolchain/arm/arm-gnu-toolchain/bin/../lib/gcc/arm-none-eabi/4.9.3/../../../../arm-none-eabi/lib/armv7-m\libc.a(lib_a-vfiprintf.o)
 .text._vfiprintf_r
                0x00083618      0xc10 c:/program files (x86)/atmel/studio/7.0/toolchain/arm/arm-gnu-toolchain/bin/../lib/gcc/arm-none-eabi/4.9.3/../../../../arm-none-eabi/lib/armv7-m\libc.a(lib_a-vfiprintf.o)
                0x00083618                _vfiprintf_r
 .text.__sbprintf
                0x00084228       0x7c c:/program files (x86)/atmel/studio/7.0/toolchain/arm/arm-gnu-toolchain/bin/../lib/gcc/arm-none-eabi/4.9.3/../../../../arm-none-eabi/lib/armv7-m\libc.a(lib_a-vfiprintf.o)
 .text.__swsetup_r
                0x000842a4       0xc4 c:/program files (x86)/atmel/studio/7.0/toolchain/arm/arm-gnu-toolchain/bin/../lib/gcc/arm-none-eabi/4.9.3/../../../../arm-none-eabi/lib/armv7-m\libc.a(lib_a-wsetup.o)
                0x000842a4                __swsetup_r
 .text.startup.register_fini
                0x00084368       0x14 c:/program files (x86)/atmel/studio/7.0/toolchain/arm/arm-gnu-toolchain/bin/../lib/gcc/arm-none-eabi/4.9.3/../../../../arm-none-eabi/lib/armv7-m\libc.a(lib_a-__call_atexit.o)
 .text.atexit   0x0008437c        0xc c:/program files (x86)/atmel/studio/7.0/toolchain/arm/arm-gnu-toolchain/bin/../lib/gcc/arm-none-eabi/4.9.3/../../../../arm-none-eabi/lib/armv7-m\libc.a(lib_a-atexit.o)
                0x0008437c                atexit
 .text.__sflush_r
                0x00084388      0x148 c:/program files (x86)/atmel/studio/7.0/toolchain/arm/arm-gnu-toolchain/bin/../lib/gcc/arm-none-eabi/4.9.3/../../../../arm-none-eabi/lib/armv7-m\libc.a(lib_a-fflush.o)
                0x00084388                __sflush_r
 .text._fflush_r
                0x000844d0       0x2c c:/program files (x86)/atmel/studio/7.0/toolchain/arm/arm-gnu-toolchain/bin/../lib/gcc/arm-none-eabi/4.9.3/../../../../arm-none-eabi/lib/armv7-m\libc.a(lib_a-fflush.o)
                0x000844d0                _fflush_r
 .text.fflush   0x000844fc       0x24 c:/program files (x86)/atmel/studio/7.0/toolchain/arm/arm-gnu-toolchain/bin/../lib/gcc/arm-none-eabi/4.9.3/../../../../arm-none-eabi/lib/armv7-m\libc.a(lib_a-fflush.o)
                0x000844fc                fflush
 .text._cleanup_r
                0x00084520        0xc c:/program files (x86)/atmel/studio/7.0/toolchain/arm/arm-gnu-toolchain/bin/../lib/gcc/arm-none-eabi/4.9.3/../../../../arm-none-eabi/lib/armv7-m\libc.a(lib_a-findfp.o)
                0x00084520                _cleanup_r
 .text.__sinit.part.1
                0x0008452c       0xf0 c:/program files (x86)/atmel/studio/7.0/toolchain/arm/arm-gnu-toolchain/bin/../lib/gcc/arm-none-eabi/4.9.3/../../../../arm-none-eabi/lib/armv7-m\libc.a(lib_a-findfp.o)
 .text.__sinit  0x0008461c        0xc c:/program files (x86)/atmel/studio/7.0/toolchain/arm/arm-gnu-toolchain/bin/../lib/gcc/arm-none-eabi/4.9.3/../../../../arm-none-eabi/lib/armv7-m\libc.a(lib_a-findfp.o)
                0x0008461c                __sinit
 .text.__sfp_lock_acquire
                0x00084628        0x4 c:/program files (x86)/atmel/studio/7.0/toolchain/arm/arm-gnu-toolchain/bin/../lib/gcc/arm-none-eabi/4.9.3/../../../../arm-none-eabi/lib/armv7-m\libc.a(lib_a-findfp.o)
                0x00084628                __sfp_lock_acquire
 .text.__sfp_lock_release
                0x0008462c        0x4 c:/program files (x86)/atmel/studio/7.0/toolchain/arm/arm-gnu-toolchain/bin/../lib/gcc/arm-none-eabi/4.9.3/../../../../arm-none-eabi/lib/armv7-m\libc.a(lib_a-findfp.o)
                0x0008462c                __sfp_lock_release
 .text.__libc_fini_array
                0x00084630       0x2c c:/program files (x86)/atmel/studio/7.0/toolchain/arm/arm-gnu-toolchain/bin/../lib/gcc/arm-none-eabi/4.9.3/../../../../arm-none-eabi/lib/armv7-m\libc.a(lib_a-fini.o)
                0x00084630                __libc_fini_array
 .text.__fputwc
                0x0008465c       0xb0 c:/program files (x86)/atmel/studio/7.0/toolchain/arm/arm-gnu-toolchain/bin/../lib/gcc/arm-none-eabi/4.9.3/../../../../arm-none-eabi/lib/armv7-m\libc.a(lib_a-fputwc.o)
                0x0008465c                __fputwc
 .text._fputwc_r
                0x0008470c       0x24 c:/program files (x86)/atmel/studio/7.0/toolchain/arm/arm-gnu-toolchain/bin/../lib/gcc/arm-none-eabi/4.9.3/../../../../arm-none-eabi/lib/armv7-m\libc.a(lib_a-fputwc.o)
                0x0008470c                _fputwc_r
 .text._malloc_trim_r
                0x00084730       0x9c c:/program files (x86)/atmel/studio/7.0/toolchain/arm/arm-gnu-toolchain/bin/../lib/gcc/arm-none-eabi/4.9.3/../../../../arm-none-eabi/lib/armv7-m\libc.a(lib_a-freer.o)
                0x00084730                _malloc_trim_r
 .text._free_r  0x000847cc      0x1b0 c:/program files (x86)/atmel/studio/7.0/toolchain/arm/arm-gnu-toolchain/bin/../lib/gcc/arm-none-eabi/4.9.3/../../../../arm-none-eabi/lib/armv7-m\libc.a(lib_a-freer.o)
                0x000847cc                _free_r
 .text.__sfvwrite_r
                0x0008497c      0x320 c:/program files (x86)/atmel/studio/7.0/toolchain/arm/arm-gnu-toolchain/bin/../lib/gcc/arm-none-eabi/4.9.3/../../../../arm-none-eabi/lib/armv7-m\libc.a(lib_a-fvwrite.o)
                0x0008497c                __sfvwrite_r
 .text._fwalk   0x00084c9c       0x48 c:/program files (x86)/atmel/studio/7.0/toolchain/arm/arm-gnu-toolchain/bin/../lib/gcc/arm-none-eabi/4.9.3/../../../../arm-none-eabi/lib/armv7-m\libc.a(lib_a-fwalk.o)
                0x00084c9c                _fwalk
 .text._fwalk_reent
                0x00084ce4       0x50 c:/program files (x86)/atmel/studio/7.0/toolchain/arm/arm-gnu-toolchain/bin/../lib/gcc/arm-none-eabi/4.9.3/../../../../arm-none-eabi/lib/armv7-m\libc.a(lib_a-fwalk.o)
                0x00084ce4                _fwalk_reent
 .text.__locale_charset
                0x00084d34        0x8 c:/program files (x86)/atmel/studio/7.0/toolchain/arm/arm-gnu-toolchain/bin/../lib/gcc/arm-none-eabi/4.9.3/../../../../arm-none-eabi/lib/armv7-m\libc.a(lib_a-locale.o)
                0x00084d34                __locale_charset
 .text.__locale_mb_cur_max
                0x00084d3c        0xc c:/program files (x86)/atmel/studio/7.0/toolchain/arm/arm-gnu-toolchain/bin/../lib/gcc/arm-none-eabi/4.9.3/../../../../arm-none-eabi/lib/armv7-m\libc.a(lib_a-locale.o)
                0x00084d3c                __locale_mb_cur_max
 .text.__smakebuf_r
                0x00084d48       0xe0 c:/program files (x86)/atmel/studio/7.0/toolchain/arm/arm-gnu-toolchain/bin/../lib/gcc/arm-none-eabi/4.9.3/../../../../arm-none-eabi/lib/armv7-m\libc.a(lib_a-makebuf.o)
                0x00084d48                __smakebuf_r
 .text.malloc   0x00084e28       0x10 c:/program files (x86)/atmel/studio/7.0/toolchain/arm/arm-gnu-toolchain/bin/../lib/gcc/arm-none-eabi/4.9.3/../../../../arm-none-eabi/lib/armv7-m\libc.a(lib_a-malloc.o)
                0x00084e28                malloc
 .text._malloc_r
                0x00084e38      0x50c c:/program files (x86)/atmel/studio/7.0/toolchain/arm/arm-gnu-toolchain/bin/../lib/gcc/arm-none-eabi/4.9.3/../../../../arm-none-eabi/lib/armv7-m\libc.a(lib_a-mallocr.o)
                0x00084e38                _malloc_r
 .text.memchr   0x00085344       0x94 c:/program files (x86)/atmel/studio/7.0/toolchain/arm/arm-gnu-toolchain/bin/../lib/gcc/arm-none-eabi/4.9.3/../../../../arm-none-eabi/lib/armv7-m\libc.a(lib_a-memchr.o)
                0x00085344                memchr
 .text.memmove  0x000853d8       0xc8 c:/program files (x86)/atmel/studio/7.0/toolchain/arm/arm-gnu-toolchain/bin/../lib/gcc/arm-none-eabi/4.9.3/../../../../arm-none-eabi/lib/armv7-m\libc.a(lib_a-memmove.o)
                0x000853d8                memmove
 .text.__malloc_lock
                0x000854a0        0x4 c:/program files (x86)/atmel/studio/7.0/toolchain/arm/arm-gnu-toolchain/bin/../lib/gcc/arm-none-eabi/4.9.3/../../../../arm-none-eabi/lib/armv7-m\libc.a(lib_a-mlock.o)
                0x000854a0                __malloc_lock
 .text.__malloc_unlock
                0x000854a4        0x4 c:/program files (x86)/atmel/studio/7.0/toolchain/arm/arm-gnu-toolchain/bin/../lib/gcc/arm-none-eabi/4.9.3/../../../../arm-none-eabi/lib/armv7-m\libc.a(lib_a-mlock.o)
                0x000854a4                __malloc_unlock
 .text._realloc_r
                0x000854a8      0x3e0 c:/program files (x86)/atmel/studio/7.0/toolchain/arm/arm-gnu-toolchain/bin/../lib/gcc/arm-none-eabi/4.9.3/../../../../arm-none-eabi/lib/armv7-m\libc.a(lib_a-reallocr.o)
                0x000854a8                _realloc_r
 .text.lflush   0x00085888       0x14 c:/program files (x86)/atmel/studio/7.0/toolchain/arm/arm-gnu-toolchain/bin/../lib/gcc/arm-none-eabi/4.9.3/../../../../arm-none-eabi/lib/armv7-m\libc.a(lib_a-refill.o)
 .text.__srefill_r
                0x0008589c      0x110 c:/program files (x86)/atmel/studio/7.0/toolchain/arm/arm-gnu-toolchain/bin/../lib/gcc/arm-none-eabi/4.9.3/../../../../arm-none-eabi/lib/armv7-m\libc.a(lib_a-refill.o)
                0x0008589c                __srefill_r
 .text._sbrk_r  0x000859ac       0x24 c:/program files (x86)/atmel/studio/7.0/toolchain/arm/arm-gnu-toolchain/bin/../lib/gcc/arm-none-eabi/4.9.3/../../../../arm-none-eabi/lib/armv7-m\libc.a(lib_a-sbrkr.o)
                0x000859ac                _sbrk_r
 .text.__sread  0x000859d0       0x24 c:/program files (x86)/atmel/studio/7.0/toolchain/arm/arm-gnu-toolchain/bin/../lib/gcc/arm-none-eabi/4.9.3/../../../../arm-none-eabi/lib/armv7-m\libc.a(lib_a-stdio.o)
                0x000859d0                __sread
 .text.__swrite
                0x000859f4       0x38 c:/program files (x86)/atmel/studio/7.0/toolchain/arm/arm-gnu-toolchain/bin/../lib/gcc/arm-none-eabi/4.9.3/../../../../arm-none-eabi/lib/armv7-m\libc.a(lib_a-stdio.o)
                0x000859f4                __swrite
 .text.__sseek  0x00085a2c       0x20 c:/program files (x86)/atmel/studio/7.0/toolchain/arm/arm-gnu-toolchain/bin/../lib/gcc/arm-none-eabi/4.9.3/../../../../arm-none-eabi/lib/armv7-m\libc.a(lib_a-stdio.o)
                0x00085a2c                __sseek
 .text.__sclose
                0x00085a4c        0x8 c:/program files (x86)/atmel/studio/7.0/toolchain/arm/arm-gnu-toolchain/bin/../lib/gcc/arm-none-eabi/4.9.3/../../../../arm-none-eabi/lib/armv7-m\libc.a(lib_a-stdio.o)
                0x00085a4c                __sclose
 .text.__swbuf_r
                0x00085a54       0xa8 c:/program files (x86)/atmel/studio/7.0/toolchain/arm/arm-gnu-toolchain/bin/../lib/gcc/arm-none-eabi/4.9.3/../../../../arm-none-eabi/lib/armv7-m\libc.a(lib_a-wbuf.o)
                0x00085a54                __swbuf_r
 .text._wcrtomb_r
                0x00085afc       0x54 c:/program files (x86)/atmel/studio/7.0/toolchain/arm/arm-gnu-toolchain/bin/../lib/gcc/arm-none-eabi/4.9.3/../../../../arm-none-eabi/lib/armv7-m\libc.a(lib_a-wcrtomb.o)
                0x00085afc                _wcrtomb_r
 .text.__ascii_wctomb
                0x00085b50       0x1c c:/program files (x86)/atmel/studio/7.0/toolchain/arm/arm-gnu-toolchain/bin/../lib/gcc/arm-none-eabi/4.9.3/../../../../arm-none-eabi/lib/armv7-m\libc.a(lib_a-wctomb_r.o)
                0x00085b50                __ascii_wctomb
 .text._write_r
                0x00085b6c       0x28 c:/program files (x86)/atmel/studio/7.0/toolchain/arm/arm-gnu-toolchain/bin/../lib/gcc/arm-none-eabi/4.9.3/../../../../arm-none-eabi/lib/armv7-m\libc.a(lib_a-writer.o)
                0x00085b6c                _write_r
 .text.__register_exitproc
                0x00085b94       0xa4 c:/program files (x86)/atmel/studio/7.0/toolchain/arm/arm-gnu-toolchain/bin/../lib/gcc/arm-none-eabi/4.9.3/../../../../arm-none-eabi/lib/armv7-m\libc.a(lib_a-__atexit.o)
                0x00085b94                __register_exitproc
 .text._close_r
                0x00085c38       0x24 c:/program files (x86)/atmel/studio/7.0/toolchain/arm/arm-gnu-toolchain/bin/../lib/gcc/arm-none-eabi/4.9.3/../../../../arm-none-eabi/lib/armv7-m\libc.a(lib_a-closer.o)
                0x00085c38                _close_r
 .text._fclose_r
                0x00085c5c       0x84 c:/program files (x86)/atmel/studio/7.0/toolchain/arm/arm-gnu-toolchain/bin/../lib/gcc/arm-none-eabi/4.9.3/../../../../arm-none-eabi/lib/armv7-m\libc.a(lib_a-fclose.o)
                0x00085c5c                _fclose_r
 .text._fstat_r
                0x00085ce0       0x28 c:/program files (x86)/atmel/studio/7.0/toolchain/arm/arm-gnu-toolchain/bin/../lib/gcc/arm-none-eabi/4.9.3/../../../../arm-none-eabi/lib/armv7-m\libc.a(lib_a-fstatr.o)
                0x00085ce0                _fstat_r
 .text._isatty_r
                0x00085d08       0x24 c:/program files (x86)/atmel/studio/7.0/toolchain/arm/arm-gnu-toolchain/bin/../lib/gcc/arm-none-eabi/4.9.3/../../../../arm-none-eabi/lib/armv7-m\libc.a(lib_a-isattyr.o)
                0x00085d08                _isatty_r
 .text._lseek_r
                0x00085d2c       0x28 c:/program files (x86)/atmel/studio/7.0/toolchain/arm/arm-gnu-toolchain/bin/../lib/gcc/arm-none-eabi/4.9.3/../../../../arm-none-eabi/lib/armv7-m\libc.a(lib_a-lseekr.o)
                0x00085d2c                _lseek_r
 .text._read_r  0x00085d54       0x28 c:/program files (x86)/atmel/studio/7.0/toolchain/arm/arm-gnu-toolchain/bin/../lib/gcc/arm-none-eabi/4.9.3/../../../../arm-none-eabi/lib/armv7-m\libc.a(lib_a-readr.o)
                0x00085d54                _read_r
 .text          0x00085d7c       0x30 c:/program files (x86)/atmel/studio/7.0/toolchain/arm/arm-gnu-toolchain/bin/../lib/gcc/arm-none-eabi/4.9.3/armv7-m\libgcc.a(_aeabi_uldivmod.o)
                0x00085d7c                __aeabi_uldivmod
 .text          0x00085dac       0x60 c:/program files (x86)/atmel/studio/7.0/toolchain/arm/arm-gnu-toolchain/bin/../lib/gcc/arm-none-eabi/4.9.3/armv7-m\libgcc.a(bpabi.o)
                0x00085dac                __gnu_ldivmod_helper
                0x00085ddc                __gnu_uldivmod_helper
 .text          0x00085e0c        0x4 c:/program files (x86)/atmel/studio/7.0/toolchain/arm/arm-gnu-toolchain/bin/../lib/gcc/arm-none-eabi/4.9.3/armv7-m\libgcc.a(_dvmd_tls.o)
                0x00085e0c                __aeabi_idiv0
                0x00085e0c                __aeabi_ldiv0
 .text          0x00085e10      0x2ac c:/program files (x86)/atmel/studio/7.0/toolchain/arm/arm-gnu-toolchain/bin/../lib/gcc/arm-none-eabi/4.9.3/armv7-m\libgcc.a(_divdi3.o)
                0x00085e10                __divdi3
 .text          0x000860bc      0x270 c:/program files (x86)/atmel/studio/7.0/toolchain/arm/arm-gnu-toolchain/bin/../lib/gcc/arm-none-eabi/4.9.3/armv7-m\libgcc.a(_udivdi3.o)
                0x000860bc                __udivdi3
 *(.glue_7t)
 .glue_7t       0x00000000        0x0 linker stubs
 *(.glue_7)
 .glue_7        0x00000000        0x0 linker stubs
 *(.rodata .rodata* .gnu.linkonce.r.*)
 .rodata.str1.4
                0x00000000        0x0 src/task_com.o
                                  0x2 (size before relaxing)
 .rodata.str1.4
                0x0008632c       0x1f src/ASF/thirdparty/freertos/freertos-7.3.0/source/tasks.o
 *fill*         0x0008634b        0x1 
 .rodata.str1.4
                0x0008634c        0x8 src/ASF/thirdparty/freertos/freertos-7.3.0/source/timers.o
 .rodata        0x00086354       0x2c src/ASF/sam/drivers/pwm/pwm.o
 .rodata.str1.4
                0x00086380       0x15 src/main.o
 *fill*         0x00086395        0x3 
 .rodata.str1.4
                0x00086398        0x2 c:/program files (x86)/atmel/studio/7.0/toolchain/arm/arm-gnu-toolchain/bin/../lib/gcc/arm-none-eabi/4.9.3/../../../../arm-none-eabi/lib/armv7-m\libc.a(lib_a-impure.o)
 *fill*         0x0008639a        0x2 
 .rodata._global_impure_ptr
                0x0008639c        0x4 c:/program files (x86)/atmel/studio/7.0/toolchain/arm/arm-gnu-toolchain/bin/../lib/gcc/arm-none-eabi/4.9.3/../../../../arm-none-eabi/lib/armv7-m\libc.a(lib_a-impure.o)
                0x0008639c                _global_impure_ptr
 .rodata.str1.4
                0x000863a0       0x25 c:/program files (x86)/atmel/studio/7.0/toolchain/arm/arm-gnu-toolchain/bin/../lib/gcc/arm-none-eabi/4.9.3/../../../../arm-none-eabi/lib/armv7-m\libc.a(lib_a-utoa.o)
 *fill*         0x000863c5        0x3 
 .rodata.zeroes.6869
                0x000863c8       0x10 c:/program files (x86)/atmel/studio/7.0/toolchain/arm/arm-gnu-toolchain/bin/../lib/gcc/arm-none-eabi/4.9.3/../../../../arm-none-eabi/lib/armv7-m\libc.a(lib_a-vfiprintf.o)
 .rodata.str1.4
                0x000863d8       0x30 c:/program files (x86)/atmel/studio/7.0/toolchain/arm/arm-gnu-toolchain/bin/../lib/gcc/arm-none-eabi/4.9.3/../../../../arm-none-eabi/lib/armv7-m\libc.a(lib_a-vfiprintf.o)
                                 0x2f (size before relaxing)
 .rodata.blanks.6868
                0x00086408       0x10 c:/program files (x86)/atmel/studio/7.0/toolchain/arm/arm-gnu-toolchain/bin/../lib/gcc/arm-none-eabi/4.9.3/../../../../arm-none-eabi/lib/armv7-m\libc.a(lib_a-vfiprintf.o)
 .rodata._ctype_
                0x00086418      0x101 c:/program files (x86)/atmel/studio/7.0/toolchain/arm/arm-gnu-toolchain/bin/../lib/gcc/arm-none-eabi/4.9.3/../../../../arm-none-eabi/lib/armv7-m\libc.a(lib_a-ctype_.o)
                0x00086418                _ctype_
 *(.ARM.extab* .gnu.linkonce.armextab.*)
                0x0008651c                . = ALIGN (0x4)
 *fill*         0x00086519        0x3 
 *(.init)
 .init          0x0008651c        0x4 c:/program files (x86)/atmel/studio/7.0/toolchain/arm/arm-gnu-toolchain/bin/../lib/gcc/arm-none-eabi/4.9.3/armv7-m/crti.o
                0x0008651c                _init
 .init          0x00086520        0x8 c:/program files (x86)/atmel/studio/7.0/toolchain/arm/arm-gnu-toolchain/bin/../lib/gcc/arm-none-eabi/4.9.3/armv7-m/crtn.o
                0x00086528                . = ALIGN (0x4)
                0x00086528                __preinit_array_start = .
 *(.preinit_array)
                0x00086528                __preinit_array_end = .
                0x00086528                . = ALIGN (0x4)
                0x00086528                __init_array_start = .
 *(SORT(.init_array.*))
 .init_array.00000
                0x00086528        0x4 c:/program files (x86)/atmel/studio/7.0/toolchain/arm/arm-gnu-toolchain/bin/../lib/gcc/arm-none-eabi/4.9.3/../../../../arm-none-eabi/lib/armv7-m\libc.a(lib_a-__call_atexit.o)
 *(.init_array)
 .init_array    0x0008652c        0x4 c:/program files (x86)/atmel/studio/7.0/toolchain/arm/arm-gnu-toolchain/bin/../lib/gcc/arm-none-eabi/4.9.3/armv7-m/crtbegin.o
                0x00086530                __init_array_end = .
                0x00086530                . = ALIGN (0x4)
 *crtbegin.o(.ctors)
 *(EXCLUDE_FILE(*crtend.o) .ctors)
 *(SORT(.ctors.*))
 *crtend.o(.ctors)
                0x00086530                . = ALIGN (0x4)
 *(.fini)
 .fini          0x00086530        0x4 c:/program files (x86)/atmel/studio/7.0/toolchain/arm/arm-gnu-toolchain/bin/../lib/gcc/arm-none-eabi/4.9.3/armv7-m/crti.o
                0x00086530                _fini
 .fini          0x00086534        0x8 c:/program files (x86)/atmel/studio/7.0/toolchain/arm/arm-gnu-toolchain/bin/../lib/gcc/arm-none-eabi/4.9.3/armv7-m/crtn.o
                0x0008653c                . = ALIGN (0x4)
                0x0008653c                __fini_array_start = .
 *(.fini_array)
 .fini_array    0x0008653c        0x4 c:/program files (x86)/atmel/studio/7.0/toolchain/arm/arm-gnu-toolchain/bin/../lib/gcc/arm-none-eabi/4.9.3/armv7-m/crtbegin.o
 *(SORT(.fini_array.*))
                0x00086540                __fini_array_end = .
 *crtbegin.o(.dtors)
 *(EXCLUDE_FILE(*crtend.o) .dtors)
 *(SORT(.dtors.*))
 *crtend.o(.dtors)
                0x00086540                . = ALIGN (0x4)
                0x00086540                _efixed = .
                0x00086540                PROVIDE (__exidx_start, .)

.vfp11_veneer   0x00086540        0x0
 .vfp11_veneer  0x00000000        0x0 linker stubs

.v4_bx          0x00086540        0x0
 .v4_bx         0x00000000        0x0 linker stubs

.iplt           0x00086540        0x0
 .iplt          0x00000000        0x0 c:/program files (x86)/atmel/studio/7.0/toolchain/arm/arm-gnu-toolchain/bin/../lib/gcc/arm-none-eabi/4.9.3/armv7-m/crtbegin.o

.ARM.exidx      0x00086540        0x8
 *(.ARM.exidx* .gnu.linkonce.armexidx.*)
 .ARM.exidx     0x00086540        0x8 c:/program files (x86)/atmel/studio/7.0/toolchain/arm/arm-gnu-toolchain/bin/../lib/gcc/arm-none-eabi/4.9.3/armv7-m\libgcc.a(_divdi3.o)
 .ARM.exidx     0x00086548        0x0 c:/program files (x86)/atmel/studio/7.0/toolchain/arm/arm-gnu-toolchain/bin/../lib/gcc/arm-none-eabi/4.9.3/armv7-m\libgcc.a(_udivdi3.o)
                                  0x8 (size before relaxing)
                0x00086548                PROVIDE (__exidx_end, .)

.eh_frame       0x00086548        0x0
 .eh_frame      0x00086548        0x0 c:/program files (x86)/atmel/studio/7.0/toolchain/arm/arm-gnu-toolchain/bin/../lib/gcc/arm-none-eabi/4.9.3/armv7-m/crtbegin.o

.rel.dyn        0x00086548        0x0
 .rel.iplt      0x00000000        0x0 c:/program files (x86)/atmel/studio/7.0/toolchain/arm/arm-gnu-toolchain/bin/../lib/gcc/arm-none-eabi/4.9.3/armv7-m/crtbegin.o

.jcr            0x00086548        0x0
 .jcr           0x00086548        0x0 c:/program files (x86)/atmel/studio/7.0/toolchain/arm/arm-gnu-toolchain/bin/../lib/gcc/arm-none-eabi/4.9.3/armv7-m/crtbegin.o

.igot.plt       0x00086548        0x0
 .igot.plt      0x00000000        0x0 c:/program files (x86)/atmel/studio/7.0/toolchain/arm/arm-gnu-toolchain/bin/../lib/gcc/arm-none-eabi/4.9.3/armv7-m/crtbegin.o
                0x00086548                . = ALIGN (0x4)
                0x00086548                _etext = .

.relocate       0x20070000      0x9a8 load address 0x00086548
                0x20070000                . = ALIGN (0x4)
                0x20070000                _srelocate = .
 *(.ramfunc .ramfunc.*)
 .ramfunc       0x20070000      0x12c src/ASF/sam/utils/cmsis/sam3x/source/templates/system_sam3x.o
                0x20070000                SystemInit
                0x200700a4                system_init_flash
 *(.data .data.*)
 .data.uxCriticalNesting
                0x2007012c        0x4 src/ASF/thirdparty/freertos/freertos-7.3.0/source/portable/gcc/sam/port.o
 .data.xFreeBytesRemaining
                0x20070130        0x4 src/ASF/thirdparty/freertos/freertos-7.3.0/source/portable/memmang/heap_4.o
 .data.xNextTaskUnblockTime
                0x20070134        0x2 src/ASF/thirdparty/freertos/freertos-7.3.0/source/tasks.o
 .data.g_interrupt_enabled
                0x20070136        0x1 src/ASF/common/utils/interrupt/interrupt_sam_nvic.o
                0x20070136                g_interrupt_enabled
 *fill*         0x20070137        0x1 
 .data.SystemCoreClock
                0x20070138        0x4 src/ASF/sam/utils/cmsis/sam3x/source/templates/system_sam3x.o
                0x20070138                SystemCoreClock
 .data.variables
                0x2007013c        0x4 src/main.o
                0x2007013c                variables
 .data.impure_data
                0x20070140      0x428 c:/program files (x86)/atmel/studio/7.0/toolchain/arm/arm-gnu-toolchain/bin/../lib/gcc/arm-none-eabi/4.9.3/../../../../arm-none-eabi/lib/armv7-m\libc.a(lib_a-impure.o)
 .data._impure_ptr
                0x20070568        0x4 c:/program files (x86)/atmel/studio/7.0/toolchain/arm/arm-gnu-toolchain/bin/../lib/gcc/arm-none-eabi/4.9.3/../../../../arm-none-eabi/lib/armv7-m\libc.a(lib_a-impure.o)
                0x20070568                _impure_ptr
 .data.__ctype_ptr__
                0x2007056c        0x4 c:/program files (x86)/atmel/studio/7.0/toolchain/arm/arm-gnu-toolchain/bin/../lib/gcc/arm-none-eabi/4.9.3/../../../../arm-none-eabi/lib/armv7-m\libc.a(lib_a-ctype_.o)
                0x2007056c                __ctype_ptr__
 .data.lc_ctype_charset
                0x20070570       0x20 c:/program files (x86)/atmel/studio/7.0/toolchain/arm/arm-gnu-toolchain/bin/../lib/gcc/arm-none-eabi/4.9.3/../../../../arm-none-eabi/lib/armv7-m\libc.a(lib_a-locale.o)
 .data.__mb_cur_max
                0x20070590        0x4 c:/program files (x86)/atmel/studio/7.0/toolchain/arm/arm-gnu-toolchain/bin/../lib/gcc/arm-none-eabi/4.9.3/../../../../arm-none-eabi/lib/armv7-m\libc.a(lib_a-locale.o)
                0x20070590                __mb_cur_max
 .data.__malloc_av_
                0x20070594      0x408 c:/program files (x86)/atmel/studio/7.0/toolchain/arm/arm-gnu-toolchain/bin/../lib/gcc/arm-none-eabi/4.9.3/../../../../arm-none-eabi/lib/armv7-m\libc.a(lib_a-mallocr.o)
                0x20070594                __malloc_av_
 .data.__malloc_trim_threshold
                0x2007099c        0x4 c:/program files (x86)/atmel/studio/7.0/toolchain/arm/arm-gnu-toolchain/bin/../lib/gcc/arm-none-eabi/4.9.3/../../../../arm-none-eabi/lib/armv7-m\libc.a(lib_a-mallocr.o)
                0x2007099c                __malloc_trim_threshold
 .data.__malloc_sbrk_base
                0x200709a0        0x4 c:/program files (x86)/atmel/studio/7.0/toolchain/arm/arm-gnu-toolchain/bin/../lib/gcc/arm-none-eabi/4.9.3/../../../../arm-none-eabi/lib/armv7-m\libc.a(lib_a-mallocr.o)
                0x200709a0                __malloc_sbrk_base
 .data.__wctomb
                0x200709a4        0x4 c:/program files (x86)/atmel/studio/7.0/toolchain/arm/arm-gnu-toolchain/bin/../lib/gcc/arm-none-eabi/4.9.3/../../../../arm-none-eabi/lib/armv7-m\libc.a(lib_a-wctomb_r.o)
                0x200709a4                __wctomb
                0x200709a8                . = ALIGN (0x4)
                0x200709a8                _erelocate = .

.bss            0x200709a8     0x842c load address 0x00086ef0
                0x200709a8                . = ALIGN (0x4)
                0x200709a8                _sbss = .
                0x200709a8                _szero = .
 *(.bss .bss.*)
 .bss           0x200709a8       0x1c c:/program files (x86)/atmel/studio/7.0/toolchain/arm/arm-gnu-toolchain/bin/../lib/gcc/arm-none-eabi/4.9.3/armv7-m/crtbegin.o
 .bss.serial_rx_buf
                0x200709c4       0x9c src/ASF/thirdparty/wireless/addons/sio2host/uart/sio2host.o
 .bss.serial_rx_buf_tail
                0x20070a60        0x1 src/ASF/thirdparty/wireless/addons/sio2host/uart/sio2host.o
 *fill*         0x20070a61        0x3 
 .bss.pwm_instance
                0x20070a64       0x28 src/pwm_io.o
 *fill*         0x20070a8c        0x4 
 .bss.xHeap     0x20070a90     0x8000 src/ASF/thirdparty/freertos/freertos-7.3.0/source/portable/memmang/heap_4.o
 .bss.pxEnd     0x20078a90        0x4 src/ASF/thirdparty/freertos/freertos-7.3.0/source/portable/memmang/heap_4.o
 .bss.xStart    0x20078a94        0x8 src/ASF/thirdparty/freertos/freertos-7.3.0/source/portable/memmang/heap_4.o
 .bss.uxMissedTicks
                0x20078a9c        0x4 src/ASF/thirdparty/freertos/freertos-7.3.0/source/tasks.o
 .bss.xSuspendedTaskList
                0x20078aa0       0x14 src/ASF/thirdparty/freertos/freertos-7.3.0/source/tasks.o
 .bss.pxDelayedTaskList
                0x20078ab4        0x4 src/ASF/thirdparty/freertos/freertos-7.3.0/source/tasks.o
 .bss.xSchedulerRunning
                0x20078ab8        0x4 src/ASF/thirdparty/freertos/freertos-7.3.0/source/tasks.o
 .bss.uxTasksDeleted
                0x20078abc        0x4 src/ASF/thirdparty/freertos/freertos-7.3.0/source/tasks.o
 .bss.xDelayedTaskList1
                0x20078ac0       0x14 src/ASF/thirdparty/freertos/freertos-7.3.0/source/tasks.o
 .bss.xDelayedTaskList2
                0x20078ad4       0x14 src/ASF/thirdparty/freertos/freertos-7.3.0/source/tasks.o
 .bss.uxTopReadyPriority
                0x20078ae8        0x4 src/ASF/thirdparty/freertos/freertos-7.3.0/source/tasks.o
 .bss.pxReadyTasksLists
                0x20078aec       0xc8 src/ASF/thirdparty/freertos/freertos-7.3.0/source/tasks.o
 .bss.xTasksWaitingTermination
                0x20078bb4       0x14 src/ASF/thirdparty/freertos/freertos-7.3.0/source/tasks.o
 .bss.xNumOfOverflows
                0x20078bc8        0x4 src/ASF/thirdparty/freertos/freertos-7.3.0/source/tasks.o
 .bss.pxCurrentTCB
                0x20078bcc        0x4 src/ASF/thirdparty/freertos/freertos-7.3.0/source/tasks.o
                0x20078bcc                pxCurrentTCB
 .bss.xPendingReadyList
                0x20078bd0       0x14 src/ASF/thirdparty/freertos/freertos-7.3.0/source/tasks.o
 .bss.uxSchedulerSuspended
                0x20078be4        0x4 src/ASF/thirdparty/freertos/freertos-7.3.0/source/tasks.o
 .bss.xTickCount
                0x20078be8        0x2 src/ASF/thirdparty/freertos/freertos-7.3.0/source/tasks.o
 *fill*         0x20078bea        0x2 
 .bss.pxOverflowDelayedTaskList
                0x20078bec        0x4 src/ASF/thirdparty/freertos/freertos-7.3.0/source/tasks.o
 .bss.uxTaskNumber
                0x20078bf0        0x4 src/ASF/thirdparty/freertos/freertos-7.3.0/source/tasks.o
 .bss.uxCurrentNumberOfTasks
                0x20078bf4        0x4 src/ASF/thirdparty/freertos/freertos-7.3.0/source/tasks.o
 .bss.xMissedYield
                0x20078bf8        0x4 src/ASF/thirdparty/freertos/freertos-7.3.0/source/tasks.o
 .bss.uxTopUsedPriority
                0x20078bfc        0x4 src/ASF/thirdparty/freertos/freertos-7.3.0/source/tasks.o
 .bss.pxCurrentTimerList
                0x20078c00        0x4 src/ASF/thirdparty/freertos/freertos-7.3.0/source/timers.o
 .bss.xActiveTimerList1
                0x20078c04       0x14 src/ASF/thirdparty/freertos/freertos-7.3.0/source/timers.o
 .bss.xActiveTimerList2
                0x20078c18       0x14 src/ASF/thirdparty/freertos/freertos-7.3.0/source/timers.o
 .bss.xLastTime.4499
                0x20078c2c        0x2 src/ASF/thirdparty/freertos/freertos-7.3.0/source/timers.o
 *fill*         0x20078c2e        0x2 
 .bss.xTimerQueue
                0x20078c30        0x4 src/ASF/thirdparty/freertos/freertos-7.3.0/source/timers.o
 .bss.pxOverflowTimerList
                0x20078c34        0x4 src/ASF/thirdparty/freertos/freertos-7.3.0/source/timers.o
 .bss.gs_interrupt_sources
                0x20078c38       0x70 src/ASF/sam/drivers/pio/pio_handler.o
 .bss.heap.5212
                0x20078ca8        0x4 src/ASF/sam/utils/syscalls/gcc/syscalls.o
 .bss.ut_varde  0x20078cac        0x2 src/main.o
                0x20078cac                ut_varde
 .bss.fel_varde
                0x20078cae        0x2 src/main.o
                0x20078cae                fel_varde
 .bss.adc_val_in_cm
                0x20078cb0       0xc8 src/main.o
                0x20078cb0                adc_val_in_cm
 .bss.mat_varde
                0x20078d78        0x2 src/main.o
                0x20078d78                mat_varde
 *fill*         0x20078d7a        0x2 
 .bss.__malloc_max_total_mem
                0x20078d7c        0x4 c:/program files (x86)/atmel/studio/7.0/toolchain/arm/arm-gnu-toolchain/bin/../lib/gcc/arm-none-eabi/4.9.3/../../../../arm-none-eabi/lib/armv7-m\libc.a(lib_a-mallocr.o)
                0x20078d7c                __malloc_max_total_mem
 .bss.__malloc_max_sbrked_mem
                0x20078d80        0x4 c:/program files (x86)/atmel/studio/7.0/toolchain/arm/arm-gnu-toolchain/bin/../lib/gcc/arm-none-eabi/4.9.3/../../../../arm-none-eabi/lib/armv7-m\libc.a(lib_a-mallocr.o)
                0x20078d80                __malloc_max_sbrked_mem
 .bss.__malloc_top_pad
                0x20078d84        0x4 c:/program files (x86)/atmel/studio/7.0/toolchain/arm/arm-gnu-toolchain/bin/../lib/gcc/arm-none-eabi/4.9.3/../../../../arm-none-eabi/lib/armv7-m\libc.a(lib_a-mallocr.o)
                0x20078d84                __malloc_top_pad
 .bss.__malloc_current_mallinfo
                0x20078d88       0x28 c:/program files (x86)/atmel/studio/7.0/toolchain/arm/arm-gnu-toolchain/bin/../lib/gcc/arm-none-eabi/4.9.3/../../../../arm-none-eabi/lib/armv7-m\libc.a(lib_a-mallocr.o)
                0x20078d88                __malloc_current_mallinfo
 *(COMMON)
 COMMON         0x20078db0        0x4 src/ASF/common/utils/stdio/read.o
                0x20078db0                ptr_get
 COMMON         0x20078db4        0x8 src/ASF/common/utils/stdio/write.o
                0x20078db4                ptr_put
                0x20078db8                stdio_base
 COMMON         0x20078dbc       0x12 src/main.o
                0x20078dbc                timer
                0x20078dc0                p_varde
                0x20078dc4                i_varde
                0x20078dc8                d_varde
                0x20078dcc                bor_varde
 *fill*         0x20078dce        0x2 
 COMMON         0x20078dd0        0x4 c:/program files (x86)/atmel/studio/7.0/toolchain/arm/arm-gnu-toolchain/bin/../lib/gcc/arm-none-eabi/4.9.3/../../../../arm-none-eabi/lib/armv7-m\libc.a(lib_a-reent.o)
                0x20078dd0                errno
                0x20078dd4                . = ALIGN (0x4)
                0x20078dd4                _ebss = .
                0x20078dd4                _ezero = .

.stack          0x20078dd4     0x2004 load address 0x0008f31c
                0x20078dd8                . = ALIGN (0x8)
 *fill*         0x20078dd4        0x4 
                0x20078dd8                _sstack = .
                0x2007add8                . = (. + __stack_size__)
 *fill*         0x20078dd8     0x2000 
                0x2007add8                . = ALIGN (0x8)
                0x2007add8                _estack = .
                0x2007add8                . = ALIGN (0x4)
                0x2007add8                _end = .
OUTPUT(PingisprojektV2.elf elf32-littlearm)

.ARM.attributes
                0x00000000       0x29
 .ARM.attributes
                0x00000000       0x1d c:/program files (x86)/atmel/studio/7.0/toolchain/arm/arm-gnu-toolchain/bin/../lib/gcc/arm-none-eabi/4.9.3/armv7-m/crti.o
 .ARM.attributes
                0x0000001d       0x2d c:/program files (x86)/atmel/studio/7.0/toolchain/arm/arm-gnu-toolchain/bin/../lib/gcc/arm-none-eabi/4.9.3/armv7-m/crtbegin.o
 .ARM.attributes
                0x0000004a       0x33 src/adc_io.o
 .ARM.attributes
                0x0000007d       0x33 src/ASF/common/utils/stdio/read.o
 .ARM.attributes
                0x000000b0       0x33 src/ASF/sam/drivers/adc/adc.o
 .ARM.attributes
                0x000000e3       0x33 src/ASF/sam/drivers/usart/usart.o
 .ARM.attributes
                0x00000116       0x33 src/ASF/thirdparty/wireless/addons/sio2host/uart/sio2host.o
 .ARM.attributes
                0x00000149       0x33 src/pwm_io.o
 .ARM.attributes
                0x0000017c       0x33 src/task_com.o
 .ARM.attributes
                0x000001af       0x33 src/task_reg.o
 .ARM.attributes
                0x000001e2       0x33 src/uart_SR.o
 .ARM.attributes
                0x00000215       0x33 src/ASF/thirdparty/freertos/freertos-7.3.0/source/list.o
 .ARM.attributes
                0x00000248       0x33 src/ASF/thirdparty/freertos/freertos-7.3.0/source/portable/gcc/sam/port.o
 .ARM.attributes
                0x0000027b       0x33 src/ASF/thirdparty/freertos/freertos-7.3.0/source/portable/memmang/heap_4.o
 .ARM.attributes
                0x000002ae       0x33 src/ASF/thirdparty/freertos/freertos-7.3.0/source/queue.o
 .ARM.attributes
                0x000002e1       0x33 src/ASF/thirdparty/freertos/freertos-7.3.0/source/tasks.o
 .ARM.attributes
                0x00000314       0x33 src/ASF/thirdparty/freertos/freertos-7.3.0/source/timers.o
 .ARM.attributes
                0x00000347       0x33 src/ASF/common/utils/stdio/write.o
 .ARM.attributes
                0x0000037a       0x33 src/ASF/common/services/serial/usart_serial.o
 .ARM.attributes
                0x000003ad       0x33 src/ASF/sam/drivers/pwm/pwm.o
 .ARM.attributes
                0x000003e0       0x33 src/ASF/sam/drivers/uart/uart.o
 .ARM.attributes
                0x00000413       0x33 src/ASF/common/services/clock/sam3x/sysclk.o
 .ARM.attributes
                0x00000446       0x33 src/ASF/common/utils/interrupt/interrupt_sam_nvic.o
 .ARM.attributes
                0x00000479       0x33 src/ASF/sam/boards/arduino_due_x/init.o
 .ARM.attributes
                0x000004ac       0x33 src/ASF/sam/drivers/pio/pio.o
 .ARM.attributes
                0x000004df       0x33 src/ASF/sam/drivers/pio/pio_handler.o
 .ARM.attributes
                0x00000512       0x33 src/ASF/sam/drivers/pmc/pmc.o
 .ARM.attributes
                0x00000545       0x33 src/ASF/sam/utils/cmsis/sam3x/source/templates/exceptions.o
 .ARM.attributes
                0x00000578       0x33 src/ASF/sam/utils/cmsis/sam3x/source/templates/gcc/startup_sam3x.o
 .ARM.attributes
                0x000005ab       0x33 src/ASF/sam/utils/cmsis/sam3x/source/templates/system_sam3x.o
 .ARM.attributes
                0x000005de       0x33 src/ASF/sam/utils/syscalls/gcc/syscalls.o
 .ARM.attributes
                0x00000611       0x33 src/main.o
 .ARM.attributes
                0x00000644       0x1d c:/program files (x86)/atmel/studio/7.0/toolchain/arm/arm-gnu-toolchain/bin/../lib/gcc/arm-none-eabi/4.9.3/armv7-m\libgcc.a(_arm_addsubsf3.o)
 .ARM.attributes
                0x00000661       0x1d c:/program files (x86)/atmel/studio/7.0/toolchain/arm/arm-gnu-toolchain/bin/../lib/gcc/arm-none-eabi/4.9.3/armv7-m\libgcc.a(_arm_muldivsf3.o)
 .ARM.attributes
                0x0000067e       0x1d c:/program files (x86)/atmel/studio/7.0/toolchain/arm/arm-gnu-toolchain/bin/../lib/gcc/arm-none-eabi/4.9.3/armv7-m\libgcc.a(_arm_cmpsf2.o)
 .ARM.attributes
                0x0000069b       0x1d c:/program files (x86)/atmel/studio/7.0/toolchain/arm/arm-gnu-toolchain/bin/../lib/gcc/arm-none-eabi/4.9.3/armv7-m\libgcc.a(_arm_fixunssfsi.o)
 .ARM.attributes
                0x000006b8       0x2d c:/program files (x86)/atmel/studio/7.0/toolchain/arm/arm-gnu-toolchain/bin/../lib/gcc/arm-none-eabi/4.9.3/../../../../arm-none-eabi/lib/armv7-m\libc.a(lib_a-atoi.o)
 .ARM.attributes
                0x000006e5       0x2d c:/program files (x86)/atmel/studio/7.0/toolchain/arm/arm-gnu-toolchain/bin/../lib/gcc/arm-none-eabi/4.9.3/../../../../arm-none-eabi/lib/armv7-m\libc.a(lib_a-gets.o)
 .ARM.attributes
                0x00000712       0x2d c:/program files (x86)/atmel/studio/7.0/toolchain/arm/arm-gnu-toolchain/bin/../lib/gcc/arm-none-eabi/4.9.3/../../../../arm-none-eabi/lib/armv7-m\libc.a(lib_a-impure.o)
 .ARM.attributes
                0x0000073f       0x2d c:/program files (x86)/atmel/studio/7.0/toolchain/arm/arm-gnu-toolchain/bin/../lib/gcc/arm-none-eabi/4.9.3/../../../../arm-none-eabi/lib/armv7-m\libc.a(lib_a-init.o)
 .ARM.attributes
                0x0000076c       0x2d c:/program files (x86)/atmel/studio/7.0/toolchain/arm/arm-gnu-toolchain/bin/../lib/gcc/arm-none-eabi/4.9.3/../../../../arm-none-eabi/lib/armv7-m\libc.a(lib_a-iprintf.o)
 .ARM.attributes
                0x00000799       0x2d c:/program files (x86)/atmel/studio/7.0/toolchain/arm/arm-gnu-toolchain/bin/../lib/gcc/arm-none-eabi/4.9.3/../../../../arm-none-eabi/lib/armv7-m\libc.a(lib_a-itoa.o)
 .ARM.attributes
                0x000007c6       0x1b c:/program files (x86)/atmel/studio/7.0/toolchain/arm/arm-gnu-toolchain/bin/../lib/gcc/arm-none-eabi/4.9.3/../../../../arm-none-eabi/lib/armv7-m\libc.a(lib_a-memcpy.o)
 .ARM.attributes
                0x000007e1       0x2d c:/program files (x86)/atmel/studio/7.0/toolchain/arm/arm-gnu-toolchain/bin/../lib/gcc/arm-none-eabi/4.9.3/../../../../arm-none-eabi/lib/armv7-m\libc.a(lib_a-memset.o)
 .ARM.attributes
                0x0000080e       0x2d c:/program files (x86)/atmel/studio/7.0/toolchain/arm/arm-gnu-toolchain/bin/../lib/gcc/arm-none-eabi/4.9.3/../../../../arm-none-eabi/lib/armv7-m\libc.a(lib_a-rget.o)
 .ARM.attributes
                0x0000083b       0x2d c:/program files (x86)/atmel/studio/7.0/toolchain/arm/arm-gnu-toolchain/bin/../lib/gcc/arm-none-eabi/4.9.3/../../../../arm-none-eabi/lib/armv7-m\libc.a(lib_a-setbuf.o)
 .ARM.attributes
                0x00000868       0x2d c:/program files (x86)/atmel/studio/7.0/toolchain/arm/arm-gnu-toolchain/bin/../lib/gcc/arm-none-eabi/4.9.3/../../../../arm-none-eabi/lib/armv7-m\libc.a(lib_a-setvbuf.o)
 .ARM.attributes
                0x00000895       0x2d c:/program files (x86)/atmel/studio/7.0/toolchain/arm/arm-gnu-toolchain/bin/../lib/gcc/arm-none-eabi/4.9.3/../../../../arm-none-eabi/lib/armv7-m\libc.a(lib_a-strlen.o)
 .ARM.attributes
                0x000008c2       0x2d c:/program files (x86)/atmel/studio/7.0/toolchain/arm/arm-gnu-toolchain/bin/../lib/gcc/arm-none-eabi/4.9.3/../../../../arm-none-eabi/lib/armv7-m\libc.a(lib_a-strncpy.o)
 .ARM.attributes
                0x000008ef       0x2d c:/program files (x86)/atmel/studio/7.0/toolchain/arm/arm-gnu-toolchain/bin/../lib/gcc/arm-none-eabi/4.9.3/../../../../arm-none-eabi/lib/armv7-m\libc.a(lib_a-strtol.o)
 .ARM.attributes
                0x0000091c       0x2d c:/program files (x86)/atmel/studio/7.0/toolchain/arm/arm-gnu-toolchain/bin/../lib/gcc/arm-none-eabi/4.9.3/../../../../arm-none-eabi/lib/armv7-m\libc.a(lib_a-utoa.o)
 .ARM.attributes
                0x00000949       0x2d c:/program files (x86)/atmel/studio/7.0/toolchain/arm/arm-gnu-toolchain/bin/../lib/gcc/arm-none-eabi/4.9.3/../../../../arm-none-eabi/lib/armv7-m\libc.a(lib_a-vfiprintf.o)
 .ARM.attributes
                0x00000976       0x2d c:/program files (x86)/atmel/studio/7.0/toolchain/arm/arm-gnu-toolchain/bin/../lib/gcc/arm-none-eabi/4.9.3/../../../../arm-none-eabi/lib/armv7-m\libc.a(lib_a-wsetup.o)
 .ARM.attributes
                0x000009a3       0x2d c:/program files (x86)/atmel/studio/7.0/toolchain/arm/arm-gnu-toolchain/bin/../lib/gcc/arm-none-eabi/4.9.3/../../../../arm-none-eabi/lib/armv7-m\libc.a(lib_a-__call_atexit.o)
 .ARM.attributes
                0x000009d0       0x2d c:/program files (x86)/atmel/studio/7.0/toolchain/arm/arm-gnu-toolchain/bin/../lib/gcc/arm-none-eabi/4.9.3/../../../../arm-none-eabi/lib/armv7-m\libc.a(lib_a-atexit.o)
 .ARM.attributes
                0x000009fd       0x2d c:/program files (x86)/atmel/studio/7.0/toolchain/arm/arm-gnu-toolchain/bin/../lib/gcc/arm-none-eabi/4.9.3/../../../../arm-none-eabi/lib/armv7-m\libc.a(lib_a-ctype_.o)
 .ARM.attributes
                0x00000a2a       0x2d c:/program files (x86)/atmel/studio/7.0/toolchain/arm/arm-gnu-toolchain/bin/../lib/gcc/arm-none-eabi/4.9.3/../../../../arm-none-eabi/lib/armv7-m\libc.a(lib_a-fflush.o)
 .ARM.attributes
                0x00000a57       0x2d c:/program files (x86)/atmel/studio/7.0/toolchain/arm/arm-gnu-toolchain/bin/../lib/gcc/arm-none-eabi/4.9.3/../../../../arm-none-eabi/lib/armv7-m\libc.a(lib_a-findfp.o)
 .ARM.attributes
                0x00000a84       0x2d c:/program files (x86)/atmel/studio/7.0/toolchain/arm/arm-gnu-toolchain/bin/../lib/gcc/arm-none-eabi/4.9.3/../../../../arm-none-eabi/lib/armv7-m\libc.a(lib_a-fini.o)
 .ARM.attributes
                0x00000ab1       0x2d c:/program files (x86)/atmel/studio/7.0/toolchain/arm/arm-gnu-toolchain/bin/../lib/gcc/arm-none-eabi/4.9.3/../../../../arm-none-eabi/lib/armv7-m\libc.a(lib_a-fputwc.o)
 .ARM.attributes
                0x00000ade       0x2d c:/program files (x86)/atmel/studio/7.0/toolchain/arm/arm-gnu-toolchain/bin/../lib/gcc/arm-none-eabi/4.9.3/../../../../arm-none-eabi/lib/armv7-m\libc.a(lib_a-freer.o)
 .ARM.attributes
                0x00000b0b       0x2d c:/program files (x86)/atmel/studio/7.0/toolchain/arm/arm-gnu-toolchain/bin/../lib/gcc/arm-none-eabi/4.9.3/../../../../arm-none-eabi/lib/armv7-m\libc.a(lib_a-fvwrite.o)
 .ARM.attributes
                0x00000b38       0x2d c:/program files (x86)/atmel/studio/7.0/toolchain/arm/arm-gnu-toolchain/bin/../lib/gcc/arm-none-eabi/4.9.3/../../../../arm-none-eabi/lib/armv7-m\libc.a(lib_a-fwalk.o)
 .ARM.attributes
                0x00000b65       0x2d c:/program files (x86)/atmel/studio/7.0/toolchain/arm/arm-gnu-toolchain/bin/../lib/gcc/arm-none-eabi/4.9.3/../../../../arm-none-eabi/lib/armv7-m\libc.a(lib_a-locale.o)
 .ARM.attributes
                0x00000b92       0x2d c:/program files (x86)/atmel/studio/7.0/toolchain/arm/arm-gnu-toolchain/bin/../lib/gcc/arm-none-eabi/4.9.3/../../../../arm-none-eabi/lib/armv7-m\libc.a(lib_a-makebuf.o)
 .ARM.attributes
                0x00000bbf       0x2d c:/program files (x86)/atmel/studio/7.0/toolchain/arm/arm-gnu-toolchain/bin/../lib/gcc/arm-none-eabi/4.9.3/../../../../arm-none-eabi/lib/armv7-m\libc.a(lib_a-malloc.o)
 .ARM.attributes
                0x00000bec       0x2d c:/program files (x86)/atmel/studio/7.0/toolchain/arm/arm-gnu-toolchain/bin/../lib/gcc/arm-none-eabi/4.9.3/../../../../arm-none-eabi/lib/armv7-m\libc.a(lib_a-mallocr.o)
 .ARM.attributes
                0x00000c19       0x2d c:/program files (x86)/atmel/studio/7.0/toolchain/arm/arm-gnu-toolchain/bin/../lib/gcc/arm-none-eabi/4.9.3/../../../../arm-none-eabi/lib/armv7-m\libc.a(lib_a-memchr.o)
 .ARM.attributes
                0x00000c46       0x2d c:/program files (x86)/atmel/studio/7.0/toolchain/arm/arm-gnu-toolchain/bin/../lib/gcc/arm-none-eabi/4.9.3/../../../../arm-none-eabi/lib/armv7-m\libc.a(lib_a-memmove.o)
 .ARM.attributes
                0x00000c73       0x2d c:/program files (x86)/atmel/studio/7.0/toolchain/arm/arm-gnu-toolchain/bin/../lib/gcc/arm-none-eabi/4.9.3/../../../../arm-none-eabi/lib/armv7-m\libc.a(lib_a-mlock.o)
 .ARM.attributes
                0x00000ca0       0x2d c:/program files (x86)/atmel/studio/7.0/toolchain/arm/arm-gnu-toolchain/bin/../lib/gcc/arm-none-eabi/4.9.3/../../../../arm-none-eabi/lib/armv7-m\libc.a(lib_a-reallocr.o)
 .ARM.attributes
                0x00000ccd       0x2d c:/program files (x86)/atmel/studio/7.0/toolchain/arm/arm-gnu-toolchain/bin/../lib/gcc/arm-none-eabi/4.9.3/../../../../arm-none-eabi/lib/armv7-m\libc.a(lib_a-refill.o)
 .ARM.attributes
                0x00000cfa       0x2d c:/program files (x86)/atmel/studio/7.0/toolchain/arm/arm-gnu-toolchain/bin/../lib/gcc/arm-none-eabi/4.9.3/../../../../arm-none-eabi/lib/armv7-m\libc.a(lib_a-sbrkr.o)
 .ARM.attributes
                0x00000d27       0x2d c:/program files (x86)/atmel/studio/7.0/toolchain/arm/arm-gnu-toolchain/bin/../lib/gcc/arm-none-eabi/4.9.3/../../../../arm-none-eabi/lib/armv7-m\libc.a(lib_a-stdio.o)
 .ARM.attributes
                0x00000d54       0x2d c:/program files (x86)/atmel/studio/7.0/toolchain/arm/arm-gnu-toolchain/bin/../lib/gcc/arm-none-eabi/4.9.3/../../../../arm-none-eabi/lib/armv7-m\libc.a(lib_a-wbuf.o)
 .ARM.attributes
                0x00000d81       0x2d c:/program files (x86)/atmel/studio/7.0/toolchain/arm/arm-gnu-toolchain/bin/../lib/gcc/arm-none-eabi/4.9.3/../../../../arm-none-eabi/lib/armv7-m\libc.a(lib_a-wcrtomb.o)
 .ARM.attributes
                0x00000dae       0x2d c:/program files (x86)/atmel/studio/7.0/toolchain/arm/arm-gnu-toolchain/bin/../lib/gcc/arm-none-eabi/4.9.3/../../../../arm-none-eabi/lib/armv7-m\libc.a(lib_a-wctomb_r.o)
 .ARM.attributes
                0x00000ddb       0x2d c:/program files (x86)/atmel/studio/7.0/toolchain/arm/arm-gnu-toolchain/bin/../lib/gcc/arm-none-eabi/4.9.3/../../../../arm-none-eabi/lib/armv7-m\libc.a(lib_a-writer.o)
 .ARM.attributes
                0x00000e08       0x2d c:/program files (x86)/atmel/studio/7.0/toolchain/arm/arm-gnu-toolchain/bin/../lib/gcc/arm-none-eabi/4.9.3/../../../../arm-none-eabi/lib/armv7-m\libc.a(lib_a-__atexit.o)
 .ARM.attributes
                0x00000e35       0x2d c:/program files (x86)/atmel/studio/7.0/toolchain/arm/arm-gnu-toolchain/bin/../lib/gcc/arm-none-eabi/4.9.3/../../../../arm-none-eabi/lib/armv7-m\libc.a(lib_a-closer.o)
 .ARM.attributes
                0x00000e62       0x2d c:/program files (x86)/atmel/studio/7.0/toolchain/arm/arm-gnu-toolchain/bin/../lib/gcc/arm-none-eabi/4.9.3/../../../../arm-none-eabi/lib/armv7-m\libc.a(lib_a-fclose.o)
 .ARM.attributes
                0x00000e8f       0x2d c:/program files (x86)/atmel/studio/7.0/toolchain/arm/arm-gnu-toolchain/bin/../lib/gcc/arm-none-eabi/4.9.3/../../../../arm-none-eabi/lib/armv7-m\libc.a(lib_a-fstatr.o)
 .ARM.attributes
                0x00000ebc       0x2d c:/program files (x86)/atmel/studio/7.0/toolchain/arm/arm-gnu-toolchain/bin/../lib/gcc/arm-none-eabi/4.9.3/../../../../arm-none-eabi/lib/armv7-m\libc.a(lib_a-isattyr.o)
 .ARM.attributes
                0x00000ee9       0x2d c:/program files (x86)/atmel/studio/7.0/toolchain/arm/arm-gnu-toolchain/bin/../lib/gcc/arm-none-eabi/4.9.3/../../../../arm-none-eabi/lib/armv7-m\libc.a(lib_a-lseekr.o)
 .ARM.attributes
                0x00000f16       0x2d c:/program files (x86)/atmel/studio/7.0/toolchain/arm/arm-gnu-toolchain/bin/../lib/gcc/arm-none-eabi/4.9.3/../../../../arm-none-eabi/lib/armv7-m\libc.a(lib_a-readr.o)
 .ARM.attributes
                0x00000f43       0x2d c:/program files (x86)/atmel/studio/7.0/toolchain/arm/arm-gnu-toolchain/bin/../lib/gcc/arm-none-eabi/4.9.3/../../../../arm-none-eabi/lib/armv7-m\libc.a(lib_a-reent.o)
 .ARM.attributes
                0x00000f70       0x1d c:/program files (x86)/atmel/studio/7.0/toolchain/arm/arm-gnu-toolchain/bin/../lib/gcc/arm-none-eabi/4.9.3/armv7-m\libgcc.a(_aeabi_uldivmod.o)
 .ARM.attributes
                0x00000f8d       0x2d c:/program files (x86)/atmel/studio/7.0/toolchain/arm/arm-gnu-toolchain/bin/../lib/gcc/arm-none-eabi/4.9.3/armv7-m\libgcc.a(bpabi.o)
 .ARM.attributes
                0x00000fba       0x1d c:/program files (x86)/atmel/studio/7.0/toolchain/arm/arm-gnu-toolchain/bin/../lib/gcc/arm-none-eabi/4.9.3/armv7-m\libgcc.a(_dvmd_tls.o)
 .ARM.attributes
                0x00000fd7       0x2d c:/program files (x86)/atmel/studio/7.0/toolchain/arm/arm-gnu-toolchain/bin/../lib/gcc/arm-none-eabi/4.9.3/armv7-m\libgcc.a(_divdi3.o)
 .ARM.attributes
                0x00001004       0x2d c:/program files (x86)/atmel/studio/7.0/toolchain/arm/arm-gnu-toolchain/bin/../lib/gcc/arm-none-eabi/4.9.3/armv7-m\libgcc.a(_udivdi3.o)
 .ARM.attributes
                0x00001031       0x1d c:/program files (x86)/atmel/studio/7.0/toolchain/arm/arm-gnu-toolchain/bin/../lib/gcc/arm-none-eabi/4.9.3/armv7-m/crtn.o

.comment        0x00000000       0x5b
 .comment       0x00000000       0x5b src/adc_io.o
                                 0x5c (size before relaxing)
 .comment       0x00000000       0x5c src/ASF/common/utils/stdio/read.o
 .comment       0x00000000       0x5c src/ASF/sam/drivers/adc/adc.o
 .comment       0x00000000       0x5c src/ASF/sam/drivers/usart/usart.o
 .comment       0x00000000       0x5c src/ASF/thirdparty/wireless/addons/sio2host/uart/sio2host.o
 .comment       0x00000000       0x5c src/pwm_io.o
 .comment       0x00000000       0x5c src/task_com.o
 .comment       0x00000000       0x5c src/task_reg.o
 .comment       0x00000000       0x5c src/uart_SR.o
 .comment       0x00000000       0x5c src/ASF/thirdparty/freertos/freertos-7.3.0/source/list.o
 .comment       0x00000000       0x5c src/ASF/thirdparty/freertos/freertos-7.3.0/source/portable/gcc/sam/port.o
 .comment       0x00000000       0x5c src/ASF/thirdparty/freertos/freertos-7.3.0/source/portable/memmang/heap_4.o
 .comment       0x00000000       0x5c src/ASF/thirdparty/freertos/freertos-7.3.0/source/queue.o
 .comment       0x00000000       0x5c src/ASF/thirdparty/freertos/freertos-7.3.0/source/tasks.o
 .comment       0x00000000       0x5c src/ASF/thirdparty/freertos/freertos-7.3.0/source/timers.o
 .comment       0x00000000       0x5c src/ASF/common/utils/stdio/write.o
 .comment       0x00000000       0x5c src/ASF/common/services/serial/usart_serial.o
 .comment       0x00000000       0x5c src/ASF/sam/drivers/pwm/pwm.o
 .comment       0x00000000       0x5c src/ASF/sam/drivers/uart/uart.o
 .comment       0x00000000       0x5c src/ASF/common/services/clock/sam3x/sysclk.o
 .comment       0x00000000       0x5c src/ASF/common/utils/interrupt/interrupt_sam_nvic.o
 .comment       0x00000000       0x5c src/ASF/sam/boards/arduino_due_x/init.o
 .comment       0x00000000       0x5c src/ASF/sam/drivers/pio/pio.o
 .comment       0x00000000       0x5c src/ASF/sam/drivers/pio/pio_handler.o
 .comment       0x00000000       0x5c src/ASF/sam/drivers/pmc/pmc.o
 .comment       0x00000000       0x5c src/ASF/sam/utils/cmsis/sam3x/source/templates/exceptions.o
 .comment       0x00000000       0x5c src/ASF/sam/utils/cmsis/sam3x/source/templates/gcc/startup_sam3x.o
 .comment       0x00000000       0x5c src/ASF/sam/utils/cmsis/sam3x/source/templates/system_sam3x.o
 .comment       0x00000000       0x5c src/ASF/sam/utils/syscalls/gcc/syscalls.o
 .comment       0x00000000       0x5c src/main.o

.debug_info     0x00000000    0x1662f
 .debug_info    0x00000000      0xec4 src/adc_io.o
 .debug_info    0x00000ec4      0x1be src/ASF/common/utils/stdio/read.o
 .debug_info    0x00001082     0x118c src/ASF/sam/drivers/adc/adc.o
 .debug_info    0x0000220e     0x1bfa src/ASF/sam/drivers/usart/usart.o
 .debug_info    0x00003e08     0x187d src/ASF/thirdparty/wireless/addons/sio2host/uart/sio2host.o
 .debug_info    0x00005685     0x16eb src/pwm_io.o
 .debug_info    0x00006d70      0xc41 src/task_com.o
 .debug_info    0x000079b1      0xfac src/task_reg.o
 .debug_info    0x0000895d     0x1441 src/uart_SR.o
 .debug_info    0x00009d9e      0x2b7 src/ASF/thirdparty/freertos/freertos-7.3.0/source/list.o
 .debug_info    0x0000a055      0x3a0 src/ASF/thirdparty/freertos/freertos-7.3.0/source/portable/gcc/sam/port.o
 .debug_info    0x0000a3f5      0x38d src/ASF/thirdparty/freertos/freertos-7.3.0/source/portable/memmang/heap_4.o
 .debug_info    0x0000a782      0xea8 src/ASF/thirdparty/freertos/freertos-7.3.0/source/queue.o
 .debug_info    0x0000b62a     0x17f7 src/ASF/thirdparty/freertos/freertos-7.3.0/source/tasks.o
 .debug_info    0x0000ce21      0xb44 src/ASF/thirdparty/freertos/freertos-7.3.0/source/timers.o
 .debug_info    0x0000d965      0x1c0 src/ASF/common/utils/stdio/write.o
 .debug_info    0x0000db25      0x7d2 src/ASF/common/services/serial/usart_serial.o
 .debug_info    0x0000e2f7     0x1564 src/ASF/sam/drivers/pwm/pwm.o
 .debug_info    0x0000f85b      0x889 src/ASF/sam/drivers/uart/uart.o
 .debug_info    0x000100e4      0x796 src/ASF/common/services/clock/sam3x/sysclk.o
 .debug_info    0x0001087a      0x1e8 src/ASF/common/utils/interrupt/interrupt_sam_nvic.o
 .debug_info    0x00010a62      0x728 src/ASF/sam/boards/arduino_due_x/init.o
 .debug_info    0x0001118a     0x1391 src/ASF/sam/drivers/pio/pio.o
 .debug_info    0x0001251b      0xe51 src/ASF/sam/drivers/pio/pio_handler.o
 .debug_info    0x0001336c     0x1078 src/ASF/sam/drivers/pmc/pmc.o
 .debug_info    0x000143e4      0x124 src/ASF/sam/utils/cmsis/sam3x/source/templates/exceptions.o
 .debug_info    0x00014508      0x3bd src/ASF/sam/utils/cmsis/sam3x/source/templates/gcc/startup_sam3x.o
 .debug_info    0x000148c5      0x4c6 src/ASF/sam/utils/cmsis/sam3x/source/templates/system_sam3x.o
 .debug_info    0x00014d8b      0x43f src/ASF/sam/utils/syscalls/gcc/syscalls.o
 .debug_info    0x000151ca     0x1465 src/main.o

.debug_abbrev   0x00000000     0x3ce4
 .debug_abbrev  0x00000000      0x233 src/adc_io.o
 .debug_abbrev  0x00000233      0x101 src/ASF/common/utils/stdio/read.o
 .debug_abbrev  0x00000334      0x235 src/ASF/sam/drivers/adc/adc.o
 .debug_abbrev  0x00000569      0x325 src/ASF/sam/drivers/usart/usart.o
 .debug_abbrev  0x0000088e      0x3da src/ASF/thirdparty/wireless/addons/sio2host/uart/sio2host.o
 .debug_abbrev  0x00000c68      0x285 src/pwm_io.o
 .debug_abbrev  0x00000eed      0x1e8 src/task_com.o
 .debug_abbrev  0x000010d5      0x24c src/task_reg.o
 .debug_abbrev  0x00001321      0x35f src/uart_SR.o
 .debug_abbrev  0x00001680       0xfb src/ASF/thirdparty/freertos/freertos-7.3.0/source/list.o
 .debug_abbrev  0x0000177b      0x246 src/ASF/thirdparty/freertos/freertos-7.3.0/source/portable/gcc/sam/port.o
 .debug_abbrev  0x000019c1      0x220 src/ASF/thirdparty/freertos/freertos-7.3.0/source/portable/memmang/heap_4.o
 .debug_abbrev  0x00001be1      0x231 src/ASF/thirdparty/freertos/freertos-7.3.0/source/queue.o
 .debug_abbrev  0x00001e12      0x2d8 src/ASF/thirdparty/freertos/freertos-7.3.0/source/tasks.o
 .debug_abbrev  0x000020ea      0x261 src/ASF/thirdparty/freertos/freertos-7.3.0/source/timers.o
 .debug_abbrev  0x0000234b       0xf5 src/ASF/common/utils/stdio/write.o
 .debug_abbrev  0x00002440      0x1a8 src/ASF/common/services/serial/usart_serial.o
 .debug_abbrev  0x000025e8      0x240 src/ASF/sam/drivers/pwm/pwm.o
 .debug_abbrev  0x00002828      0x1bd src/ASF/sam/drivers/uart/uart.o
 .debug_abbrev  0x000029e5      0x227 src/ASF/common/services/clock/sam3x/sysclk.o
 .debug_abbrev  0x00002c0c       0xef src/ASF/common/utils/interrupt/interrupt_sam_nvic.o
 .debug_abbrev  0x00002cfb      0x16d src/ASF/sam/boards/arduino_due_x/init.o
 .debug_abbrev  0x00002e68      0x2d5 src/ASF/sam/drivers/pio/pio.o
 .debug_abbrev  0x0000313d      0x257 src/ASF/sam/drivers/pio/pio_handler.o
 .debug_abbrev  0x00003394      0x268 src/ASF/sam/drivers/pmc/pmc.o
 .debug_abbrev  0x000035fc       0x8c src/ASF/sam/utils/cmsis/sam3x/source/templates/exceptions.o
 .debug_abbrev  0x00003688      0x118 src/ASF/sam/utils/cmsis/sam3x/source/templates/gcc/startup_sam3x.o
 .debug_abbrev  0x000037a0      0x115 src/ASF/sam/utils/cmsis/sam3x/source/templates/system_sam3x.o
 .debug_abbrev  0x000038b5      0x14e src/ASF/sam/utils/syscalls/gcc/syscalls.o
 .debug_abbrev  0x00003a03      0x2e1 src/main.o

.debug_loc      0x00000000     0x8e3b
 .debug_loc     0x00000000       0x20 src/adc_io.o
 .debug_loc     0x00000020      0x107 src/ASF/common/utils/stdio/read.o
 .debug_loc     0x00000127      0x966 src/ASF/sam/drivers/adc/adc.o
 .debug_loc     0x00000a8d     0x1206 src/ASF/sam/drivers/usart/usart.o
 .debug_loc     0x00001c93      0x528 src/ASF/thirdparty/wireless/addons/sio2host/uart/sio2host.o
 .debug_loc     0x000021bb       0x84 src/pwm_io.o
 .debug_loc     0x0000223f       0x4d src/task_com.o
 .debug_loc     0x0000228c      0x10e src/task_reg.o
 .debug_loc     0x0000239a      0x2e1 src/uart_SR.o
 .debug_loc     0x0000267b       0x91 src/ASF/thirdparty/freertos/freertos-7.3.0/source/list.o
 .debug_loc     0x0000270c      0x100 src/ASF/thirdparty/freertos/freertos-7.3.0/source/portable/gcc/sam/port.o
 .debug_loc     0x0000280c      0x370 src/ASF/thirdparty/freertos/freertos-7.3.0/source/portable/memmang/heap_4.o
 .debug_loc     0x00002b7c     0x1203 src/ASF/thirdparty/freertos/freertos-7.3.0/source/queue.o
 .debug_loc     0x00003d7f     0x14f7 src/ASF/thirdparty/freertos/freertos-7.3.0/source/tasks.o
 .debug_loc     0x00005276      0x955 src/ASF/thirdparty/freertos/freertos-7.3.0/source/timers.o
 .debug_loc     0x00005bcb      0x15d src/ASF/common/utils/stdio/write.o
 .debug_loc     0x00005d28      0x23d src/ASF/common/services/serial/usart_serial.o
 .debug_loc     0x00005f65      0xc09 src/ASF/sam/drivers/pwm/pwm.o
 .debug_loc     0x00006b6e      0x242 src/ASF/sam/drivers/uart/uart.o
 .debug_loc     0x00006db0      0x12d src/ASF/common/services/clock/sam3x/sysclk.o
 .debug_loc     0x00006edd       0x1e src/ASF/common/utils/interrupt/interrupt_sam_nvic.o
 .debug_loc     0x00006efb       0x20 src/ASF/sam/boards/arduino_due_x/init.o
 .debug_loc     0x00006f1b      0xb20 src/ASF/sam/drivers/pio/pio.o
 .debug_loc     0x00007a3b      0x573 src/ASF/sam/drivers/pio/pio_handler.o
 .debug_loc     0x00007fae      0xccc src/ASF/sam/drivers/pmc/pmc.o
 .debug_loc     0x00008c7a       0x5e src/ASF/sam/utils/cmsis/sam3x/source/templates/gcc/startup_sam3x.o
 .debug_loc     0x00008cd8      0x12b src/ASF/sam/utils/syscalls/gcc/syscalls.o
 .debug_loc     0x00008e03       0x38 src/main.o

.debug_aranges  0x00000000     0x1058
 .debug_aranges
                0x00000000       0x20 src/adc_io.o
 .debug_aranges
                0x00000020       0x20 src/ASF/common/utils/stdio/read.o
 .debug_aranges
                0x00000040      0x178 src/ASF/sam/drivers/adc/adc.o
 .debug_aranges
                0x000001b8      0x2a8 src/ASF/sam/drivers/usart/usart.o
 .debug_aranges
                0x00000460       0x60 src/ASF/thirdparty/wireless/addons/sio2host/uart/sio2host.o
 .debug_aranges
                0x000004c0       0x28 src/pwm_io.o
 .debug_aranges
                0x000004e8       0x20 src/task_com.o
 .debug_aranges
                0x00000508       0x20 src/task_reg.o
 .debug_aranges
                0x00000528       0x38 src/uart_SR.o
 .debug_aranges
                0x00000560       0x40 src/ASF/thirdparty/freertos/freertos-7.3.0/source/list.o
 .debug_aranges
                0x000005a0       0x80 src/ASF/thirdparty/freertos/freertos-7.3.0/source/portable/gcc/sam/port.o
 .debug_aranges
                0x00000620       0x40 src/ASF/thirdparty/freertos/freertos-7.3.0/source/portable/memmang/heap_4.o
 .debug_aranges
                0x00000660       0xc8 src/ASF/thirdparty/freertos/freertos-7.3.0/source/queue.o
 .debug_aranges
                0x00000728      0x130 src/ASF/thirdparty/freertos/freertos-7.3.0/source/tasks.o
 .debug_aranges
                0x00000858       0x60 src/ASF/thirdparty/freertos/freertos-7.3.0/source/timers.o
 .debug_aranges
                0x000008b8       0x20 src/ASF/common/utils/stdio/write.o
 .debug_aranges
                0x000008d8       0x28 src/ASF/common/services/serial/usart_serial.o
 .debug_aranges
                0x00000900      0x158 src/ASF/sam/drivers/pwm/pwm.o
 .debug_aranges
                0x00000a58       0xe8 src/ASF/sam/drivers/uart/uart.o
 .debug_aranges
                0x00000b40       0x40 src/ASF/common/services/clock/sam3x/sysclk.o
 .debug_aranges
                0x00000b80       0x28 src/ASF/common/utils/interrupt/interrupt_sam_nvic.o
 .debug_aranges
                0x00000ba8       0x20 src/ASF/sam/boards/arduino_due_x/init.o
 .debug_aranges
                0x00000bc8      0x148 src/ASF/sam/drivers/pio/pio.o
 .debug_aranges
                0x00000d10       0x58 src/ASF/sam/drivers/pio/pio_handler.o
 .debug_aranges
                0x00000d68      0x200 src/ASF/sam/drivers/pmc/pmc.o
 .debug_aranges
                0x00000f68       0x20 src/ASF/sam/utils/cmsis/sam3x/source/templates/exceptions.o
 .debug_aranges
                0x00000f88       0x20 src/ASF/sam/utils/cmsis/sam3x/source/templates/gcc/startup_sam3x.o
 .debug_aranges
                0x00000fa8       0x30 src/ASF/sam/utils/cmsis/sam3x/source/templates/system_sam3x.o
 .debug_aranges
                0x00000fd8       0x60 src/ASF/sam/utils/syscalls/gcc/syscalls.o
 .debug_aranges
                0x00001038       0x20 src/main.o

.debug_ranges   0x00000000      0xf18
 .debug_ranges  0x00000000       0x10 src/adc_io.o
 .debug_ranges  0x00000010       0x10 src/ASF/common/utils/stdio/read.o
 .debug_ranges  0x00000020      0x168 src/ASF/sam/drivers/adc/adc.o
 .debug_ranges  0x00000188      0x298 src/ASF/sam/drivers/usart/usart.o
 .debug_ranges  0x00000420       0x50 src/ASF/thirdparty/wireless/addons/sio2host/uart/sio2host.o
 .debug_ranges  0x00000470       0x18 src/pwm_io.o
 .debug_ranges  0x00000488       0x10 src/task_com.o
 .debug_ranges  0x00000498       0x10 src/task_reg.o
 .debug_ranges  0x000004a8       0x28 src/uart_SR.o
 .debug_ranges  0x000004d0       0x30 src/ASF/thirdparty/freertos/freertos-7.3.0/source/list.o
 .debug_ranges  0x00000500       0x70 src/ASF/thirdparty/freertos/freertos-7.3.0/source/portable/gcc/sam/port.o
 .debug_ranges  0x00000570       0x30 src/ASF/thirdparty/freertos/freertos-7.3.0/source/portable/memmang/heap_4.o