Archive member included because of file (symbol)

c:/program files (x86)/atmel/studio/7.0/toolchain/arm/arm-gnu-toolchain/bin/../lib/gcc/arm-none-eabi/4.9.3/armv7-m\libgcc.a(_arm_addsubsf3.o)
                              src/task_reg.o (__aeabi_fadd)
c:/program files (x86)/atmel/studio/7.0/toolchain/arm/arm-gnu-toolchain/bin/../lib/gcc/arm-none-eabi/4.9.3/armv7-m\libgcc.a(_arm_muldivsf3.o)
                              src/task_reg.o (__aeabi_fmul)
c:/program files (x86)/atmel/studio/7.0/toolchain/arm/arm-gnu-toolchain/bin/../lib/gcc/arm-none-eabi/4.9.3/armv7-m\libgcc.a(_arm_cmpsf2.o)
                              src/task_reg.o (__aeabi_fcmplt)
c:/program files (x86)/atmel/studio/7.0/toolchain/arm/arm-gnu-toolchain/bin/../lib/gcc/arm-none-eabi/4.9.3/armv7-m\libgcc.a(_arm_fixsfsi.o)
                              src/task_reg.o (__aeabi_f2iz)
c:/program files (x86)/atmel/studio/7.0/toolchain/arm/arm-gnu-toolchain/bin/../lib/gcc/arm-none-eabi/4.9.3/armv7-m\libgcc.a(_arm_fixunssfsi.o)
                              src/task_reg.o (__aeabi_f2uiz)
c:/program files (x86)/atmel/studio/7.0/toolchain/arm/arm-gnu-toolchain/bin/../lib/gcc/arm-none-eabi/4.9.3/../../../../arm-none-eabi/lib/armv7-m\libc.a(lib_a-atoi.o)
                              src/uart_SR.o (atoi)
c:/program files (x86)/atmel/studio/7.0/toolchain/arm/arm-gnu-toolchain/bin/../lib/gcc/arm-none-eabi/4.9.3/../../../../arm-none-eabi/lib/armv7-m\libc.a(lib_a-exit.o)
                              c:/program files (x86)/atmel/studio/7.0/toolchain/arm/arm-gnu-toolchain/bin/../lib/gcc/arm-none-eabi/4.9.3/../../../../arm-none-eabi/lib/armv7-m/crt0.o (exit)
c:/program files (x86)/atmel/studio/7.0/toolchain/arm/arm-gnu-toolchain/bin/../lib/gcc/arm-none-eabi/4.9.3/../../../../arm-none-eabi/lib/armv7-m\libc.a(lib_a-gets.o)
                              src/uart_SR.o (gets)
c:/program files (x86)/atmel/studio/7.0/toolchain/arm/arm-gnu-toolchain/bin/../lib/gcc/arm-none-eabi/4.9.3/../../../../arm-none-eabi/lib/armv7-m\libc.a(lib_a-impure.o)
                              c:/program files (x86)/atmel/studio/7.0/toolchain/arm/arm-gnu-toolchain/bin/../lib/gcc/arm-none-eabi/4.9.3/../../../../arm-none-eabi/lib/armv7-m\libc.a(lib_a-exit.o) (_global_impure_ptr)
c:/program files (x86)/atmel/studio/7.0/toolchain/arm/arm-gnu-toolchain/bin/../lib/gcc/arm-none-eabi/4.9.3/../../../../arm-none-eabi/lib/armv7-m\libc.a(lib_a-init.o)
                              c:/program files (x86)/atmel/studio/7.0/toolchain/arm/arm-gnu-toolchain/bin/../lib/gcc/arm-none-eabi/4.9.3/../../../../arm-none-eabi/lib/armv7-m/crt0.o (__libc_init_array)
c:/program files (x86)/atmel/studio/7.0/toolchain/arm/arm-gnu-toolchain/bin/../lib/gcc/arm-none-eabi/4.9.3/../../../../arm-none-eabi/lib/armv7-m\libc.a(lib_a-iprintf.o)
                              src/ASF/sam/drivers/adc/adc.o (iprintf)
c:/program files (x86)/atmel/studio/7.0/toolchain/arm/arm-gnu-toolchain/bin/../lib/gcc/arm-none-eabi/4.9.3/../../../../arm-none-eabi/lib/armv7-m\libc.a(lib_a-itoa.o)
                              src/task_com.o (itoa)
c:/program files (x86)/atmel/studio/7.0/toolchain/arm/arm-gnu-toolchain/bin/../lib/gcc/arm-none-eabi/4.9.3/../../../../arm-none-eabi/lib/armv7-m\libc.a(lib_a-memcpy.o)
                              src/ASF/thirdparty/freertos/freertos-7.3.0/source/queue.o (memcpy)
c:/program files (x86)/atmel/studio/7.0/toolchain/arm/arm-gnu-toolchain/bin/../lib/gcc/arm-none-eabi/4.9.3/../../../../arm-none-eabi/lib/armv7-m\libc.a(lib_a-memset.o)
                              c:/program files (x86)/atmel/studio/7.0/toolchain/arm/arm-gnu-toolchain/bin/../lib/gcc/arm-none-eabi/4.9.3/../../../../arm-none-eabi/lib/armv7-m/crt0.o (memset)
c:/program files (x86)/atmel/studio/7.0/toolchain/arm/arm-gnu-toolchain/bin/../lib/gcc/arm-none-eabi/4.9.3/../../../../arm-none-eabi/lib/armv7-m\libc.a(lib_a-puts.o)
                              src/ASF/sam/drivers/adc/adc.o (puts)
c:/program files (x86)/atmel/studio/7.0/toolchain/arm/arm-gnu-toolchain/bin/../lib/gcc/arm-none-eabi/4.9.3/../../../../arm-none-eabi/lib/armv7-m\libc.a(lib_a-rget.o)
                              c:/program files (x86)/atmel/studio/7.0/toolchain/arm/arm-gnu-toolchain/bin/../lib/gcc/arm-none-eabi/4.9.3/../../../../arm-none-eabi/lib/armv7-m\libc.a(lib_a-gets.o) (__srget_r)
c:/program files (x86)/atmel/studio/7.0/toolchain/arm/arm-gnu-toolchain/bin/../lib/gcc/arm-none-eabi/4.9.3/../../../../arm-none-eabi/lib/armv7-m\libc.a(lib_a-setbuf.o)
                              src/ASF/thirdparty/wireless/addons/sio2host/uart/sio2host.o (setbuf)
c:/program files (x86)/atmel/studio/7.0/toolchain/arm/arm-gnu-toolchain/bin/../lib/gcc/arm-none-eabi/4.9.3/../../../../arm-none-eabi/lib/armv7-m\libc.a(lib_a-setvbuf.o)
                              c:/program files (x86)/atmel/studio/7.0/toolchain/arm/arm-gnu-toolchain/bin/../lib/gcc/arm-none-eabi/4.9.3/../../../../arm-none-eabi/lib/armv7-m\libc.a(lib_a-setbuf.o) (setvbuf)
[...]
Memory Configuration

Name             Origin             Length             Attributes
rom              0x00080000         0x00080000         xr
sram0            0x20000000         0x00010000         xrw
sram1            0x20080000         0x00008000         xrw
ram              0x20070000         0x00018000         xrw
*default*        0x00000000         0xffffffff

Linker script and memory map

LOAD c:/program files (x86)/atmel/studio/7.0/toolchain/arm/arm-gnu-toolchain/bin/../lib/gcc/arm-none-eabi/4.9.3/armv7-m/crti.o
LOAD c:/program files (x86)/atmel/studio/7.0/toolchain/arm/arm-gnu-toolchain/bin/../lib/gcc/arm-none-eabi/4.9.3/armv7-m/crtbegin.o
LOAD c:/program files (x86)/atmel/studio/7.0/toolchain/arm/arm-gnu-toolchain/bin/../lib/gcc/arm-none-eabi/4.9.3/../../../../arm-none-eabi/lib/armv7-m/crt0.o
LOAD src/adc_io.o
LOAD src/ASF/common/services/delay/sam/cycle_counter.o
LOAD src/ASF/common/utils/stdio/read.o
LOAD src/ASF/sam/drivers/adc/adc.o
LOAD src/ASF/sam/drivers/dacc/dacc.o
LOAD src/ASF/sam/drivers/usart/usart.o
LOAD src/ASF/thirdparty/freertos/freertos-7.3.0/source/FreeRTOS_CLI.o
LOAD src/ASF/thirdparty/wireless/addons/sio2host/uart/sio2host.o
LOAD src/pwm_io.o
LOAD src/task_com.o
LOAD src/task_reg.o
LOAD src/uart_SR.o
LOAD src/ASF/thirdparty/freertos/freertos-7.3.0/source/list.o
LOAD src/ASF/thirdparty/freertos/freertos-7.3.0/source/portable/gcc/sam/port.o
LOAD src/ASF/thirdparty/freertos/freertos-7.3.0/source/portable/memmang/heap_4.o
LOAD src/ASF/thirdparty/freertos/freertos-7.3.0/source/queue.o
LOAD src/ASF/thirdparty/freertos/freertos-7.3.0/source/tasks.o
LOAD src/ASF/thirdparty/freertos/freertos-7.3.0/source/timers.o
LOAD src/ASF/sam/drivers/adc/adc_sam3u.o
LOAD src/ASF/common/utils/stdio/write.o
LOAD src/ASF/common/services/serial/usart_serial.o
LOAD src/ASF/sam/drivers/pwm/pwm.o
LOAD src/ASF/sam/drivers/tc/tc.o
LOAD src/ASF/sam/drivers/uart/uart.o
LOAD src/ASF/common/services/clock/sam3x/sysclk.o
LOAD src/ASF/common/utils/interrupt/interrupt_sam_nvic.o
LOAD src/ASF/sam/boards/arduino_due_x/init.o
LOAD src/ASF/sam/drivers/pio/pio.o
LOAD src/ASF/sam/drivers/pio/pio_handler.o
LOAD src/ASF/sam/drivers/pmc/pmc.o
LOAD src/ASF/sam/drivers/pmc/sleep.o
LOAD src/ASF/sam/utils/cmsis/sam3x/source/templates/exceptions.o
LOAD src/ASF/sam/utils/cmsis/sam3x/source/templates/gcc/startup_sam3x.o
LOAD src/ASF/sam/utils/cmsis/sam3x/source/templates/system_sam3x.o
LOAD src/ASF/sam/utils/syscalls/gcc/syscalls.o
LOAD src/main.o
START GROUP
LOAD ../src/ASF/thirdparty/CMSIS/Lib/GCC\libarm_cortexM3l_math.a
LOAD c:/program files (x86)/atmel/studio/7.0/toolchain/arm/arm-gnu-toolchain/bin/../lib/gcc/arm-none-eabi/4.9.3/../../../../arm-none-eabi/lib/armv7-m\libm.a
END GROUP
START GROUP
LOAD c:/program files (x86)/atmel/studio/7.0/toolchain/arm/arm-gnu-toolchain/bin/../lib/gcc/arm-none-eabi/4.9.3/armv7-m\libgcc.a
LOAD c:/program files (x86)/atmel/studio/7.0/toolchain/arm/arm-gnu-toolchain/bin/../lib/gcc/arm-none-eabi/4.9.3/../../../../arm-none-eabi/lib/armv7-m\libc.a
END GROUP
LOAD c:/program files (x86)/atmel/studio/7.0/toolchain/arm/arm-gnu-toolchain/bin/../lib/gcc/arm-none-eabi/4.9.3/armv7-m/crtend.o
LOAD c:/program files (x86)/atmel/studio/7.0/toolchain/arm/arm-gnu-toolchain/bin/../lib/gcc/arm-none-eabi/4.9.3/armv7-m/crtn.o
                0x00002000                __stack_size__ = DEFINED (__stack_size__)?__stack_size__:0x2000
                0x20087ffc                __ram_end__ = ((ORIGIN (ram) + 0x18000) - 0x4)

.text           0x00080000     0x666c
                0x00080000                . = ALIGN (0x4)
                0x00080000                _sfixed = .
 *(.vectors .vectors.*)
 .vectors       0x00080000       0xf4 src/ASF/sam/utils/cmsis/sam3x/source/templates/gcc/startup_sam3x.o
                0x00080000                exception_table
 *(.text .text.* .gnu.linkonce.t.*)
 .text          0x000800f4       0x5c c:/program files (x86)/atmel/studio/7.0/toolchain/arm/arm-gnu-toolchain/bin/../lib/gcc/arm-none-eabi/4.9.3/armv7-m/crtbegin.o
 .text.adc_setup
                0x00080150       0x64 src/adc_io.o
                0x00080150                adc_setup
 .text._read    0x000801b4       0x3c src/ASF/common/utils/stdio/read.o
                0x000801b4                _read
 .text.adc_init
                0x000801f0       0x34 src/ASF/sam/drivers/adc/adc.o
                0x000801f0                adc_init
 .text.adc_set_resolution
                0x00080224       0x10 src/ASF/sam/drivers/adc/adc.o
                0x00080224                adc_set_resolution
 .text.adc_configure_trigger
                0x00080234       0x10 src/ASF/sam/drivers/adc/adc.o
                0x00080234                adc_configure_trigger
 .text.adc_configure_timing
                0x00080244       0x20 src/ASF/sam/drivers/adc/adc.o
                0x00080244                adc_configure_timing
 .text.adc_start
                0x00080264        0x8 src/ASF/sam/drivers/adc/adc.o
                0x00080264                adc_start
 .text.adc_enable_channel
                0x0008026c        0x8 src/ASF/sam/drivers/adc/adc.o
                0x0008026c                adc_enable_channel
 .text.adc_get_latest_value
                0x00080274        0x4 src/ASF/sam/drivers/adc/adc.o
                0x00080274                adc_get_latest_value
 .text.adc_get_status
                0x00080278        0x4 src/ASF/sam/drivers/adc/adc.o
                0x00080278                adc_get_status
 .text.usart_write
                0x0008027c       0x14 src/ASF/sam/drivers/usart/usart.o
                0x0008027c                usart_write
 .text.usart_read
                0x00080290       0x18 src/ASF/sam/drivers/usart/usart.o
                0x00080290                usart_read
 .text.USART0_Handler
                0x000802a8       0x60 src/ASF/thirdparty/wireless/addons/sio2host/uart/sio2host.o
                0x000802a8                USART0_Handler
 .text.pwm_set_duty_cycle
                0x00080308       0x1c src/pwm_io.o
                0x00080308                pwm_set_duty_cycle
 .text.pwm_setup
                0x00080324       0x88 src/pwm_io.o
                0x00080324                pwm_setup
 .text.task_com
                0x000803ac       0xc0 src/task_com.o
                0x000803ac                task_com
 .text.filter   0x0008046c       0x70 src/task_reg.o
                0x0008046c                filter
 .text.task_reg
                0x000804dc      0x1b4 src/task_reg.o
                0x000804dc                task_reg
 .text.usart_serial_getchar
                0x00080690       0xa8 src/uart_SR.o
 .text.usart_serial_putchar
                0x00080738       0x9c src/uart_SR.o
 .text.matlab_values
                0x000807d4       0xc0 src/uart_SR.o
                0x000807d4                matlab_values
 .text.configure_console
                0x00080894       0x7c src/uart_SR.o
                0x00080894                configure_console
 .text.vListInitialise
                0x00080910       0x18 src/ASF/thirdparty/freertos/freertos-7.3.0/source/list.o
                0x00080910                vListInitialise
 .text.vListInitialiseItem
                0x00080928        0x8 src/ASF/thirdparty/freertos/freertos-7.3.0/source/list.o
                0x00080928                vListInitialiseItem
 .text.vListInsertEnd
                0x00080930       0x1c src/ASF/thirdparty/freertos/freertos-7.3.0/source/list.o
                0x00080930                vListInsertEnd
 .text.vListInsert
                0x0008094c       0x44 src/ASF/thirdparty/freertos/freertos-7.3.0/source/list.o
                0x0008094c                vListInsert
 .text.uxListRemove
                0x00080990       0x28 src/ASF/thirdparty/freertos/freertos-7.3.0/source/list.o
                0x00080990                uxListRemove
 .text.prvPortStartFirstTask
                0x000809b8       0x14 src/ASF/thirdparty/freertos/freertos-7.3.0/source/portable/gcc/sam/port.o
 .text.pxPortInitialiseStack
                0x000809cc       0x1c src/ASF/thirdparty/freertos/freertos-7.3.0/source/portable/gcc/sam/port.o
                0x000809cc                pxPortInitialiseStack
 .text.SVC_Handler
                0x000809e8       0x20 src/ASF/thirdparty/freertos/freertos-7.3.0/source/portable/gcc/sam/port.o
                0x000809e8                SVC_Handler
 .text.vPortYieldFromISR
                0x00080a08       0x10 src/ASF/thirdparty/freertos/freertos-7.3.0/source/portable/gcc/sam/port.o
                0x00080a08                vPortYieldFromISR
 .text.ulPortSetInterruptMask
                0x00080a18       0x10 src/ASF/thirdparty/freertos/freertos-7.3.0/source/portable/gcc/sam/port.o
                0x00080a18                ulPortSetInterruptMask
 .text.vPortEnterCritical
                0x00080a28       0x18 src/ASF/thirdparty/freertos/freertos-7.3.0/source/portable/gcc/sam/port.o
                0x00080a28                vPortEnterCritical
 .text.vPortClearInterruptMask
                0x00080a40        0x8 src/ASF/thirdparty/freertos/freertos-7.3.0/source/portable/gcc/sam/port.o
                0x00080a40                vPortClearInterruptMask
 .text.vPortExitCritical
                0x00080a48       0x1c src/ASF/thirdparty/freertos/freertos-7.3.0/source/portable/gcc/sam/port.o
                0x00080a48                vPortExitCritical
 .text.PendSV_Handler
                0x00080a64       0x3c src/ASF/thirdparty/freertos/freertos-7.3.0/source/portable/gcc/sam/port.o
                0x00080a64                PendSV_Handler
 .text.SysTick_Handler
                0x00080aa0       0x2c src/ASF/thirdparty/freertos/freertos-7.3.0/source/portable/gcc/sam/port.o
                0x00080aa0                SysTick_Handler
 .text.vPortSetupTimerInterrupt
                0x00080acc       0x18 src/ASF/thirdparty/freertos/freertos-7.3.0/source/portable/gcc/sam/port.o
                0x00080acc                vPortSetupTimerInterrupt
 .text.xPortStartScheduler
                0x00080ae4       0x38 src/ASF/thirdparty/freertos/freertos-7.3.0/source/portable/gcc/sam/port.o
                0x00080ae4                xPortStartScheduler
 .text.prvInsertBlockIntoFreeList
                0x00080b1c       0x58 src/ASF/thirdparty/freertos/freertos-7.3.0/source/portable/memmang/heap_4.o
 .text.pvPortMalloc
                0x00080b74       0xc8 src/ASF/thirdparty/freertos/freertos-7.3.0/source/portable/memmang/heap_4.o
                0x00080b74                pvPortMalloc
 .text.vPortFree
                0x00080c3c       0x38 src/ASF/thirdparty/freertos/freertos-7.3.0/source/portable/memmang/heap_4.o
                0x00080c3c                vPortFree
 .text.prvCopyDataToQueue
                0x00080c74       0x64 src/ASF/thirdparty/freertos/freertos-7.3.0/source/queue.o
 .text.prvCopyDataFromQueue
                0x00080cd8       0x28 src/ASF/thirdparty/freertos/freertos-7.3.0/source/queue.o
 .text.prvUnlockQueue
                0x00080d00       0x90 src/ASF/thirdparty/freertos/freertos-7.3.0/source/queue.o
 .text.xQueueGenericReset
                0x00080d90       0x7c src/ASF/thirdparty/freertos/freertos-7.3.0/source/queue.o
                0x00080d90                xQueueGenericReset
 .text.xQueueGenericCreate
                0x00080e0c       0x58 src/ASF/thirdparty/freertos/freertos-7.3.0/source/queue.o
                0x00080e0c                xQueueGenericCreate
 .text.xQueueGenericSend
                0x00080e64      0x128 src/ASF/thirdparty/freertos/freertos-7.3.0/source/queue.o
                0x00080e64                xQueueGenericSend
 .text.xQueueGenericSendFromISR
                0x00080f8c       0x90 src/ASF/thirdparty/freertos/freertos-7.3.0/source/queue.o
                0x00080f8c                xQueueGenericSendFromISR
 .text.xQueueGenericReceive
                0x0008101c      0x164 src/ASF/thirdparty/freertos/freertos-7.3.0/source/queue.o
                0x0008101c                xQueueGenericReceive
 .text.vQueueWaitForMessageRestricted
                0x00081180       0x4c src/ASF/thirdparty/freertos/freertos-7.3.0/source/queue.o
                0x00081180                vQueueWaitForMessageRestricted
 .text.prvAddCurrentTaskToDelayedList
                0x000811cc       0x5c src/ASF/thirdparty/freertos/freertos-7.3.0/source/tasks.o
 .text.xTaskGenericCreate
                0x00081228      0x204 src/ASF/thirdparty/freertos/freertos-7.3.0/source/tasks.o
                0x00081228                xTaskGenericCreate
 .text.vTaskStartScheduler
                0x0008142c       0x6c src/ASF/thirdparty/freertos/freertos-7.3.0/source/tasks.o
                0x0008142c                vTaskStartScheduler
 .text.vTaskSuspendAll
                0x00081498       0x10 src/ASF/thirdparty/freertos/freertos-7.3.0/source/tasks.o
                0x00081498                vTaskSuspendAll
 .text.xTaskGetTickCount
                0x000814a8       0x20 src/ASF/thirdparty/freertos/freertos-7.3.0/source/tasks.o
                0x000814a8                xTaskGetTickCount
 .text.vTaskIncrementTick
                0x000814c8      0x12c src/ASF/thirdparty/freertos/freertos-7.3.0/source/tasks.o
                0x000814c8                vTaskIncrementTick
 .text.xTaskResumeAll
                0x000815f4      0x104 src/ASF/thirdparty/freertos/freertos-7.3.0/source/tasks.o
                0x000815f4                xTaskResumeAll
 .text.vTaskDelayUntil
                0x000816f8       0x98 src/ASF/thirdparty/freertos/freertos-7.3.0/source/tasks.o
                0x000816f8                vTaskDelayUntil
 .text.prvIdleTask
                0x00081790       0x84 src/ASF/thirdparty/freertos/freertos-7.3.0/source/tasks.o
 .text.vTaskSwitchContext
                0x00081814       0xa4 src/ASF/thirdparty/freertos/freertos-7.3.0/source/tasks.o
                0x00081814                vTaskSwitchContext
 .text.vTaskPlaceOnEventList
                0x000818b8       0x64 src/ASF/thirdparty/freertos/freertos-7.3.0/source/tasks.o
                0x000818b8                vTaskPlaceOnEventList
 .text.vTaskPlaceOnEventListRestricted
                0x0008191c       0x48 src/ASF/thirdparty/freertos/freertos-7.3.0/source/tasks.o
                0x0008191c                vTaskPlaceOnEventListRestricted
 .text.xTaskRemoveFromEventList
                0x00081964       0x84 src/ASF/thirdparty/freertos/freertos-7.3.0/source/tasks.o
                0x00081964                xTaskRemoveFromEventList
 .text.vTaskSetTimeOutState
                0x000819e8       0x28 src/ASF/thirdparty/freertos/freertos-7.3.0/source/tasks.o
                0x000819e8                vTaskSetTimeOutState
 .text.xTaskCheckForTimeOut
                0x00081a10       0x8c src/ASF/thirdparty/freertos/freertos-7.3.0/source/tasks.o
                0x00081a10                xTaskCheckForTimeOut
 .text.vTaskMissedYield
                0x00081a9c        0xc src/ASF/thirdparty/freertos/freertos-7.3.0/source/tasks.o
                0x00081a9c                vTaskMissedYield
 .text.xTaskGetCurrentTaskHandle
                0x00081aa8        0xc src/ASF/thirdparty/freertos/freertos-7.3.0/source/tasks.o
                0x00081aa8                xTaskGetCurrentTaskHandle
 .text.xTaskGetSchedulerState
                0x00081ab4       0x20 src/ASF/thirdparty/freertos/freertos-7.3.0/source/tasks.o
                0x00081ab4                xTaskGetSchedulerState
 .text.vTaskPriorityInherit
                0x00081ad4       0x80 src/ASF/thirdparty/freertos/freertos-7.3.0/source/tasks.o
                0x00081ad4                vTaskPriorityInherit
 .text.vTaskPriorityDisinherit
                0x00081b54       0x50 src/ASF/thirdparty/freertos/freertos-7.3.0/source/tasks.o
                0x00081b54                vTaskPriorityDisinherit
 .text.prvInsertTimerInActiveList
                0x00081ba4       0x50 src/ASF/thirdparty/freertos/freertos-7.3.0/source/timers.o
 .text.prvCheckForValidListAndQueue
                0x00081bf4       0x5c src/ASF/thirdparty/freertos/freertos-7.3.0/source/timers.o
 .text.xTimerCreateTimerTask
                0x00081c50       0x4c src/ASF/thirdparty/freertos/freertos-7.3.0/source/timers.o
                0x00081c50                xTimerCreateTimerTask
 .text.xTimerGenericCommand
                0x00081c9c       0x58 src/ASF/thirdparty/freertos/freertos-7.3.0/source/timers.o
                0x00081c9c                xTimerGenericCommand
 .text.prvSampleTimeNow
                0x00081cf4       0xb8 src/ASF/thirdparty/freertos/freertos-7.3.0/source/timers.o
 .text.prvTimerTask
                0x00081dac      0x180 src/ASF/thirdparty/freertos/freertos-7.3.0/source/timers.o
 .text._write   0x00081f2c       0x50 src/ASF/common/utils/stdio/write.o
                0x00081f2c                _write
 .text.usart_serial_read_packet
                0x00081f7c       0xc4 src/ASF/common/services/serial/usart_serial.o
                0x00081f7c                usart_serial_read_packet
 .text.pwm_clocks_generate
                0x00082040       0x54 src/ASF/sam/drivers/pwm/pwm.o
 .text.pwm_init
                0x00082094       0x4c src/ASF/sam/drivers/pwm/pwm.o
                0x00082094                pwm_init
 .text.pwm_channel_init
                0x000820e0      0x108 src/ASF/sam/drivers/pwm/pwm.o
                0x000820e0                pwm_channel_init
 .text.pwm_channel_update_duty
                0x000821e8       0x24 src/ASF/sam/drivers/pwm/pwm.o
                0x000821e8                pwm_channel_update_duty
 .text.pwm_channel_enable
                0x0008220c        0x8 src/ASF/sam/drivers/pwm/pwm.o
                0x0008220c                pwm_channel_enable
 .text.uart_init
                0x00082214       0x38 src/ASF/sam/drivers/uart/uart.o
                0x00082214                uart_init
 .text.uart_write
                0x0008224c       0x10 src/ASF/sam/drivers/uart/uart.o
                0x0008224c                uart_write
 .text.uart_read
                0x0008225c       0x14 src/ASF/sam/drivers/uart/uart.o
                0x0008225c                uart_read
 .text.sysclk_init
                0x00082270       0x64 src/ASF/common/services/clock/sam3x/sysclk.o
                0x00082270                sysclk_init
 .text.board_init
                0x000822d4       0x70 src/ASF/sam/boards/arduino_due_x/init.o
                0x000822d4                board_init
 .text.pio_set_peripheral
                0x00082344       0x40 src/ASF/sam/drivers/pio/pio.o
                0x00082344                pio_set_peripheral
 .text.pio_set_input
                0x00082384       0x34 src/ASF/sam/drivers/pio/pio.o
                0x00082384                pio_set_input
 .text.pio_set_output
                0x000823b8       0x28 src/ASF/sam/drivers/pio/pio.o
                0x000823b8                pio_set_output
 .text.pio_get_interrupt_status
                0x000823e0        0x4 src/ASF/sam/drivers/pio/pio.o
                0x000823e0                pio_get_interrupt_status
 .text.pio_get_interrupt_mask
                0x000823e4        0x4 src/ASF/sam/drivers/pio/pio.o
                0x000823e4                pio_get_interrupt_mask
 .text.pio_configure_pin
                0x000823e8       0xd4 src/ASF/sam/drivers/pio/pio.o
                0x000823e8                pio_configure_pin
 .text.pio_configure_pin_group
                0x000824bc       0xa0 src/ASF/sam/drivers/pio/pio.o
                0x000824bc                pio_configure_pin_group
 .text.pio_handler_process
                0x0008255c       0x50 src/ASF/sam/drivers/pio/pio_handler.o
                0x0008255c                pio_handler_process
 .text.PIOA_Handler
                0x000825ac       0x14 src/ASF/sam/drivers/pio/pio_handler.o
                0x000825ac                PIOA_Handler
 .text.PIOB_Handler
                0x000825c0       0x14 src/ASF/sam/drivers/pio/pio_handler.o
                0x000825c0                PIOB_Handler
 .text.PIOC_Handler
                0x000825d4       0x14 src/ASF/sam/drivers/pio/pio_handler.o
                0x000825d4                PIOC_Handler
 .text.PIOD_Handler
                0x000825e8       0x14 src/ASF/sam/drivers/pio/pio_handler.o
                0x000825e8                PIOD_Handler
 .text.pmc_switch_mck_to_pllack
                0x000825fc       0x68 src/ASF/sam/drivers/pmc/pmc.o
                0x000825fc                pmc_switch_mck_to_pllack
 .text.pmc_switch_mainck_to_xtal
                0x00082664       0x54 src/ASF/sam/drivers/pmc/pmc.o
                0x00082664                pmc_switch_mainck_to_xtal
 .text.pmc_osc_is_ready_mainck
                0x000826b8       0x10 src/ASF/sam/drivers/pmc/pmc.o
                0x000826b8                pmc_osc_is_ready_mainck
 .text.pmc_disable_pllack
                0x000826c8       0x10 src/ASF/sam/drivers/pmc/pmc.o
                0x000826c8                pmc_disable_pllack
 .text.pmc_is_locked_pllack
                0x000826d8       0x10 src/ASF/sam/drivers/pmc/pmc.o
                0x000826d8                pmc_is_locked_pllack
 .text.pmc_enable_periph_clk
                0x000826e8       0x54 src/ASF/sam/drivers/pmc/pmc.o
                0x000826e8                pmc_enable_periph_clk
 .text.Dummy_Handler
                0x0008273c        0x4 src/ASF/sam/utils/cmsis/sam3x/source/templates/exceptions.o
                0x0008273c                DACC_Handler
                0x0008273c                DebugMon_Handler
                0x0008273c                DMAC_Handler
                0x0008273c                TRNG_Handler
                0x0008273c                HardFault_Handler
                0x0008273c                TC2_Handler
                0x0008273c                USART3_Handler
                0x0008273c                TWI1_Handler
                0x0008273c                NMI_Handler
                0x0008273c                TC7_Handler
                0x0008273c                ADC_Handler
                0x0008273c                SMC_Handler
                0x0008273c                RTT_Handler
                0x0008273c                EFC1_Handler
                0x0008273c                RTC_Handler
                0x0008273c                UsageFault_Handler
                0x0008273c                TC6_Handler
                0x0008273c                WDT_Handler
                0x0008273c                CAN0_Handler
                0x0008273c                TC4_Handler
                0x0008273c                TC1_Handler
                0x0008273c                HSMCI_Handler
                0x0008273c                TC3_Handler
                0x0008273c                Dummy_Handler
                0x0008273c                TWI0_Handler
                0x0008273c                USART1_Handler
                0x0008273c                SSC_Handler
                0x0008273c                EFC0_Handler
                0x0008273c                PMC_Handler
                0x0008273c                PWM_Handler
                0x0008273c                CAN1_Handler
                0x0008273c                MemManage_Handler
                0x0008273c                SUPC_Handler
                0x0008273c                TC8_Handler
                0x0008273c                USART2_Handler
                0x0008273c                EMAC_Handler
                0x0008273c                UART_Handler
                0x0008273c                BusFault_Handler
                0x0008273c                RSTC_Handler
                0x0008273c                TC0_Handler
                0x0008273c                TC5_Handler
                0x0008273c                UOTGHS_Handler
                0x0008273c                SPI0_Handler
 .text.Reset_Handler
                0x00082740       0xb0 src/ASF/sam/utils/cmsis/sam3x/source/templates/gcc/startup_sam3x.o
                0x00082740                Reset_Handler
 .text.SystemCoreClockUpdate
                0x000827f0      0x11c src/ASF/sam/utils/cmsis/sam3x/source/templates/system_sam3x.o
                0x000827f0                SystemCoreClockUpdate
 .text._sbrk    0x0008290c       0x34 src/ASF/sam/utils/syscalls/gcc/syscalls.o
                0x0008290c                _sbrk
 .text._close   0x00082940        0x8 src/ASF/sam/utils/syscalls/gcc/syscalls.o
                0x00082940                _close
 .text._fstat   0x00082948        0xc src/ASF/sam/utils/syscalls/gcc/syscalls.o
                0x00082948                _fstat
 .text._isatty  0x00082954        0x4 src/ASF/sam/utils/syscalls/gcc/syscalls.o
                0x00082954                _isatty
 .text._lseek   0x00082958        0x4 src/ASF/sam/utils/syscalls/gcc/syscalls.o
                0x00082958                _lseek
 .text.main     0x0008295c       0xf0 src/main.o
                0x0008295c                main
 .text          0x00082a4c      0x21c c:/program files (x86)/atmel/studio/7.0/toolchain/arm/arm-gnu-toolchain/bin/../lib/gcc/arm-none-eabi/4.9.3/armv7-m\libgcc.a(_arm_addsubsf3.o)
                0x00082a4c                __aeabi_frsub
                0x00082a54                __subsf3
                0x00082a54                __aeabi_fsub
                0x00082a58                __aeabi_fadd
                0x00082a58                __addsf3
                0x00082bb8                __aeabi_ui2f
                0x00082bb8                __floatunsisf
                0x00082bc0                __aeabi_i2f
                0x00082bc0                __floatsisf
                0x00082bdc                __aeabi_ul2f
                0x00082bdc                __floatundisf
                0x00082bec                __aeabi_l2f
                0x00082bec                __floatdisf
 .text          0x00082c68      0x2a0 c:/program files (x86)/atmel/studio/7.0/toolchain/arm/arm-gnu-toolchain/bin/../lib/gcc/arm-none-eabi/4.9.3/armv7-m\libgcc.a(_arm_muldivsf3.o)
                0x00082c68                __mulsf3
                0x00082c68                __aeabi_fmul
                0x00082dd0                __aeabi_fdiv
                0x00082dd0                __divsf3
 .text          0x00082f08       0xec c:/program files (x86)/atmel/studio/7.0/toolchain/arm/arm-gnu-toolchain/bin/../lib/gcc/arm-none-eabi/4.9.3/armv7-m\libgcc.a(_arm_cmpsf2.o)
                0x00082f08                __gesf2
                0x00082f08                __gtsf2
                0x00082f10                __lesf2
                0x00082f10                __ltsf2
                0x00082f18                __nesf2
                0x00082f18                __eqsf2
                0x00082f18                __cmpsf2
                0x00082f78                __aeabi_cfrcmple
                0x00082f80                __aeabi_cfcmpeq
                0x00082f80                __aeabi_cfcmple
                0x00082f90                __aeabi_fcmpeq
                0x00082fa4                __aeabi_fcmplt
                0x00082fb8                __aeabi_fcmple
                0x00082fcc                __aeabi_fcmpge
                0x00082fe0                __aeabi_fcmpgt
 .text          0x00082ff4       0x4c c:/program files (x86)/atmel/studio/7.0/toolchain/arm/arm-gnu-toolchain/bin/../lib/gcc/arm-none-eabi/4.9.3/armv7-m\libgcc.a(_arm_fixsfsi.o)
                0x00082ff4                __aeabi_f2iz
                0x00082ff4                __fixsfsi
 .text          0x00083040       0x40 c:/program files (x86)/atmel/studio/7.0/toolchain/arm/arm-gnu-toolchain/bin/../lib/gcc/arm-none-eabi/4.9.3/armv7-m\libgcc.a(_arm_fixunssfsi.o)
                0x00083040                __fixunssfsi
                0x00083040                __aeabi_f2uiz
 .text.atoi     0x00083080        0x8 c:/program files (x86)/atmel/studio/7.0/toolchain/arm/arm-gnu-toolchain/bin/../lib/gcc/arm-none-eabi/4.9.3/../../../../arm-none-eabi/lib/armv7-m\libc.a(lib_a-atoi.o)
                0x00083080                atoi
 .text._gets_r  0x00083088       0x4c c:/program files (x86)/atmel/studio/7.0/toolchain/arm/arm-gnu-toolchain/bin/../lib/gcc/arm-none-eabi/4.9.3/../../../../arm-none-eabi/lib/armv7-m\libc.a(lib_a-gets.o)
                0x00083088                _gets_r
 .text.gets     0x000830d4       0x10 c:/program files (x86)/atmel/studio/7.0/toolchain/arm/arm-gnu-toolchain/bin/../lib/gcc/arm-none-eabi/4.9.3/../../../../arm-none-eabi/lib/armv7-m\libc.a(lib_a-gets.o)
                0x000830d4                gets
 .text.__libc_init_array
                0x000830e4       0x50 c:/program files (x86)/atmel/studio/7.0/toolchain/arm/arm-gnu-toolchain/bin/../lib/gcc/arm-none-eabi/4.9.3/../../../../arm-none-eabi/lib/armv7-m\libc.a(lib_a-init.o)
                0x000830e4                __libc_init_array
 .text.iprintf  0x00083134       0x28 c:/program files (x86)/atmel/studio/7.0/toolchain/arm/arm-gnu-toolchain/bin/../lib/gcc/arm-none-eabi/4.9.3/../../../../arm-none-eabi/lib/armv7-m\libc.a(lib_a-iprintf.o)
                0x00083134                iprintf
 .text.__itoa   0x0008315c       0x30 c:/program files (x86)/atmel/studio/7.0/toolchain/arm/arm-gnu-toolchain/bin/../lib/gcc/arm-none-eabi/4.9.3/../../../../arm-none-eabi/lib/armv7-m\libc.a(lib_a-itoa.o)
                0x0008315c                __itoa
 .text.itoa     0x0008318c        0x4 c:/program files (x86)/atmel/studio/7.0/toolchain/arm/arm-gnu-toolchain/bin/../lib/gcc/arm-none-eabi/4.9.3/../../../../arm-none-eabi/lib/armv7-m\libc.a(lib_a-itoa.o)
                0x0008318c                itoa
 .text          0x00083190       0xec c:/program files (x86)/atmel/studio/7.0/toolchain/arm/arm-gnu-toolchain/bin/../lib/gcc/arm-none-eabi/4.9.3/../../../../arm-none-eabi/lib/armv7-m\libc.a(lib_a-memcpy.o)
                0x00083190                memcpy
 .text.memset   0x0008327c       0x9c c:/program files (x86)/atmel/studio/7.0/toolchain/arm/arm-gnu-toolchain/bin/../lib/gcc/arm-none-eabi/4.9.3/../../../../arm-none-eabi/lib/armv7-m\libc.a(lib_a-memset.o)
                0x0008327c                memset
 .text.__srget_r
                0x00083318       0x34 c:/program files (x86)/atmel/studio/7.0/toolchain/arm/arm-gnu-toolchain/bin/../lib/gcc/arm-none-eabi/4.9.3/../../../../arm-none-eabi/lib/armv7-m\libc.a(lib_a-rget.o)
                0x00083318                __srget_r
 .text.setbuf   0x0008334c       0x10 c:/program files (x86)/atmel/studio/7.0/toolchain/arm/arm-gnu-toolchain/bin/../lib/gcc/arm-none-eabi/4.9.3/../../../../arm-none-eabi/lib/armv7-m\libc.a(lib_a-setbuf.o)
                0x0008334c                setbuf
 .text.setvbuf  0x0008335c       0xf8 c:/program files (x86)/atmel/studio/7.0/toolchain/arm/arm-gnu-toolchain/bin/../lib/gcc/arm-none-eabi/4.9.3/../../../../arm-none-eabi/lib/armv7-m\libc.a(lib_a-setvbuf.o)
                0x0008335c                setvbuf
 .text.strlen   0x00083454       0x5c c:/program files (x86)/atmel/studio/7.0/toolchain/arm/arm-gnu-toolchain/bin/../lib/gcc/arm-none-eabi/4.9.3/../../../../arm-none-eabi/lib/armv7-m\libc.a(lib_a-strlen.o)
                0x00083454                strlen
 .text.strncpy  0x000834b0       0x68 c:/program files (x86)/atmel/studio/7.0/toolchain/arm/arm-gnu-toolchain/bin/../lib/gcc/arm-none-eabi/4.9.3/../../../../arm-none-eabi/lib/armv7-m\libc.a(lib_a-strncpy.o)
                0x000834b0                strncpy
 .text._strtol_r
                0x00083518      0x11c c:/program files (x86)/atmel/studio/7.0/toolchain/arm/arm-gnu-toolchain/bin/../lib/gcc/arm-none-eabi/4.9.3/../../../../arm-none-eabi/lib/armv7-m\libc.a(lib_a-strtol.o)
                0x00083518                _strtol_r
 .text.strtol   0x00083634       0x18 c:/program files (x86)/atmel/studio/7.0/toolchain/arm/arm-gnu-toolchain/bin/../lib/gcc/arm-none-eabi/4.9.3/../../../../arm-none-eabi/lib/armv7-m\libc.a(lib_a-strtol.o)
                0x00083634                strtol
 .text.__utoa   0x0008364c       0x80 c:/program files (x86)/atmel/studio/7.0/toolchain/arm/arm-gnu-toolchain/bin/../lib/gcc/arm-none-eabi/4.9.3/../../../../arm-none-eabi/lib/armv7-m\libc.a(lib_a-utoa.o)
                0x0008364c                __utoa
 .text.__sprint_r.part.0
                0x000836cc       0x78 c:/program files (x86)/atmel/studio/7.0/toolchain/arm/arm-gnu-toolchain/bin/../lib/gcc/arm-none-eabi/4.9.3/../../../../arm-none-eabi/lib/armv7-m\libc.a(lib_a-vfiprintf.o)
 .text._vfiprintf_r
                0x00083744      0xc10 c:/program files (x86)/atmel/studio/7.0/toolchain/arm/arm-gnu-toolchain/bin/../lib/gcc/arm-none-eabi/4.9.3/../../../../arm-none-eabi/lib/armv7-m\libc.a(lib_a-vfiprintf.o)
                0x00083744                _vfiprintf_r
 .text.__sbprintf
                0x00084354       0x7c c:/program files (x86)/atmel/studio/7.0/toolchain/arm/arm-gnu-toolchain/bin/../lib/gcc/arm-none-eabi/4.9.3/../../../../arm-none-eabi/lib/armv7-m\libc.a(lib_a-vfiprintf.o)
 .text.__swsetup_r
                0x000843d0       0xc4 c:/program files (x86)/atmel/studio/7.0/toolchain/arm/arm-gnu-toolchain/bin/../lib/gcc/arm-none-eabi/4.9.3/../../../../arm-none-eabi/lib/armv7-m\libc.a(lib_a-wsetup.o)
                0x000843d0                __swsetup_r
 .text.startup.register_fini
                0x00084494       0x14 c:/program files (x86)/atmel/studio/7.0/toolchain/arm/arm-gnu-toolchain/bin/../lib/gcc/arm-none-eabi/4.9.3/../../../../arm-none-eabi/lib/armv7-m\libc.a(lib_a-__call_atexit.o)
 .text.atexit   0x000844a8        0xc c:/program files (x86)/atmel/studio/7.0/toolchain/arm/arm-gnu-toolchain/bin/../lib/gcc/arm-none-eabi/4.9.3/../../../../arm-none-eabi/lib/armv7-m\libc.a(lib_a-atexit.o)
                0x000844a8                atexit
 .text.__sflush_r
                0x000844b4      0x148 c:/program files (x86)/atmel/studio/7.0/toolchain/arm/arm-gnu-toolchain/bin/../lib/gcc/arm-none-eabi/4.9.3/../../../../arm-none-eabi/lib/armv7-m\libc.a(lib_a-fflush.o)
                0x000844b4                __sflush_r
 .text._fflush_r
                0x000845fc       0x2c c:/program files (x86)/atmel/studio/7.0/toolchain/arm/arm-gnu-toolchain/bin/../lib/gcc/arm-none-eabi/4.9.3/../../../../arm-none-eabi/lib/armv7-m\libc.a(lib_a-fflush.o)
                0x000845fc                _fflush_r
 .text.fflush   0x00084628       0x24 c:/program files (x86)/atmel/studio/7.0/toolchain/arm/arm-gnu-toolchain/bin/../lib/gcc/arm-none-eabi/4.9.3/../../../../arm-none-eabi/lib/armv7-m\libc.a(lib_a-fflush.o)
                0x00084628                fflush
 .text._cleanup_r
                0x0008464c        0xc c:/program files (x86)/atmel/studio/7.0/toolchain/arm/arm-gnu-toolchain/bin/../lib/gcc/arm-none-eabi/4.9.3/../../../../arm-none-eabi/lib/armv7-m\libc.a(lib_a-findfp.o)
                0x0008464c                _cleanup_r
 .text.__sinit.part.1
                0x00084658       0xf0 c:/program files (x86)/atmel/studio/7.0/toolchain/arm/arm-gnu-toolchain/bin/../lib/gcc/arm-none-eabi/4.9.3/../../../../arm-none-eabi/lib/armv7-m\libc.a(lib_a-findfp.o)
 .text.__sinit  0x00084748        0xc c:/program files (x86)/atmel/studio/7.0/toolchain/arm/arm-gnu-toolchain/bin/../lib/gcc/arm-none-eabi/4.9.3/../../../../arm-none-eabi/lib/armv7-m\libc.a(lib_a-findfp.o)
                0x00084748                __sinit
 .text.__sfp_lock_acquire
                0x00084754        0x4 c:/program files (x86)/atmel/studio/7.0/toolchain/arm/arm-gnu-toolchain/bin/../lib/gcc/arm-none-eabi/4.9.3/../../../../arm-none-eabi/lib/armv7-m\libc.a(lib_a-findfp.o)
                0x00084754                __sfp_lock_acquire
 .text.__sfp_lock_release
                0x00084758        0x4 c:/program files (x86)/atmel/studio/7.0/toolchain/arm/arm-gnu-toolchain/bin/../lib/gcc/arm-none-eabi/4.9.3/../../../../arm-none-eabi/lib/armv7-m\libc.a(lib_a-findfp.o)
                0x00084758                __sfp_lock_release
 .text.__libc_fini_array
                0x0008475c       0x2c c:/program files (x86)/atmel/studio/7.0/toolchain/arm/arm-gnu-toolchain/bin/../lib/gcc/arm-none-eabi/4.9.3/../../../../arm-none-eabi/lib/armv7-m\libc.a(lib_a-fini.o)
                0x0008475c                __libc_fini_array
 .text.__fputwc
                0x00084788       0xb0 c:/program files (x86)/atmel/studio/7.0/toolchain/arm/arm-gnu-toolchain/bin/../lib/gcc/arm-none-eabi/4.9.3/../../../../arm-none-eabi/lib/armv7-m\libc.a(lib_a-fputwc.o)
                0x00084788                __fputwc
 .text._fputwc_r
                0x00084838       0x24 c:/program files (x86)/atmel/studio/7.0/toolchain/arm/arm-gnu-toolchain/bin/../lib/gcc/arm-none-eabi/4.9.3/../../../../arm-none-eabi/lib/armv7-m\libc.a(lib_a-fputwc.o)
                0x00084838                _fputwc_r
 .text._malloc_trim_r
                0x0008485c       0x9c c:/program files (x86)/atmel/studio/7.0/toolchain/arm/arm-gnu-toolchain/bin/../lib/gcc/arm-none-eabi/4.9.3/../../../../arm-none-eabi/lib/armv7-m\libc.a(lib_a-freer.o)
                0x0008485c                _malloc_trim_r
 .text._free_r  0x000848f8      0x1b0 c:/program files (x86)/atmel/studio/7.0/toolchain/arm/arm-gnu-toolchain/bin/../lib/gcc/arm-none-eabi/4.9.3/../../../../arm-none-eabi/lib/armv7-m\libc.a(lib_a-freer.o)
                0x000848f8                _free_r
 .text.__sfvwrite_r
                0x00084aa8      0x320 c:/program files (x86)/atmel/studio/7.0/toolchain/arm/arm-gnu-toolchain/bin/../lib/gcc/arm-none-eabi/4.9.3/../../../../arm-none-eabi/lib/armv7-m\libc.a(lib_a-fvwrite.o)
                0x00084aa8                __sfvwrite_r
 .text._fwalk   0x00084dc8       0x48 c:/program files (x86)/atmel/studio/7.0/toolchain/arm/arm-gnu-toolchain/bin/../lib/gcc/arm-none-eabi/4.9.3/../../../../arm-none-eabi/lib/armv7-m\libc.a(lib_a-fwalk.o)
                0x00084dc8                _fwalk
 .text._fwalk_reent
                0x00084e10       0x50 c:/program files (x86)/atmel/studio/7.0/toolchain/arm/arm-gnu-toolchain/bin/../lib/gcc/arm-none-eabi/4.9.3/../../../../arm-none-eabi/lib/armv7-m\libc.a(lib_a-fwalk.o)
                0x00084e10                _fwalk_reent
 .text.__locale_charset
                0x00084e60        0x8 c:/program files (x86)/atmel/studio/7.0/toolchain/arm/arm-gnu-toolchain/bin/../lib/gcc/arm-none-eabi/4.9.3/../../../../arm-none-eabi/lib/armv7-m\libc.a(lib_a-locale.o)
                0x00084e60                __locale_charset
 .text.__locale_mb_cur_max
                0x00084e68        0xc c:/program files (x86)/atmel/studio/7.0/toolchain/arm/arm-gnu-toolchain/bin/../lib/gcc/arm-none-eabi/4.9.3/../../../../arm-none-eabi/lib/armv7-m\libc.a(lib_a-locale.o)
                0x00084e68                __locale_mb_cur_max
 .text.__smakebuf_r
                0x00084e74       0xe0 c:/program files (x86)/atmel/studio/7.0/toolchain/arm/arm-gnu-toolchain/bin/../lib/gcc/arm-none-eabi/4.9.3/../../../../arm-none-eabi/lib/armv7-m\libc.a(lib_a-makebuf.o)
                0x00084e74                __smakebuf_r
 .text.malloc   0x00084f54       0x10 c:/program files (x86)/atmel/studio/7.0/toolchain/arm/arm-gnu-toolchain/bin/../lib/gcc/arm-none-eabi/4.9.3/../../../../arm-none-eabi/lib/armv7-m\libc.a(lib_a-malloc.o)
                0x00084f54                malloc
 .text._malloc_r
                0x00084f64      0x50c c:/program files (x86)/atmel/studio/7.0/toolchain/arm/arm-gnu-toolchain/bin/../lib/gcc/arm-none-eabi/4.9.3/../../../../arm-none-eabi/lib/armv7-m\libc.a(lib_a-mallocr.o)
                0x00084f64                _malloc_r
 .text.memchr   0x00085470       0x94 c:/program files (x86)/atmel/studio/7.0/toolchain/arm/arm-gnu-toolchain/bin/../lib/gcc/arm-none-eabi/4.9.3/../../../../arm-none-eabi/lib/armv7-m\libc.a(lib_a-memchr.o)
                0x00085470                memchr
 .text.memmove  0x00085504       0xc8 c:/program files (x86)/atmel/studio/7.0/toolchain/arm/arm-gnu-toolchain/bin/../lib/gcc/arm-none-eabi/4.9.3/../../../../arm-none-eabi/lib/armv7-m\libc.a(lib_a-memmove.o)
                0x00085504                memmove
 .text.__malloc_lock
                0x000855cc        0x4 c:/program files (x86)/atmel/studio/7.0/toolchain/arm/arm-gnu-toolchain/bin/../lib/gcc/arm-none-eabi/4.9.3/../../../../arm-none-eabi/lib/armv7-m\libc.a(lib_a-mlock.o)
                0x000855cc                __malloc_lock
 .text.__malloc_unlock
                0x000855d0        0x4 c:/program files (x86)/atmel/studio/7.0/toolchain/arm/arm-gnu-toolchain/bin/../lib/gcc/arm-none-eabi/4.9.3/../../../../arm-none-eabi/lib/armv7-m\libc.a(lib_a-mlock.o)
                0x000855d0                __malloc_unlock
 .text._realloc_r
                0x000855d4      0x3e0 c:/program files (x86)/atmel/studio/7.0/toolchain/arm/arm-gnu-toolchain/bin/../lib/gcc/arm-none-eabi/4.9.3/../../../../arm-none-eabi/lib/armv7-m\libc.a(lib_a-reallocr.o)
                0x000855d4                _realloc_r
 .text.lflush   0x000859b4       0x14 c:/program files (x86)/atmel/studio/7.0/toolchain/arm/arm-gnu-toolchain/bin/../lib/gcc/arm-none-eabi/4.9.3/../../../../arm-none-eabi/lib/armv7-m\libc.a(lib_a-refill.o)
 .text.__srefill_r
                0x000859c8      0x110 c:/program files (x86)/atmel/studio/7.0/toolchain/arm/arm-gnu-toolchain/bin/../lib/gcc/arm-none-eabi/4.9.3/../../../../arm-none-eabi/lib/armv7-m\libc.a(lib_a-refill.o)
                0x000859c8                __srefill_r
 .text._sbrk_r  0x00085ad8       0x24 c:/program files (x86)/atmel/studio/7.0/toolchain/arm/arm-gnu-toolchain/bin/../lib/gcc/arm-none-eabi/4.9.3/../../../../arm-none-eabi/lib/armv7-m\libc.a(lib_a-sbrkr.o)
                0x00085ad8                _sbrk_r
 .text.__sread  0x00085afc       0x24 c:/program files (x86)/atmel/studio/7.0/toolchain/arm/arm-gnu-toolchain/bin/../lib/gcc/arm-none-eabi/4.9.3/../../../../arm-none-eabi/lib/armv7-m\libc.a(lib_a-stdio.o)
                0x00085afc                __sread
 .text.__swrite
                0x00085b20       0x38 c:/program files (x86)/atmel/studio/7.0/toolchain/arm/arm-gnu-toolchain/bin/../lib/gcc/arm-none-eabi/4.9.3/../../../../arm-none-eabi/lib/armv7-m\libc.a(lib_a-stdio.o)
                0x00085b20                __swrite
 .text.__sseek  0x00085b58       0x20 c:/program files (x86)/atmel/studio/7.0/toolchain/arm/arm-gnu-toolchain/bin/../lib/gcc/arm-none-eabi/4.9.3/../../../../arm-none-eabi/lib/armv7-m\libc.a(lib_a-stdio.o)
                0x00085b58                __sseek
 .text.__sclose
                0x00085b78        0x8 c:/program files (x86)/atmel/studio/7.0/toolchain/arm/arm-gnu-toolchain/bin/../lib/gcc/arm-none-eabi/4.9.3/../../../../arm-none-eabi/lib/armv7-m\libc.a(lib_a-stdio.o)
                0x00085b78                __sclose
 .text.__swbuf_r
                0x00085b80       0xa8 c:/program files (x86)/atmel/studio/7.0/toolchain/arm/arm-gnu-toolchain/bin/../lib/gcc/arm-none-eabi/4.9.3/../../../../arm-none-eabi/lib/armv7-m\libc.a(lib_a-wbuf.o)
                0x00085b80                __swbuf_r
 .text._wcrtomb_r
                0x00085c28       0x54 c:/program files (x86)/atmel/studio/7.0/toolchain/arm/arm-gnu-toolchain/bin/../lib/gcc/arm-none-eabi/4.9.3/../../../../arm-none-eabi/lib/armv7-m\libc.a(lib_a-wcrtomb.o)
                0x00085c28                _wcrtomb_r
 .text.__ascii_wctomb
                0x00085c7c       0x1c c:/program files (x86)/atmel/studio/7.0/toolchain/arm/arm-gnu-toolchain/bin/../lib/gcc/arm-none-eabi/4.9.3/../../../../arm-none-eabi/lib/armv7-m\libc.a(lib_a-wctomb_r.o)
                0x00085c7c                __ascii_wctomb
 .text._write_r
                0x00085c98       0x28 c:/program files (x86)/atmel/studio/7.0/toolchain/arm/arm-gnu-toolchain/bin/../lib/gcc/arm-none-eabi/4.9.3/../../../../arm-none-eabi/lib/armv7-m\libc.a(lib_a-writer.o)
                0x00085c98                _write_r
 .text.__register_exitproc
                0x00085cc0       0xa4 c:/program files (x86)/atmel/studio/7.0/toolchain/arm/arm-gnu-toolchain/bin/../lib/gcc/arm-none-eabi/4.9.3/../../../../arm-none-eabi/lib/armv7-m\libc.a(lib_a-__atexit.o)
                0x00085cc0                __register_exitproc
 .text._close_r
                0x00085d64       0x24 c:/program files (x86)/atmel/studio/7.0/toolchain/arm/arm-gnu-toolchain/bin/../lib/gcc/arm-none-eabi/4.9.3/../../../../arm-none-eabi/lib/armv7-m\libc.a(lib_a-closer.o)
                0x00085d64                _close_r
 .text._fclose_r
                0x00085d88       0x84 c:/program files (x86)/atmel/studio/7.0/toolchain/arm/arm-gnu-toolchain/bin/../lib/gcc/arm-none-eabi/4.9.3/../../../../arm-none-eabi/lib/armv7-m\libc.a(lib_a-fclose.o)
                0x00085d88                _fclose_r
 .text._fstat_r
                0x00085e0c       0x28 c:/program files (x86)/atmel/studio/7.0/toolchain/arm/arm-gnu-toolchain/bin/../lib/gcc/arm-none-eabi/4.9.3/../../../../arm-none-eabi/lib/armv7-m\libc.a(lib_a-fstatr.o)
                0x00085e0c                _fstat_r
 .text._isatty_r
                0x00085e34       0x24 c:/program files (x86)/atmel/studio/7.0/toolchain/arm/arm-gnu-toolchain/bin/../lib/gcc/arm-none-eabi/4.9.3/../../../../arm-none-eabi/lib/armv7-m\libc.a(lib_a-isattyr.o)
                0x00085e34                _isatty_r
 .text._lseek_r
                0x00085e58       0x28 c:/program files (x86)/atmel/studio/7.0/toolchain/arm/arm-gnu-toolchain/bin/../lib/gcc/arm-none-eabi/4.9.3/../../../../arm-none-eabi/lib/armv7-m\libc.a(lib_a-lseekr.o)
                0x00085e58                _lseek_r
 .text._read_r  0x00085e80       0x28 c:/program files (x86)/atmel/studio/7.0/toolchain/arm/arm-gnu-toolchain/bin/../lib/gcc/arm-none-eabi/4.9.3/../../../../arm-none-eabi/lib/armv7-m\libc.a(lib_a-readr.o)
                0x00085e80                _read_r
 .text          0x00085ea8       0x30 c:/program files (x86)/atmel/studio/7.0/toolchain/arm/arm-gnu-toolchain/bin/../lib/gcc/arm-none-eabi/4.9.3/armv7-m\libgcc.a(_aeabi_uldivmod.o)
                0x00085ea8                __aeabi_uldivmod
 .text          0x00085ed8       0x60 c:/program files (x86)/atmel/studio/7.0/toolchain/arm/arm-gnu-toolchain/bin/../lib/gcc/arm-none-eabi/4.9.3/armv7-m\libgcc.a(bpabi.o)
                0x00085ed8                __gnu_ldivmod_helper
                0x00085f08                __gnu_uldivmod_helper
 .text          0x00085f38        0x4 c:/program files (x86)/atmel/studio/7.0/toolchain/arm/arm-gnu-toolchain/bin/../lib/gcc/arm-none-eabi/4.9.3/armv7-m\libgcc.a(_dvmd_tls.o)
                0x00085f38                __aeabi_idiv0
                0x00085f38                __aeabi_ldiv0
 .text          0x00085f3c      0x2ac c:/program files (x86)/atmel/studio/7.0/toolchain/arm/arm-gnu-toolchain/bin/../lib/gcc/arm-none-eabi/4.9.3/armv7-m\libgcc.a(_divdi3.o)
                0x00085f3c                __divdi3
 .text          0x000861e8      0x270 c:/program files (x86)/atmel/studio/7.0/toolchain/arm/arm-gnu-toolchain/bin/../lib/gcc/arm-none-eabi/4.9.3/armv7-m\libgcc.a(_udivdi3.o)
                0x000861e8                __udivdi3
 *(.glue_7t)
 .glue_7t       0x00000000        0x0 linker stubs
 *(.glue_7)
 .glue_7        0x00000000        0x0 linker stubs
 *(.rodata .rodata* .gnu.linkonce.r.*)
 .rodata.str1.4
                0x00000000        0x0 src/task_com.o
                                  0x2 (size before relaxing)
 .rodata.str1.4
                0x00086458       0x1f src/ASF/thirdparty/freertos/freertos-7.3.0/source/tasks.o
 *fill*         0x00086477        0x1 
 .rodata.str1.4
                0x00086478        0x8 src/ASF/thirdparty/freertos/freertos-7.3.0/source/timers.o
 .rodata        0x00086480       0x2c src/ASF/sam/drivers/pwm/pwm.o
 .rodata.str1.4
                0x000864ac       0x15 src/main.o
 *fill*         0x000864c1        0x3 
 .rodata.str1.4
                0x000864c4        0x2 c:/program files (x86)/atmel/studio/7.0/toolchain/arm/arm-gnu-toolchain/bin/../lib/gcc/arm-none-eabi/4.9.3/../../../../arm-none-eabi/lib/armv7-m\libc.a(lib_a-impure.o)
 *fill*         0x000864c6        0x2 
 .rodata._global_impure_ptr
                0x000864c8        0x4 c:/program files (x86)/atmel/studio/7.0/toolchain/arm/arm-gnu-toolchain/bin/../lib/gcc/arm-none-eabi/4.9.3/../../../../arm-none-eabi/lib/armv7-m\libc.a(lib_a-impure.o)
                0x000864c8                _global_impure_ptr
 .rodata.str1.4
                0x000864cc       0x25 c:/program files (x86)/atmel/studio/7.0/toolchain/arm/arm-gnu-toolchain/bin/../lib/gcc/arm-none-eabi/4.9.3/../../../../arm-none-eabi/lib/armv7-m\libc.a(lib_a-utoa.o)
 *fill*         0x000864f1        0x3 
 .rodata.zeroes.6869
                0x000864f4       0x10 c:/program files (x86)/atmel/studio/7.0/toolchain/arm/arm-gnu-toolchain/bin/../lib/gcc/arm-none-eabi/4.9.3/../../../../arm-none-eabi/lib/armv7-m\libc.a(lib_a-vfiprintf.o)
 .rodata.str1.4
                0x00086504       0x30 c:/program files (x86)/atmel/studio/7.0/toolchain/arm/arm-gnu-toolchain/bin/../lib/gcc/arm-none-eabi/4.9.3/../../../../arm-none-eabi/lib/armv7-m\libc.a(lib_a-vfiprintf.o)
                                 0x2f (size before relaxing)
 .rodata.blanks.6868
                0x00086534       0x10 c:/program files (x86)/atmel/studio/7.0/toolchain/arm/arm-gnu-toolchain/bin/../lib/gcc/arm-none-eabi/4.9.3/../../../../arm-none-eabi/lib/armv7-m\libc.a(lib_a-vfiprintf.o)
 .rodata._ctype_
                0x00086544      0x101 c:/program files (x86)/atmel/studio/7.0/toolchain/arm/arm-gnu-toolchain/bin/../lib/gcc/arm-none-eabi/4.9.3/../../../../arm-none-eabi/lib/armv7-m\libc.a(lib_a-ctype_.o)
                0x00086544                _ctype_
 *(.ARM.extab* .gnu.linkonce.armextab.*)
                0x00086648                . = ALIGN (0x4)
 *fill*         0x00086645        0x3 
 *(.init)
 .init          0x00086648        0x4 c:/program files (x86)/atmel/studio/7.0/toolchain/arm/arm-gnu-toolchain/bin/../lib/gcc/arm-none-eabi/4.9.3/armv7-m/crti.o
                0x00086648                _init
 .init          0x0008664c        0x8 c:/program files (x86)/atmel/studio/7.0/toolchain/arm/arm-gnu-toolchain/bin/../lib/gcc/arm-none-eabi/4.9.3/armv7-m/crtn.o
                0x00086654                . = ALIGN (0x4)
                0x00086654                __preinit_array_start = .
 *(.preinit_array)
                0x00086654                __preinit_array_end = .
                0x00086654                . = ALIGN (0x4)
                0x00086654                __init_array_start = .
 *(SORT(.init_array.*))
 .init_array.00000
                0x00086654        0x4 c:/program files (x86)/atmel/studio/7.0/toolchain/arm/arm-gnu-toolchain/bin/../lib/gcc/arm-none-eabi/4.9.3/../../../../arm-none-eabi/lib/armv7-m\libc.a(lib_a-__call_atexit.o)
 *(.init_array)
 .init_array    0x00086658        0x4 c:/program files (x86)/atmel/studio/7.0/toolchain/arm/arm-gnu-toolchain/bin/../lib/gcc/arm-none-eabi/4.9.3/armv7-m/crtbegin.o
                0x0008665c                __init_array_end = .
                0x0008665c                . = ALIGN (0x4)
 *crtbegin.o(.ctors)
 *(EXCLUDE_FILE(*crtend.o) .ctors)
 *(SORT(.ctors.*))
 *crtend.o(.ctors)
                0x0008665c                . = ALIGN (0x4)
 *(.fini)
 .fini          0x0008665c        0x4 c:/program files (x86)/atmel/studio/7.0/toolchain/arm/arm-gnu-toolchain/bin/../lib/gcc/arm-none-eabi/4.9.3/armv7-m/crti.o
                0x0008665c                _fini
 .fini          0x00086660        0x8 c:/program files (x86)/atmel/studio/7.0/toolchain/arm/arm-gnu-toolchain/bin/../lib/gcc/arm-none-eabi/4.9.3/armv7-m/crtn.o
                0x00086668                . = ALIGN (0x4)
                0x00086668                __fini_array_start = .
 *(.fini_array)
 .fini_array    0x00086668        0x4 c:/program files (x86)/atmel/studio/7.0/toolchain/arm/arm-gnu-toolchain/bin/../lib/gcc/arm-none-eabi/4.9.3/armv7-m/crtbegin.o
 *(SORT(.fini_array.*))
                0x0008666c                __fini_array_end = .
 *crtbegin.o(.dtors)
 *(EXCLUDE_FILE(*crtend.o) .dtors)
 *(SORT(.dtors.*))
 *crtend.o(.dtors)
                0x0008666c                . = ALIGN (0x4)
                0x0008666c                _efixed = .
                0x0008666c                PROVIDE (__exidx_start, .)

.vfp11_veneer   0x0008666c        0x0
 .vfp11_veneer  0x00000000        0x0 linker stubs

.v4_bx          0x0008666c        0x0
 .v4_bx         0x00000000        0x0 linker stubs

.iplt           0x0008666c        0x0
 .iplt          0x00000000        0x0 c:/program files (x86)/atmel/studio/7.0/toolchain/arm/arm-gnu-toolchain/bin/../lib/gcc/arm-none-eabi/4.9.3/armv7-m/crtbegin.o

.ARM.exidx      0x0008666c        0x8
 *(.ARM.exidx* .gnu.linkonce.armexidx.*)
 .ARM.exidx     0x0008666c        0x8 c:/program files (x86)/atmel/studio/7.0/toolchain/arm/arm-gnu-toolchain/bin/../lib/gcc/arm-none-eabi/4.9.3/armv7-m\libgcc.a(_divdi3.o)
 .ARM.exidx     0x00086674        0x0 c:/program files (x86)/atmel/studio/7.0/toolchain/arm/arm-gnu-toolchain/bin/../lib/gcc/arm-none-eabi/4.9.3/armv7-m\libgcc.a(_udivdi3.o)
                                  0x8 (size before relaxing)
                0x00086674                PROVIDE (__exidx_end, .)

.eh_frame       0x00086674        0x0
 .eh_frame      0x00086674        0x0 c:/program files (x86)/atmel/studio/7.0/toolchain/arm/arm-gnu-toolchain/bin/../lib/gcc/arm-none-eabi/4.9.3/armv7-m/crtbegin.o

.rel.dyn        0x00086674        0x0
 .rel.iplt      0x00000000        0x0 c:/program files (x86)/atmel/studio/7.0/toolchain/arm/arm-gnu-toolchain/bin/../lib/gcc/arm-none-eabi/4.9.3/armv7-m/crtbegin.o

.jcr            0x00086674        0x0
 .jcr           0x00086674        0x0 c:/program files (x86)/atmel/studio/7.0/toolchain/arm/arm-gnu-toolchain/bin/../lib/gcc/arm-none-eabi/4.9.3/armv7-m/crtbegin.o

.igot.plt       0x00086674        0x0
 .igot.plt      0x00000000        0x0 c:/program files (x86)/atmel/studio/7.0/toolchain/arm/arm-gnu-toolchain/bin/../lib/gcc/arm-none-eabi/4.9.3/armv7-m/crtbegin.o
                0x00086674                . = ALIGN (0x4)
                0x00086674                _etext = .

.relocate       0x20070000      0x9b8 load address 0x00086674
                0x20070000                . = ALIGN (0x4)
                0x20070000                _srelocate = .
 *(.ramfunc .ramfunc.*)
 .ramfunc       0x20070000      0x12c src/ASF/sam/utils/cmsis/sam3x/source/templates/system_sam3x.o
                0x20070000                SystemInit
                0x200700a4                system_init_flash
 *(.data .data.*)
 .data.B        0x2007012c       0x10 src/task_reg.o
                0x2007012c                B
 .data.uxCriticalNesting
                0x2007013c        0x4 src/ASF/thirdparty/freertos/freertos-7.3.0/source/portable/gcc/sam/port.o
 .data.xFreeBytesRemaining
                0x20070140        0x4 src/ASF/thirdparty/freertos/freertos-7.3.0/source/portable/memmang/heap_4.o
 .data.xNextTaskUnblockTime
                0x20070144        0x2 src/ASF/thirdparty/freertos/freertos-7.3.0/source/tasks.o
 .data.g_interrupt_enabled
                0x20070146        0x1 src/ASF/common/utils/interrupt/interrupt_sam_nvic.o
                0x20070146                g_interrupt_enabled
 *fill*         0x20070147        0x1 
 .data.SystemCoreClock
                0x20070148        0x4 src/ASF/sam/utils/cmsis/sam3x/source/templates/system_sam3x.o
                0x20070148                SystemCoreClock
 .data.variables
                0x2007014c        0x4 src/main.o
                0x2007014c                variables
 .data.impure_data
                0x20070150      0x428 c:/program files (x86)/atmel/studio/7.0/toolchain/arm/arm-gnu-toolchain/bin/../lib/gcc/arm-none-eabi/4.9.3/../../../../arm-none-eabi/lib/armv7-m\libc.a(lib_a-impure.o)
 .data._impure_ptr
                0x20070578        0x4 c:/program files (x86)/atmel/studio/7.0/toolchain/arm/arm-gnu-toolchain/bin/../lib/gcc/arm-none-eabi/4.9.3/../../../../arm-none-eabi/lib/armv7-m\libc.a(lib_a-impure.o)
                0x20070578                _impure_ptr
 .data.__ctype_ptr__
                0x2007057c        0x4 c:/program files (x86)/atmel/studio/7.0/toolchain/arm/arm-gnu-toolchain/bin/../lib/gcc/arm-none-eabi/4.9.3/../../../../arm-none-eabi/lib/armv7-m\libc.a(lib_a-ctype_.o)
                0x2007057c                __ctype_ptr__
 .data.lc_ctype_charset
                0x20070580       0x20 c:/program files (x86)/atmel/studio/7.0/toolchain/arm/arm-gnu-toolchain/bin/../lib/gcc/arm-none-eabi/4.9.3/../../../../arm-none-eabi/lib/armv7-m\libc.a(lib_a-locale.o)
 .data.__mb_cur_max
                0x200705a0        0x4 c:/program files (x86)/atmel/studio/7.0/toolchain/arm/arm-gnu-toolchain/bin/../lib/gcc/arm-none-eabi/4.9.3/../../../../arm-none-eabi/lib/armv7-m\libc.a(lib_a-locale.o)
                0x200705a0                __mb_cur_max
 .data.__malloc_av_
                0x200705a4      0x408 c:/program files (x86)/atmel/studio/7.0/toolchain/arm/arm-gnu-toolchain/bin/../lib/gcc/arm-none-eabi/4.9.3/../../../../arm-none-eabi/lib/armv7-m\libc.a(lib_a-mallocr.o)
                0x200705a4                __malloc_av_
 .data.__malloc_trim_threshold
                0x200709ac        0x4 c:/program files (x86)/atmel/studio/7.0/toolchain/arm/arm-gnu-toolchain/bin/../lib/gcc/arm-none-eabi/4.9.3/../../../../arm-none-eabi/lib/armv7-m\libc.a(lib_a-mallocr.o)
                0x200709ac                __malloc_trim_threshold
 .data.__malloc_sbrk_base
                0x200709b0        0x4 c:/program files (x86)/atmel/studio/7.0/toolchain/arm/arm-gnu-toolchain/bin/../lib/gcc/arm-none-eabi/4.9.3/../../../../arm-none-eabi/lib/armv7-m\libc.a(lib_a-mallocr.o)
                0x200709b0                __malloc_sbrk_base
 .data.__wctomb
                0x200709b4        0x4 c:/program files (x86)/atmel/studio/7.0/toolchain/arm/arm-gnu-toolchain/bin/../lib/gcc/arm-none-eabi/4.9.3/../../../../arm-none-eabi/lib/armv7-m\libc.a(lib_a-wctomb_r.o)
                0x200709b4                __wctomb
                0x200709b8                . = ALIGN (0x4)
                0x200709b8                _erelocate = .

.bss            0x200709b8     0x843c load address 0x00087030
                0x200709b8                . = ALIGN (0x4)
                0x200709b8                _sbss = .
                0x200709b8                _szero = .
 *(.bss .bss.*)
 .bss           0x200709b8       0x1c c:/program files (x86)/atmel/studio/7.0/toolchain/arm/arm-gnu-toolchain/bin/../lib/gcc/arm-none-eabi/4.9.3/armv7-m/crtbegin.o
 .bss.serial_rx_buf
                0x200709d4       0x9c src/ASF/thirdparty/wireless/addons/sio2host/uart/sio2host.o
 .bss.serial_rx_buf_tail
                0x20070a70        0x1 src/ASF/thirdparty/wireless/addons/sio2host/uart/sio2host.o
 *fill*         0x20070a71        0x3 
 .bss.pwm_instance
                0x20070a74       0x28 src/pwm_io.o
 .bss.xbuff.8998
                0x20070a9c       0x10 src/task_reg.o
 *fill*         0x20070aac        0x4 
 .bss.xHeap     0x20070ab0     0x8000 src/ASF/thirdparty/freertos/freertos-7.3.0/source/portable/memmang/heap_4.o
 .bss.pxEnd     0x20078ab0        0x4 src/ASF/thirdparty/freertos/freertos-7.3.0/source/portable/memmang/heap_4.o
 .bss.xStart    0x20078ab4        0x8 src/ASF/thirdparty/freertos/freertos-7.3.0/source/portable/memmang/heap_4.o
 .bss.uxMissedTicks
                0x20078abc        0x4 src/ASF/thirdparty/freertos/freertos-7.3.0/source/tasks.o
 .bss.xSuspendedTaskList
                0x20078ac0       0x14 src/ASF/thirdparty/freertos/freertos-7.3.0/source/tasks.o
 .bss.pxDelayedTaskList
                0x20078ad4        0x4 src/ASF/thirdparty/freertos/freertos-7.3.0/source/tasks.o
 .bss.xSchedulerRunning
                0x20078ad8        0x4 src/ASF/thirdparty/freertos/freertos-7.3.0/source/tasks.o
 .bss.uxTasksDeleted
                0x20078adc        0x4 src/ASF/thirdparty/freertos/freertos-7.3.0/source/tasks.o
 .bss.xDelayedTaskList1
                0x20078ae0       0x14 src/ASF/thirdparty/freertos/freertos-7.3.0/source/tasks.o
 .bss.xDelayedTaskList2
                0x20078af4       0x14 src/ASF/thirdparty/freertos/freertos-7.3.0/source/tasks.o
 .bss.uxTopReadyPriority
                0x20078b08        0x4 src/ASF/thirdparty/freertos/freertos-7.3.0/source/tasks.o
 .bss.pxReadyTasksLists
                0x20078b0c       0xc8 src/ASF/thirdparty/freertos/freertos-7.3.0/source/tasks.o
 .bss.xTasksWaitingTermination
                0x20078bd4       0x14 src/ASF/thirdparty/freertos/freertos-7.3.0/source/tasks.o
 .bss.xNumOfOverflows
                0x20078be8        0x4 src/ASF/thirdparty/freertos/freertos-7.3.0/source/tasks.o
 .bss.pxCurrentTCB
                0x20078bec        0x4 src/ASF/thirdparty/freertos/freertos-7.3.0/source/tasks.o
                0x20078bec                pxCurrentTCB
 .bss.xPendingReadyList
                0x20078bf0       0x14 src/ASF/thirdparty/freertos/freertos-7.3.0/source/tasks.o
 .bss.uxSchedulerSuspended
                0x20078c04        0x4 src/ASF/thirdparty/freertos/freertos-7.3.0/source/tasks.o
 .bss.xTickCount
                0x20078c08        0x2 src/ASF/thirdparty/freertos/freertos-7.3.0/source/tasks.o
 *fill*         0x20078c0a        0x2 
 .bss.pxOverflowDelayedTaskList
                0x20078c0c        0x4 src/ASF/thirdparty/freertos/freertos-7.3.0/source/tasks.o
 .bss.uxTaskNumber
                0x20078c10        0x4 src/ASF/thirdparty/freertos/freertos-7.3.0/source/tasks.o
 .bss.uxCurrentNumberOfTasks
                0x20078c14        0x4 src/ASF/thirdparty/freertos/freertos-7.3.0/source/tasks.o
 .bss.xMissedYield
                0x20078c18        0x4 src/ASF/thirdparty/freertos/freertos-7.3.0/source/tasks.o
 .bss.uxTopUsedPriority
                0x20078c1c        0x4 src/ASF/thirdparty/freertos/freertos-7.3.0/source/tasks.o
 .bss.pxCurrentTimerList
                0x20078c20        0x4 src/ASF/thirdparty/freertos/freertos-7.3.0/source/timers.o
 .bss.xActiveTimerList1
                0x20078c24       0x14 src/ASF/thirdparty/freertos/freertos-7.3.0/source/timers.o
 .bss.xActiveTimerList2
                0x20078c38       0x14 src/ASF/thirdparty/freertos/freertos-7.3.0/source/timers.o
 .bss.xLastTime.4499
                0x20078c4c        0x2 src/ASF/thirdparty/freertos/freertos-7.3.0/source/timers.o
 *fill*         0x20078c4e        0x2 
 .bss.xTimerQueue
                0x20078c50        0x4 src/ASF/thirdparty/freertos/freertos-7.3.0/source/timers.o
 .bss.pxOverflowTimerList
                0x20078c54        0x4 src/ASF/thirdparty/freertos/freertos-7.3.0/source/timers.o
 .bss.gs_interrupt_sources
                0x20078c58       0x70 src/ASF/sam/drivers/pio/pio_handler.o
 .bss.heap.5212
                0x20078cc8        0x4 src/ASF/sam/utils/syscalls/gcc/syscalls.o
 .bss.ut_varde  0x20078ccc        0x2 src/main.o
                0x20078ccc                ut_varde
 *fill*         0x20078cce        0x2 
 .bss.adc_val_in_mm
                0x20078cd0       0xc8 src/main.o
                0x20078cd0                adc_val_in_mm
 .bss.fel_varde
                0x20078d98        0x2 src/main.o
                0x20078d98                fel_varde
 .bss.mat_varde
                0x20078d9a        0x2 src/main.o
                0x20078d9a                mat_varde
 .bss.__malloc_max_total_mem
                0x20078d9c        0x4 c:/program files (x86)/atmel/studio/7.0/toolchain/arm/arm-gnu-toolchain/bin/../lib/gcc/arm-none-eabi/4.9.3/../../../../arm-none-eabi/lib/armv7-m\libc.a(lib_a-mallocr.o)
                0x20078d9c                __malloc_max_total_mem
 .bss.__malloc_max_sbrked_mem
                0x20078da0        0x4 c:/program files (x86)/atmel/studio/7.0/toolchain/arm/arm-gnu-toolchain/bin/../lib/gcc/arm-none-eabi/4.9.3/../../../../arm-none-eabi/lib/armv7-m\libc.a(lib_a-mallocr.o)
                0x20078da0                __malloc_max_sbrked_mem
 .bss.__malloc_top_pad
                0x20078da4        0x4 c:/program files (x86)/atmel/studio/7.0/toolchain/arm/arm-gnu-toolchain/bin/../lib/gcc/arm-none-eabi/4.9.3/../../../../arm-none-eabi/lib/armv7-m\libc.a(lib_a-mallocr.o)
                0x20078da4                __malloc_top_pad
 .bss.__malloc_current_mallinfo
                0x20078da8       0x28 c:/program files (x86)/atmel/studio/7.0/toolchain/arm/arm-gnu-toolchain/bin/../lib/gcc/arm-none-eabi/4.9.3/../../../../arm-none-eabi/lib/armv7-m\libc.a(lib_a-mallocr.o)
                0x20078da8                __malloc_current_mallinfo
 *(COMMON)
 COMMON         0x20078dd0        0x4 src/ASF/common/utils/stdio/read.o
                0x20078dd0                ptr_get
 COMMON         0x20078dd4        0x8 src/ASF/common/utils/stdio/write.o
                0x20078dd4                ptr_put
                0x20078dd8                stdio_base
 COMMON         0x20078ddc       0x12 src/main.o
                0x20078ddc                timer
                0x20078de0                p_varde
                0x20078de4                i_varde
                0x20078de8                d_varde
                0x20078dec                bor_varde
 *fill*         0x20078dee        0x2 
 COMMON         0x20078df0        0x4 c:/program files (x86)/atmel/studio/7.0/toolchain/arm/arm-gnu-toolchain/bin/../lib/gcc/arm-none-eabi/4.9.3/../../../../arm-none-eabi/lib/armv7-m\libc.a(lib_a-reent.o)
                0x20078df0                errno
                0x20078df4                . = ALIGN (0x4)
                0x20078df4                _ebss = .
                0x20078df4                _ezero = .

.stack          0x20078df4     0x2004 load address 0x0008f46c
                0x20078df8                . = ALIGN (0x8)
 *fill*         0x20078df4        0x4 
                0x20078df8                _sstack = .
                0x2007adf8                . = (. + __stack_size__)
 *fill*         0x20078df8     0x2000 
                0x2007adf8                . = ALIGN (0x8)
                0x2007adf8                _estack = .
                0x2007adf8                . = ALIGN (0x4)
                0x2007adf8                _end = .
OUTPUT(PingisprojektV2.elf elf32-littlearm)

.ARM.attributes
                0x00000000       0x29
 .ARM.attributes
                0x00000000       0x1d c:/program files (x86)/atmel/studio/7.0/toolchain/arm/arm-gnu-toolchain/bin/../lib/gcc/arm-none-eabi/4.9.3/armv7-m/crti.o
 .ARM.attributes
                0x0000001d       0x2d c:/program files (x86)/atmel/studio/7.0/toolchain/arm/arm-gnu-toolchain/bin/../lib/gcc/arm-none-eabi/4.9.3/armv7-m/crtbegin.o
 .ARM.attributes
                0x0000004a       0x33 src/adc_io.o
 .ARM.attributes
                0x0000007d       0x33 src/ASF/common/utils/stdio/read.o
 .ARM.attributes
                0x000000b0       0x33 src/ASF/sam/drivers/adc/adc.o
 .ARM.attributes
                0x000000e3       0x33 src/ASF/sam/drivers/usart/usart.o
 .ARM.attributes
                0x00000116       0x33 src/ASF/thirdparty/wireless/addons/sio2host/uart/sio2host.o
 .ARM.attributes
                0x00000149       0x33 src/pwm_io.o
 .ARM.attributes
                0x0000017c       0x33 src/task_com.o
 .ARM.attributes
                0x000001af       0x33 src/task_reg.o
 .ARM.attributes
                0x000001e2       0x33 src/uart_SR.o
 .ARM.attributes
                0x00000215       0x33 src/ASF/thirdparty/freertos/freertos-7.3.0/source/list.o
 .ARM.attributes
                0x00000248       0x33 src/ASF/thirdparty/freertos/freertos-7.3.0/source/portable/gcc/sam/port.o
 .ARM.attributes
                0x0000027b       0x33 src/ASF/thirdparty/freertos/freertos-7.3.0/source/portable/memmang/heap_4.o
 .ARM.attributes
                0x000002ae       0x33 src/ASF/thirdparty/freertos/freertos-7.3.0/source/queue.o
 .ARM.attributes
                0x000002e1       0x33 src/ASF/thirdparty/freertos/freertos-7.3.0/source/tasks.o
 .ARM.attributes
                0x00000314       0x33 src/ASF/thirdparty/freertos/freertos-7.3.0/source/timers.o
 .ARM.attributes
                0x00000347       0x33 src/ASF/common/utils/stdio/write.o
 .ARM.attributes
                0x0000037a       0x33 src/ASF/common/services/serial/usart_serial.o
 .ARM.attributes
                0x000003ad       0x33 src/ASF/sam/drivers/pwm/pwm.o
 .ARM.attributes
                0x000003e0       0x33 src/ASF/sam/drivers/uart/uart.o
 .ARM.attributes
                0x00000413       0x33 src/ASF/common/services/clock/sam3x/sysclk.o
 .ARM.attributes
                0x00000446       0x33 src/ASF/common/utils/interrupt/interrupt_sam_nvic.o
 .ARM.attributes
                0x00000479       0x33 src/ASF/sam/boards/arduino_due_x/init.o
 .ARM.attributes
                0x000004ac       0x33 src/ASF/sam/drivers/pio/pio.o
 .ARM.attributes
                0x000004df       0x33 src/ASF/sam/drivers/pio/pio_handler.o
 .ARM.attributes
                0x00000512       0x33 src/ASF/sam/drivers/pmc/pmc.o
 .ARM.attributes
                0x00000545       0x33 src/ASF/sam/utils/cmsis/sam3x/source/templates/exceptions.o
 .ARM.attributes
                0x00000578       0x33 src/ASF/sam/utils/cmsis/sam3x/source/templates/gcc/startup_sam3x.o
 .ARM.attributes
                0x000005ab       0x33 src/ASF/sam/utils/cmsis/sam3x/source/templates/system_sam3x.o
 .ARM.attributes
                0x000005de       0x33 src/ASF/sam/utils/syscalls/gcc/syscalls.o
 .ARM.attributes
                0x00000611       0x33 src/main.o
 .ARM.attributes
                0x00000644       0x1d c:/program files (x86)/atmel/studio/7.0/toolchain/arm/arm-gnu-toolchain/bin/../lib/gcc/arm-none-eabi/4.9.3/armv7-m\libgcc.a(_arm_addsubsf3.o)
 .ARM.attributes
                0x00000661       0x1d c:/program files (x86)/atmel/studio/7.0/toolchain/arm/arm-gnu-toolchain/bin/../lib/gcc/arm-none-eabi/4.9.3/armv7-m\libgcc.a(_arm_muldivsf3.o)
 .ARM.attributes
                0x0000067e       0x1d c:/program files (x86)/atmel/studio/7.0/toolchain/arm/arm-gnu-toolchain/bin/../lib/gcc/arm-none-eabi/4.9.3/armv7-m\libgcc.a(_arm_cmpsf2.o)
 .ARM.attributes
                0x0000069b       0x1d c:/program files (x86)/atmel/studio/7.0/toolchain/arm/arm-gnu-toolchain/bin/../lib/gcc/arm-none-eabi/4.9.3/armv7-m\libgcc.a(_arm_fixsfsi.o)
 .ARM.attributes
                0x000006b8       0x1d c:/program files (x86)/atmel/studio/7.0/toolchain/arm/arm-gnu-toolchain/bin/../lib/gcc/arm-none-eabi/4.9.3/armv7-m\libgcc.a(_arm_fixunssfsi.o)
 .ARM.attributes
                0x000006d5       0x2d c:/program files (x86)/atmel/studio/7.0/toolchain/arm/arm-gnu-toolchain/bin/../lib/gcc/arm-none-eabi/4.9.3/../../../../arm-none-eabi/lib/armv7-m\libc.a(lib_a-atoi.o)
 .ARM.attributes
                0x00000702       0x2d c:/program files (x86)/atmel/studio/7.0/toolchain/arm/arm-gnu-toolchain/bin/../lib/gcc/arm-none-eabi/4.9.3/../../../../arm-none-eabi/lib/armv7-m\libc.a(lib_a-gets.o)
 .ARM.attributes
                0x0000072f       0x2d c:/program files (x86)/atmel/studio/7.0/toolchain/arm/arm-gnu-toolchain/bin/../lib/gcc/arm-none-eabi/4.9.3/../../../../arm-none-eabi/lib/armv7-m\libc.a(lib_a-impure.o)
 .ARM.attributes
                0x0000075c       0x2d c:/program files (x86)/atmel/studio/7.0/toolchain/arm/arm-gnu-toolchain/bin/../lib/gcc/arm-none-eabi/4.9.3/../../../../arm-none-eabi/lib/armv7-m\libc.a(lib_a-init.o)
 .ARM.attributes
                0x00000789       0x2d c:/program files (x86)/atmel/studio/7.0/toolchain/arm/arm-gnu-toolchain/bin/../lib/gcc/arm-none-eabi/4.9.3/../../../../arm-none-eabi/lib/armv7-m\libc.a(lib_a-iprintf.o)
 .ARM.attributes
                0x000007b6       0x2d c:/program files (x86)/atmel/studio/7.0/toolchain/arm/arm-gnu-toolchain/bin/../lib/gcc/arm-none-eabi/4.9.3/../../../../arm-none-eabi/lib/armv7-m\libc.a(lib_a-itoa.o)
 .ARM.attributes
                0x000007e3       0x1b c:/program files (x86)/atmel/studio/7.0/toolchain/arm/arm-gnu-toolchain/bin/../lib/gcc/arm-none-eabi/4.9.3/../../../../arm-none-eabi/lib/armv7-m\libc.a(lib_a-memcpy.o)
 .ARM.attributes
                0x000007fe       0x2d c:/program files (x86)/atmel/studio/7.0/toolchain/arm/arm-gnu-toolchain/bin/../lib/gcc/arm-none-eabi/4.9.3/../../../../arm-none-eabi/lib/armv7-m\libc.a(lib_a-memset.o)
 .ARM.attributes
                0x0000082b       0x2d c:/program files (x86)/atmel/studio/7.0/toolchain/arm/arm-gnu-toolchain/bin/../lib/gcc/arm-none-eabi/4.9.3/../../../../arm-none-eabi/lib/armv7-m\libc.a(lib_a-rget.o)
 .ARM.attributes
                0x00000858       0x2d c:/program files (x86)/atmel/studio/7.0/toolchain/arm/arm-gnu-toolchain/bin/../lib/gcc/arm-none-eabi/4.9.3/../../../../arm-none-eabi/lib/armv7-m\libc.a(lib_a-setbuf.o)
 .ARM.attributes
                0x00000885       0x2d c:/program files (x86)/atmel/studio/7.0/toolchain/arm/arm-gnu-toolchain/bin/../lib/gcc/arm-none-eabi/4.9.3/../../../../arm-none-eabi/lib/armv7-m\libc.a(lib_a-setvbuf.o)
 .ARM.attributes
                0x000008b2       0x2d c:/program files (x86)/atmel/studio/7.0/toolchain/arm/arm-gnu-toolchain/bin/../lib/gcc/arm-none-eabi/4.9.3/../../../../arm-none-eabi/lib/armv7-m\libc.a(lib_a-strlen.o)
 .ARM.attributes
                0x000008df       0x2d c:/program files (x86)/atmel/studio/7.0/toolchain/arm/arm-gnu-toolchain/bin/../lib/gcc/arm-none-eabi/4.9.3/../../../../arm-none-eabi/lib/armv7-m\libc.a(lib_a-strncpy.o)
 .ARM.attributes
                0x0000090c       0x2d c:/program files (x86)/atmel/studio/7.0/toolchain/arm/arm-gnu-toolchain/bin/../lib/gcc/arm-none-eabi/4.9.3/../../../../arm-none-eabi/lib/armv7-m\libc.a(lib_a-strtol.o)
 .ARM.attributes
                0x00000939       0x2d c:/program files (x86)/atmel/studio/7.0/toolchain/arm/arm-gnu-toolchain/bin/../lib/gcc/arm-none-eabi/4.9.3/../../../../arm-none-eabi/lib/armv7-m\libc.a(lib_a-utoa.o)
 .ARM.attributes
                0x00000966       0x2d c:/program files (x86)/atmel/studio/7.0/toolchain/arm/arm-gnu-toolchain/bin/../lib/gcc/arm-none-eabi/4.9.3/../../../../arm-none-eabi/lib/armv7-m\libc.a(lib_a-vfiprintf.o)
 .ARM.attributes
                0x00000993       0x2d c:/program files (x86)/atmel/studio/7.0/toolchain/arm/arm-gnu-toolchain/bin/../lib/gcc/arm-none-eabi/4.9.3/../../../../arm-none-eabi/lib/armv7-m\libc.a(lib_a-wsetup.o)
 .ARM.attributes
                0x000009c0       0x2d c:/program files (x86)/atmel/studio/7.0/toolchain/arm/arm-gnu-toolchain/bin/../lib/gcc/arm-none-eabi/4.9.3/../../../../arm-none-eabi/lib/armv7-m\libc.a(lib_a-__call_atexit.o)
 .ARM.attributes
                0x000009ed       0x2d c:/program files (x86)/atmel/studio/7.0/toolchain/arm/arm-gnu-toolchain/bin/../lib/gcc/arm-none-eabi/4.9.3/../../../../arm-none-eabi/lib/armv7-m\libc.a(lib_a-atexit.o)
 .ARM.attributes
                0x00000a1a       0x2d c:/program files (x86)/atmel/studio/7.0/toolchain/arm/arm-gnu-toolchain/bin/../lib/gcc/arm-none-eabi/4.9.3/../../../../arm-none-eabi/lib/armv7-m\libc.a(lib_a-ctype_.o)
 .ARM.attributes
                0x00000a47       0x2d c:/program files (x86)/atmel/studio/7.0/toolchain/arm/arm-gnu-toolchain/bin/../lib/gcc/arm-none-eabi/4.9.3/../../../../arm-none-eabi/lib/armv7-m\libc.a(lib_a-fflush.o)
 .ARM.attributes
                0x00000a74       0x2d c:/program files (x86)/atmel/studio/7.0/toolchain/arm/arm-gnu-toolchain/bin/../lib/gcc/arm-none-eabi/4.9.3/../../../../arm-none-eabi/lib/armv7-m\libc.a(lib_a-findfp.o)
 .ARM.attributes
                0x00000aa1       0x2d c:/program files (x86)/atmel/studio/7.0/toolchain/arm/arm-gnu-toolchain/bin/../lib/gcc/arm-none-eabi/4.9.3/../../../../arm-none-eabi/lib/armv7-m\libc.a(lib_a-fini.o)
 .ARM.attributes
                0x00000ace       0x2d c:/program files (x86)/atmel/studio/7.0/toolchain/arm/arm-gnu-toolchain/bin/../lib/gcc/arm-none-eabi/4.9.3/../../../../arm-none-eabi/lib/armv7-m\libc.a(lib_a-fputwc.o)
 .ARM.attributes
                0x00000afb       0x2d c:/program files (x86)/atmel/studio/7.0/toolchain/arm/arm-gnu-toolchain/bin/../lib/gcc/arm-none-eabi/4.9.3/../../../../arm-none-eabi/lib/armv7-m\libc.a(lib_a-freer.o)
 .ARM.attributes
                0x00000b28       0x2d c:/program files (x86)/atmel/studio/7.0/toolchain/arm/arm-gnu-toolchain/bin/../lib/gcc/arm-none-eabi/4.9.3/../../../../arm-none-eabi/lib/armv7-m\libc.a(lib_a-fvwrite.o)
 .ARM.attributes
                0x00000b55       0x2d c:/program files (x86)/atmel/studio/7.0/toolchain/arm/arm-gnu-toolchain/bin/../lib/gcc/arm-none-eabi/4.9.3/../../../../arm-none-eabi/lib/armv7-m\libc.a(lib_a-fwalk.o)
 .ARM.attributes
                0x00000b82       0x2d c:/program files (x86)/atmel/studio/7.0/toolchain/arm/arm-gnu-toolchain/bin/../lib/gcc/arm-none-eabi/4.9.3/../../../../arm-none-eabi/lib/armv7-m\libc.a(lib_a-locale.o)
 .ARM.attributes
                0x00000baf       0x2d c:/program files (x86)/atmel/studio/7.0/toolchain/arm/arm-gnu-toolchain/bin/../lib/gcc/arm-none-eabi/4.9.3/../../../../arm-none-eabi/lib/armv7-m\libc.a(lib_a-makebuf.o)
 .ARM.attributes
                0x00000bdc       0x2d c:/program files (x86)/atmel/studio/7.0/toolchain/arm/arm-gnu-toolchain/bin/../lib/gcc/arm-none-eabi/4.9.3/../../../../arm-none-eabi/lib/armv7-m\libc.a(lib_a-malloc.o)
 .ARM.attributes
                0x00000c09       0x2d c:/program files (x86)/atmel/studio/7.0/toolchain/arm/arm-gnu-toolchain/bin/../lib/gcc/arm-none-eabi/4.9.3/../../../../arm-none-eabi/lib/armv7-m\libc.a(lib_a-mallocr.o)
 .ARM.attributes
                0x00000c36       0x2d c:/program files (x86)/atmel/studio/7.0/toolchain/arm/arm-gnu-toolchain/bin/../lib/gcc/arm-none-eabi/4.9.3/../../../../arm-none-eabi/lib/armv7-m\libc.a(lib_a-memchr.o)
 .ARM.attributes
                0x00000c63       0x2d c:/program files (x86)/atmel/studio/7.0/toolchain/arm/arm-gnu-toolchain/bin/../lib/gcc/arm-none-eabi/4.9.3/../../../../arm-none-eabi/lib/armv7-m\libc.a(lib_a-memmove.o)
 .ARM.attributes
                0x00000c90       0x2d c:/program files (x86)/atmel/studio/7.0/toolchain/arm/arm-gnu-toolchain/bin/../lib/gcc/arm-none-eabi/4.9.3/../../../../arm-none-eabi/lib/armv7-m\libc.a(lib_a-mlock.o)
 .ARM.attributes
                0x00000cbd       0x2d c:/program files (x86)/atmel/studio/7.0/toolchain/arm/arm-gnu-toolchain/bin/../lib/gcc/arm-none-eabi/4.9.3/../../../../arm-none-eabi/lib/armv7-m\libc.a(lib_a-reallocr.o)
 .ARM.attributes
                0x00000cea       0x2d c:/program files (x86)/atmel/studio/7.0/toolchain/arm/arm-gnu-toolchain/bin/../lib/gcc/arm-none-eabi/4.9.3/../../../../arm-none-eabi/lib/armv7-m\libc.a(lib_a-refill.o)
 .ARM.attributes
                0x00000d17       0x2d c:/program files (x86)/atmel/studio/7.0/toolchain/arm/arm-gnu-toolchain/bin/../lib/gcc/arm-none-eabi/4.9.3/../../../../arm-none-eabi/lib/armv7-m\libc.a(lib_a-sbrkr.o)
 .ARM.attributes
                0x00000d44       0x2d c:/program files (x86)/atmel/studio/7.0/toolchain/arm/arm-gnu-toolchain/bin/../lib/gcc/arm-none-eabi/4.9.3/../../../../arm-none-eabi/lib/armv7-m\libc.a(lib_a-stdio.o)
 .ARM.attributes
                0x00000d71       0x2d c:/program files (x86)/atmel/studio/7.0/toolchain/arm/arm-gnu-toolchain/bin/../lib/gcc/arm-none-eabi/4.9.3/../../../../arm-none-eabi/lib/armv7-m\libc.a(lib_a-wbuf.o)
 .ARM.attributes
                0x00000d9e       0x2d c:/program files (x86)/atmel/studio/7.0/toolchain/arm/arm-gnu-toolchain/bin/../lib/gcc/arm-none-eabi/4.9.3/../../../../arm-none-eabi/lib/armv7-m\libc.a(lib_a-wcrtomb.o)
 .ARM.attributes
                0x00000dcb       0x2d c:/program files (x86)/atmel/studio/7.0/toolchain/arm/arm-gnu-toolchain/bin/../lib/gcc/arm-none-eabi/4.9.3/../../../../arm-none-eabi/lib/armv7-m\libc.a(lib_a-wctomb_r.o)
 .ARM.attributes
                0x00000df8       0x2d c:/program files (x86)/atmel/studio/7.0/toolchain/arm/arm-gnu-toolchain/bin/../lib/gcc/arm-none-eabi/4.9.3/../../../../arm-none-eabi/lib/armv7-m\libc.a(lib_a-writer.o)
 .ARM.attributes
                0x00000e25       0x2d c:/program files (x86)/atmel/studio/7.0/toolchain/arm/arm-gnu-toolchain/bin/../lib/gcc/arm-none-eabi/4.9.3/../../../../arm-none-eabi/lib/armv7-m\libc.a(lib_a-__atexit.o)
 .ARM.attributes
                0x00000e52       0x2d c:/program files (x86)/atmel/studio/7.0/toolchain/arm/arm-gnu-toolchain/bin/../lib/gcc/arm-none-eabi/4.9.3/../../../../arm-none-eabi/lib/armv7-m\libc.a(lib_a-closer.o)
 .ARM.attributes
                0x00000e7f       0x2d c:/program files (x86)/atmel/studio/7.0/toolchain/arm/arm-gnu-toolchain/bin/../lib/gcc/arm-none-eabi/4.9.3/../../../../arm-none-eabi/lib/armv7-m\libc.a(lib_a-fclose.o)
 .ARM.attributes
                0x00000eac       0x2d c:/program files (x86)/atmel/studio/7.0/toolchain/arm/arm-gnu-toolchain/bin/../lib/gcc/arm-none-eabi/4.9.3/../../../../arm-none-eabi/lib/armv7-m\libc.a(lib_a-fstatr.o)
 .ARM.attributes
                0x00000ed9       0x2d c:/program files (x86)/atmel/studio/7.0/toolchain/arm/arm-gnu-toolchain/bin/../lib/gcc/arm-none-eabi/4.9.3/../../../../arm-none-eabi/lib/armv7-m\libc.a(lib_a-isattyr.o)
 .ARM.attributes
                0x00000f06       0x2d c:/program files (x86)/atmel/studio/7.0/toolchain/arm/arm-gnu-toolchain/bin/../lib/gcc/arm-none-eabi/4.9.3/../../../../arm-none-eabi/lib/armv7-m\libc.a(lib_a-lseekr.o)
 .ARM.attributes
                0x00000f33       0x2d c:/program files (x86)/atmel/studio/7.0/toolchain/arm/arm-gnu-toolchain/bin/../lib/gcc/arm-none-eabi/4.9.3/../../../../arm-none-eabi/lib/armv7-m\libc.a(lib_a-readr.o)
 .ARM.attributes
                0x00000f60       0x2d c:/program files (x86)/atmel/studio/7.0/toolchain/arm/arm-gnu-toolchain/bin/../lib/gcc/arm-none-eabi/4.9.3/../../../../arm-none-eabi/lib/armv7-m\libc.a(lib_a-reent.o)
 .ARM.attributes
                0x00000f8d       0x1d c:/program files (x86)/atmel/studio/7.0/toolchain/arm/arm-gnu-toolchain/bin/../lib/gcc/arm-none-eabi/4.9.3/armv7-m\libgcc.a(_aeabi_uldivmod.o)
 .ARM.attributes
                0x00000faa       0x2d c:/program files (x86)/atmel/studio/7.0/toolchain/arm/arm-gnu-toolchain/bin/../lib/gcc/arm-none-eabi/4.9.3/armv7-m\libgcc.a(bpabi.o)
 .ARM.attributes
                0x00000fd7       0x1d c:/program files (x86)/atmel/studio/7.0/toolchain/arm/arm-gnu-toolchain/bin/../lib/gcc/arm-none-eabi/4.9.3/armv7-m\libgcc.a(_dvmd_tls.o)
 .ARM.attributes
                0x00000ff4       0x2d c:/program files (x86)/atmel/studio/7.0/toolchain/arm/arm-gnu-toolchain/bin/../lib/gcc/arm-none-eabi/4.9.3/armv7-m\libgcc.a(_divdi3.o)
 .ARM.attributes
                0x00001021       0x2d c:/program files (x86)/atmel/studio/7.0/toolchain/arm/arm-gnu-toolchain/bin/../lib/gcc/arm-none-eabi/4.9.3/armv7-m\libgcc.a(_udivdi3.o)
 .ARM.attributes
                0x0000104e       0x1d c:/program files (x86)/atmel/studio/7.0/toolchain/arm/arm-gnu-toolchain/bin/../lib/gcc/arm-none-eabi/4.9.3/armv7-m/crtn.o

.comment        0x00000000       0x5b
 .comment       0x00000000       0x5b src/adc_io.o
                                 0x5c (size before relaxing)
 .comment       0x00000000       0x5c src/ASF/common/utils/stdio/read.o
 .comment       0x00000000       0x5c src/ASF/sam/drivers/adc/adc.o
 .comment       0x00000000       0x5c src/ASF/sam/drivers/usart/usart.o
 .comment       0x00000000       0x5c src/ASF/thirdparty/wireless/addons/sio2host/uart/sio2host.o
 .comment       0x00000000       0x5c src/pwm_io.o
 .comment       0x00000000       0x5c src/task_com.o
 .comment       0x00000000       0x5c src/task_reg.o
 .comment       0x00000000       0x5c src/uart_SR.o
 .comment       0x00000000       0x5c src/ASF/thirdparty/freertos/freertos-7.3.0/source/list.o
 .comment       0x00000000       0x5c src/ASF/thirdparty/freertos/freertos-7.3.0/source/portable/gcc/sam/port.o
 .comment       0x00000000       0x5c src/ASF/thirdparty/freertos/freertos-7.3.0/source/portable/memmang/heap_4.o
 .comment       0x00000000       0x5c src/ASF/thirdparty/freertos/freertos-7.3.0/source/queue.o
 .comment       0x00000000       0x5c src/ASF/thirdparty/freertos/freertos-7.3.0/source/tasks.o
 .comment       0x00000000       0x5c src/ASF/thirdparty/freertos/freertos-7.3.0/source/timers.o
 .comment       0x00000000       0x5c src/ASF/common/utils/stdio/write.o
 .comment       0x00000000       0x5c src/ASF/common/services/serial/usart_serial.o
 .comment       0x00000000       0x5c src/ASF/sam/drivers/pwm/pwm.o
 .comment       0x00000000       0x5c src/ASF/sam/drivers/uart/uart.o
 .comment       0x00000000       0x5c src/ASF/common/services/clock/sam3x/sysclk.o
 .comment       0x00000000       0x5c src/ASF/common/utils/interrupt/interrupt_sam_nvic.o
 .comment       0x00000000       0x5c src/ASF/sam/boards/arduino_due_x/init.o
 .comment       0x00000000       0x5c src/ASF/sam/drivers/pio/pio.o
 .comment       0x00000000       0x5c src/ASF/sam/drivers/pio/pio_handler.o
 .comment       0x00000000       0x5c src/ASF/sam/drivers/pmc/pmc.o
 .comment       0x00000000       0x5c src/ASF/sam/utils/cmsis/sam3x/source/templates/exceptions.o
 .comment       0x00000000       0x5c src/ASF/sam/utils/cmsis/sam3x/source/templates/gcc/startup_sam3x.o
 .comment       0x00000000       0x5c src/ASF/sam/utils/cmsis/sam3x/source/templates/system_sam3x.o
 .comment       0x00000000       0x5c src/ASF/sam/utils/syscalls/gcc/syscalls.o
 .comment       0x00000000       0x5c src/main.o

.debug_info     0x00000000    0x1672e
 .debug_info    0x00000000      0xec4 src/adc_io.o
 .debug_info    0x00000ec4      0x1be src/ASF/common/utils/stdio/read.o
 .debug_info    0x00001082     0x118c src/ASF/sam/drivers/adc/adc.o
 .debug_info    0x0000220e     0x1bfa src/ASF/sam/drivers/usart/usart.o
 .debug_info    0x00003e08     0x187d src/ASF/thirdparty/wireless/addons/sio2host/uart/sio2host.o
 .debug_info    0x00005685     0x16eb src/pwm_io.o
 .debug_info    0x00006d70      0xc41 src/task_com.o
 .debug_info    0x000079b1     0x10ab src/task_reg.o
 .debug_info    0x00008a5c     0x1441 src/uart_SR.o
 .debug_info    0x00009e9d      0x2b7 src/ASF/thirdparty/freertos/freertos-7.3.0/source/list.o
 .debug_info    0x0000a154      0x3a0 src/ASF/thirdparty/freertos/freertos-7.3.0/source/portable/gcc/sam/port.o
 .debug_info    0x0000a4f4      0x38d src/ASF/thirdparty/freertos/freertos-7.3.0/source/portable/memmang/heap_4.o
 .debug_info    0x0000a881      0xea8 src/ASF/thirdparty/freertos/freertos-7.3.0/source/queue.o
 .debug_info    0x0000b729     0x17f7 src/ASF/thirdparty/freertos/freertos-7.3.0/source/tasks.o
 .debug_info    0x0000cf20      0xb44 src/ASF/thirdparty/freertos/freertos-7.3.0/source/timers.o
 .debug_info    0x0000da64      0x1c0 src/ASF/common/utils/stdio/write.o
 .debug_info    0x0000dc24      0x7d2 src/ASF/common/services/serial/usart_serial.o
 .debug_info    0x0000e3f6     0x1564 src/ASF/sam/drivers/pwm/pwm.o
 .debug_info    0x0000f95a      0x889 src/ASF/sam/drivers/uart/uart.o
 .debug_info    0x000101e3      0x796 src/ASF/common/services/clock/sam3x/sysclk.o
 .debug_info    0x00010979      0x1e8 src/ASF/common/utils/interrupt/interrupt_sam_nvic.o
 .debug_info    0x00010b61      0x728 src/ASF/sam/boards/arduino_due_x/init.o
 .debug_info    0x00011289     0x1391 src/ASF/sam/drivers/pio/pio.o
 .debug_info    0x0001261a      0xe51 src/ASF/sam/drivers/pio/pio_handler.o
 .debug_info    0x0001346b     0x1078 src/ASF/sam/drivers/pmc/pmc.o
 .debug_info    0x000144e3      0x124 src/ASF/sam/utils/cmsis/sam3x/source/templates/exceptions.o
 .debug_info    0x00014607      0x3bd src/ASF/sam/utils/cmsis/sam3x/source/templates/gcc/startup_sam3x.o
 .debug_info    0x000149c4      0x4c6 src/ASF/sam/utils/cmsis/sam3x/source/templates/system_sam3x.o
 .debug_info    0x00014e8a      0x43f src/ASF/sam/utils/syscalls/gcc/syscalls.o
 .debug_info    0x000152c9     0x1465 src/main.o

.debug_abbrev   0x00000000     0x3d2a
 .debug_abbrev  0x00000000      0x233 src/adc_io.o
 .debug_abbrev  0x00000233      0x101 src/ASF/common/utils/stdio/read.o
 .debug_abbrev  0x00000334      0x235 src/ASF/sam/drivers/adc/adc.o
 .debug_abbrev  0x00000569      0x325 src/ASF/sam/drivers/usart/usart.o
 .debug_abbrev  0x0000088e      0x3da src/ASF/thirdparty/wireless/addons/sio2host/uart/sio2host.o
 .debug_abbrev  0x00000c68      0x285 src/pwm_io.o
 .debug_abbrev  0x00000eed      0x1e8 src/task_com.o
 .debug_abbrev  0x000010d5      0x292 src/task_reg.o
 .debug_abbrev  0x00001367      0x35f src/uart_SR.o
 .debug_abbrev  0x000016c6       0xfb src/ASF/thirdparty/freertos/freertos-7.3.0/source/list.o
 .debug_abbrev  0x000017c1      0x246 src/ASF/thirdparty/freertos/freertos-7.3.0/source/portable/gcc/sam/port.o
 .debug_abbrev  0x00001a07      0x220 src/ASF/thirdparty/freertos/freertos-7.3.0/source/portable/memmang/heap_4.o
 .debug_abbrev  0x00001c27      0x231 src/ASF/thirdparty/freertos/freertos-7.3.0/source/queue.o
 .debug_abbrev  0x00001e58      0x2d8 src/ASF/thirdparty/freertos/freertos-7.3.0/source/tasks.o
 .debug_abbrev  0x00002130      0x261 src/ASF/thirdparty/freertos/freertos-7.3.0/source/timers.o
 .debug_abbrev  0x00002391       0xf5 src/ASF/common/utils/stdio/write.o
 .debug_abbrev  0x00002486      0x1a8 src/ASF/common/services/serial/usart_serial.o
 .debug_abbrev  0x0000262e      0x240 src/ASF/sam/drivers/pwm/pwm.o
 .debug_abbrev  0x0000286e      0x1bd src/ASF/sam/drivers/uart/uart.o
 .debug_abbrev  0x00002a2b      0x227 src/ASF/common/services/clock/sam3x/sysclk.o
 .debug_abbrev  0x00002c52       0xef src/ASF/common/utils/interrupt/interrupt_sam_nvic.o
 .debug_abbrev  0x00002d41      0x16d src/ASF/sam/boards/arduino_due_x/init.o
 .debug_abbrev  0x00002eae      0x2d5 src/ASF/sam/drivers/pio/pio.o
 .debug_abbrev  0x00003183      0x257 src/ASF/sam/drivers/pio/pio_handler.o
 .debug_abbrev  0x000033da      0x268 src/ASF/sam/drivers/pmc/pmc.o
 .debug_abbrev  0x00003642       0x8c src/ASF/sam/utils/cmsis/sam3x/source/templates/exceptions.o
 .debug_abbrev  0x000036ce      0x118 src/ASF/sam/utils/cmsis/sam3x/source/templates/gcc/startup_sam3x.o
 .debug_abbrev  0x000037e6      0x115 src/ASF/sam/utils/cmsis/sam3x/source/templates/system_sam3x.o
 .debug_abbrev  0x000038fb      0x14e src/ASF/sam/utils/syscalls/gcc/syscalls.o
 .debug_abbrev  0x00003a49      0x2e1 src/main.o

.debug_loc      0x00000000     0x8f49
 .debug_loc     0x00000000       0x20 src/adc_io.o
 .debug_loc     0x00000020      0x107 src/ASF/common/utils/stdio/read.o
 .debug_loc     0x00000127      0x966 src/ASF/sam/drivers/adc/adc.o
 .debug_loc     0x00000a8d     0x1206 src/ASF/sam/drivers/usart/usart.o
 .debug_loc     0x00001c93      0x528 src/ASF/thirdparty/wireless/addons/sio2host/uart/sio2host.o
 .debug_loc     0x000021bb       0x84 src/pwm_io.o
 .debug_loc     0x0000223f       0x4d src/task_com.o
 .debug_loc     0x0000228c      0x21c src/task_reg.o
 .debug_loc     0x000024a8      0x2e1 src/uart_SR.o
 .debug_loc     0x00002789       0x91 src/ASF/thirdparty/freertos/freertos-7.3.0/source/list.o
 .debug_loc     0x0000281a      0x100 src/ASF/thirdparty/freertos/freertos-7.3.0/source/portable/gcc/sam/port.o
 .debug_loc     0x0000291a      0x370 src/ASF/thirdparty/freertos/freertos-7.3.0/source/portable/memmang/heap_4.o
 .debug_loc     0x00002c8a     0x1203 src/ASF/thirdparty/freertos/freertos-7.3.0/source/queue.o
 .debug_loc     0x00003e8d     0x14f7 src/ASF/thirdparty/freertos/freertos-7.3.0/source/tasks.o
 .debug_loc     0x00005384      0x955 src/ASF/thirdparty/freertos/freertos-7.3.0/source/timers.o
 .debug_loc     0x00005cd9      0x15d src/ASF/common/utils/stdio/write.o
 .debug_loc     0x00005e36      0x23d src/ASF/common/services/serial/usart_serial.o
 .debug_loc     0x00006073      0xc09 src/ASF/sam/drivers/pwm/pwm.o
 .debug_loc     0x00006c7c      0x242 src/ASF/sam/drivers/uart/uart.o
 .debug_loc     0x00006ebe      0x12d src/ASF/common/services/clock/sam3x/sysclk.o
 .debug_loc     0x00006feb       0x1e src/ASF/common/utils/interrupt/interrupt_sam_nvic.o
 .debug_loc     0x00007009       0x20 src/ASF/sam/boards/arduino_due_x/init.o
 .debug_loc     0x00007029      0xb20 src/ASF/sam/drivers/pio/pio.o
 .debug_loc     0x00007b49      0x573 src/ASF/sam/drivers/pio/pio_handler.o
 .debug_loc     0x000080bc      0xccc src/ASF/sam/drivers/pmc/pmc.o
 .debug_loc     0x00008d88       0x5e src/ASF/sam/utils/cmsis/sam3x/source/templates/gcc/startup_sam3x.o
 .debug_loc     0x00008de6      0x12b src/ASF/sam/utils/syscalls/gcc/syscalls.o
 .debug_loc     0x00008f11       0x38 src/main.o

.debug_aranges  0x00000000     0x1060
 .debug_aranges
                0x00000000       0x20 src/adc_io.o
 .debug_aranges
                0x00000020       0x20 src/ASF/common/utils/stdio/read.o
 .debug_aranges
                0x00000040      0x178 src/ASF/sam/drivers/adc/adc.o
 .debug_aranges
                0x000001b8      0x2a8 src/ASF/sam/drivers/usart/usart.o
 .debug_aranges
                0x00000460       0x60 src/ASF/thirdparty/wireless/addons/sio2host/uart/sio2host.o
 .debug_aranges
                0x000004c0       0x28 src/pwm_io.o
 .debug_aranges
                0x000004e8       0x20 src/task_com.o
 .debug_aranges
                0x00000508       0x28 src/task_reg.o
 .debug_aranges
                0x00000530       0x38 src/uart_SR.o
 .debug_aranges
                0x00000568       0x40 src/ASF/thirdparty/freertos/freertos-7.3.0/source/list.o
 .debug_aranges
                0x000005a8       0x80 src/ASF/thirdparty/freertos/freertos-7.3.0/source/portable/gcc/sam/port.o
 .debug_aranges
                0x00000628       0x40 src/ASF/thirdparty/freertos/freertos-7.3.0/source/portable/memmang/heap_4.o
 .debug_aranges
                0x00000668       0xc8 src/ASF/thirdparty/freertos/freertos-7.3.0/source/queue.o
 .debug_aranges
                0x00000730      0x130 src/ASF/thirdparty/freertos/freertos-7.3.0/source/tasks.o
 .debug_aranges
                0x00000860       0x60 src/ASF/thirdparty/freertos/freertos-7.3.0/source/timers.o
 .debug_aranges
                0x000008c0       0x20 src/ASF/common/utils/stdio/write.o
 .debug_aranges
                0x000008e0       0x28 src/ASF/common/services/serial/usart_serial.o
 .debug_aranges
                0x00000908      0x158 src/ASF/sam/drivers/pwm/pwm.o
 .debug_aranges
                0x00000a60       0xe8 src/ASF/sam/drivers/uart/uart.o
 .debug_aranges
                0x00000b48       0x40 src/ASF/common/services/clock/sam3x/sysclk.o
 .debug_aranges
                0x00000b88       0x28 src/ASF/common/utils/interrupt/interrupt_sam_nvic.o
 .debug_aranges
                0x00000bb0       0x20 src/ASF/sam/boards/arduino_due_x/init.o
 .debug_aranges
                0x00000bd0      0x148 src/ASF/sam/drivers/pio/pio.o
 .debug_aranges
                0x00000d18       0x58 src/ASF/sam/drivers/pio/pio_handler.o
 .debug_aranges
                0x00000d70      0x200 src/ASF/sam/drivers/pmc/pmc.o
 .debug_aranges
                0x00000f70       0x20 src/ASF/sam/utils/cmsis/sam3x/source/templates/exceptions.o
 .debug_aranges
                0x00000f90       0x20 src/ASF/sam/utils/cmsis/sam3x/source/templates/gcc/startup_sam3x.o
 .debug_aranges
                0x00000fb0       0x30 src/ASF/sam/utils/cmsis/sam3x/source/templates/system_sam3x.o
 .debug_aranges
                0x00000fe0       0x60 src/ASF/sam/utils/syscalls/gcc/syscalls.o
 .debug_aranges
                0x00001040       0x20 src/main.o

.debug_ranges   0x00000000      0xf20
 .debug_ranges  0x00000000       0x10 src/adc_io.o
 .debug_ranges  0x00000010       0x10 src/ASF/common/utils/stdio/read.o